Building FirstEngine...
Running CMake configuration...
Building project...
Build failed!
閫傜敤浜?.NET Framework MSBuild 鐗堟湰 17.14.23+b0019275e    FirstEngine_Python.vcxproj -> G:\AIHUMAN\WorkSpace\FirstEngine\build\bin\Release\FirstEngine_Python.dll   firstengine_python_module.vcxproj -> G:\AIHUMAN\WorkSpace\FirstEngine\build\bin\Release\firstengine.pyd   glfw.vcxproj -> G:\AIHUMAN\WorkSpace\FirstEngine\build\lib\Release\glfw3.lib   glm.vcxproj -> G:\AIHUMAN\WorkSpace\FirstEngine\build\lib\Release\glm.lib   FirstEngine_Core.vcxproj -> G:\AIHUMAN\WorkSpace\FirstEngine\build\bin\Release\FirstEngine_Core.dll   Auto build dll exports   FirstEngine_RHI.vcxproj -> G:\AIHUMAN\WorkSpace\FirstEngine\build\bin\Release\FirstEngine_RHI.dll   GenericCodeGen.vcxproj -> G:\AIHUMAN\WorkSpace\FirstEngine\build\lib\Release\GenericCodeGen.lib   OGLCompiler.vcxproj -> G:\AIHUMAN\WorkSpace\FirstEngine\build\lib\Release\OGLCompiler.lib   OSDependent.vcxproj -> G:\AIHUMAN\WorkSpace\FirstEngine\build\lib\Release\OSDependent.lib   MachineIndependent.vcxproj -> G:\AIHUMAN\WorkSpace\FirstEngine\build\lib\Release\MachineIndependent.lib   SPIRV.vcxproj -> G:\AIHUMAN\WorkSpace\FirstEngine\build\lib\Release\SPIRV.lib   glslang.vcxproj -> G:\AIHUMAN\WorkSpace\FirstEngine\build\lib\Release\glslang.lib   spirv-cross-core.vcxproj -> G:\AIHUMAN\WorkSpace\FirstEngine\build\lib\Release\spirv-cross-core.lib   spirv-cross-glsl.vcxproj -> G:\AIHUMAN\WorkSpace\FirstEngine\build\lib\Release\spirv-cross-glsl.lib   spirv-cross-hlsl.vcxproj -> G:\AIHUMAN\WorkSpace\FirstEngine\build\lib\Release\spirv-cross-hlsl.lib   spirv-cross-msl.vcxproj -> G:\AIHUMAN\WorkSpace\FirstEngine\build\lib\Release\spirv-cross-msl.lib   spirv-cross-reflect.vcxproj -> G:\AIHUMAN\WorkSpace\FirstEngine\build\lib\Release\spirv-cross-reflect.lib   spirv-cross-util.vcxproj -> G:\AIHUMAN\WorkSpace\FirstEngine\build\lib\Release\spirv-cross-util.lib   FirstEngine_Shader.vcxproj -> G:\AIHUMAN\WorkSpace\FirstEngine\build\bin\Release\FirstEngine_Shader.dll   zlibstatic.vcxproj -> G:\AIHUMAN\WorkSpace\FirstEngine\build\lib\Release\zlibstatic.lib   assimp.vcxproj -> G:\AIHUMAN\WorkSpace\FirstEngine\build\lib\Release\assimp-vc143-mt.lib   FrameGraph.cpp G:\AIHUMAN\WorkSpace\FirstEngine\src\Renderer\FrameGraph.cpp(1,1): warning C4819: The file contains a character that cannot be represented in the current code page (936). Save the file in Unicode format to prevent data loss [G:\AIHUMAN\WorkSpace\FirstEngine\build\src\Renderer\FirstEngine_Renderer.vcxproj] G:\AIHUMAN\WorkSpace\FirstEngine\include\FirstEngine\RHI\Types.h(111,27): warning C4091: '__declspec(dllexport)': ignored on left of 'FirstEngine::RHI::DeviceInfo' when no variable is declared [G:\AIHUMAN\WorkSpace\FirstEngine\build\src\Renderer\FirstEngine_Renderer.vcxproj]   (compiling source file '../../../src/Renderer/FrameGraph.cpp')    G:\AIHUMAN\WorkSpace\FirstEngine\include\FirstEngine\RHI\Types.h(119,27): warning C4091: '__declspec(dllexport)': ignored on left of 'FirstEngine::RHI::AttachmentDescription' when no variable is declared [G:\AIHUMAN\WorkSpace\FirstEngine\build\src\Renderer\FirstEngine_Renderer.vcxproj]   (compiling source file '../../../src/Renderer/FrameGraph.cpp')    G:\AIHUMAN\WorkSpace\FirstEngine\include\FirstEngine\RHI\Types.h(130,27): warning C4091: '__declspec(dllexport)': ignored on left of 'FirstEngine::RHI::RenderPassDescription' when no variable is declared [G:\AIHUMAN\WorkSpace\FirstEngine\build\src\Renderer\FirstEngine_Renderer.vcxproj]   (compiling source file '../../../src/Renderer/FrameGraph.cpp')    G:\AIHUMAN\WorkSpace\FirstEngine\include\FirstEngine\RHI\Types.h(136,27): warning C4091: '__declspec(dllexport)': ignored on left of 'FirstEngine::RHI::ImageDescription' when no variable is declared [G:\AIHUMAN\WorkSpace\FirstEngine\build\src\Renderer\FirstEngine_Renderer.vcxproj]   (compiling source file '../../../src/Renderer/FrameGraph.cpp')    G:\AIHUMAN\WorkSpace\FirstEngine\include\FirstEngine\RHI\Types.h(147,27): warning C4091: '__declspec(dllexport)': ignored on left of 'FirstEngine::RHI::SwapchainDescription' when no variable is declared [G:\AIHUMAN\WorkSpace\FirstEngine\build\src\Renderer\FirstEngine_Renderer.vcxproj]   (compiling source file '../../../src/Renderer/FrameGraph.cpp')    G:\AIHUMAN\WorkSpace\FirstEngine\include\FirstEngine\RHI\Types.h(155,27): warning C4091: '__declspec(dllexport)': ignored on left of 'FirstEngine::RHI::VertexInputBinding' when no variable is declared [G:\AIHUMAN\WorkSpace\FirstEngine\build\src\Renderer\FirstEngine_Renderer.vcxproj]   (compiling source file '../../../src/Renderer/FrameGraph.cpp')    G:\AIHUMAN\WorkSpace\FirstEngine\include\FirstEngine\RHI\Types.h(161,27): warning C4091: '__declspec(dllexport)': ignored on left of 'FirstEngine::RHI::VertexInputAttribute' when no variable is declared [G:\AIHUMAN\WorkSpace\FirstEngine\build\src\Renderer\FirstEngine_Renderer.vcxproj]   (compiling source file '../../../src/Renderer/FrameGraph.cpp')    G:\AIHUMAN\WorkSpace\FirstEngine\include\FirstEngine\RHI\Types.h(168,27): warning C4091: '__declspec(dllexport)': ignored on left of 'FirstEngine::RHI::RasterizationState' when no variable is declared [G:\AIHUMAN\WorkSpace\FirstEngine\build\src\Renderer\FirstEngine_Renderer.vcxproj]   (compiling source file '../../../src/Renderer/FrameGraph.cpp')    G:\AIHUMAN\WorkSpace\FirstEngine\include\FirstEngine\RHI\Types.h(180,27): warning C4091: '__declspec(dllexport)': ignored on left of 'FirstEngine::RHI::DepthStencilState' when no variable is declared [G:\AIHUMAN\WorkSpace\FirstEngine\build\src\Renderer\FirstEngine_Renderer.vcxproj]   (compiling source file '../../../src/Renderer/FrameGraph.cpp')    G:\AIHUMAN\WorkSpace\FirstEngine\include\FirstEngine\RHI\Types.h(188,27): warning C4091: '__declspec(dllexport)': ignored on left of 'FirstEngine::RHI::ColorBlendAttachment' when no variable is declared [G:\AIHUMAN\WorkSpace\FirstEngine\build\src\Renderer\FirstEngine_Renderer.vcxproj]   (compiling source file '../../../src/Renderer/FrameGraph.cpp')    G:\AIHUMAN\WorkSpace\FirstEngine\include\FirstEngine\RHI\Types.h(198,27): warning C4091: '__declspec(dllexport)': ignored on left of 'FirstEngine::RHI::GraphicsPipelineDescription' when no variable is declared [G:\AIHUMAN\WorkSpace\FirstEngine\build\src\Renderer\FirstEngine_Renderer.vcxproj]   (compiling source file '../../../src/Renderer/FrameGraph.cpp')    G:\AIHUMAN\WorkSpace\FirstEngine\include\FirstEngine\RHI\Types.h(247,27): warning C4091: '__declspec(dllexport)': ignored on left of 'FirstEngine::RHI::ComputePipelineDescription' when no variable is declared [G:\AIHUMAN\WorkSpace\FirstEngine\build\src\Renderer\FirstEngine_Renderer.vcxproj]   (compiling source file '../../../src/Renderer/FrameGraph.cpp')    G:\AIHUMAN\WorkSpace\FirstEngine\include\FirstEngine\RHI\Types.h(254,27): warning C4091: '__declspec(dllexport)': ignored on left of 'FirstEngine::RHI::DescriptorBinding' when no variable is declared [G:\AIHUMAN\WorkSpace\FirstEngine\build\src\Renderer\FirstEngine_Renderer.vcxproj]   (compiling source file '../../../src/Renderer/FrameGraph.cpp')    G:\AIHUMAN\WorkSpace\FirstEngine\include\FirstEngine\RHI\Types.h(262,27): warning C4091: '__declspec(dllexport)': ignored on left of 'FirstEngine::RHI::DescriptorSetLayoutDescription' when no variable is declared [G:\AIHUMAN\WorkSpace\FirstEngine\build\src\Renderer\FirstEngine_Renderer.vcxproj]   (compiling source file '../../../src/Renderer/FrameGraph.cpp')    G:\AIHUMAN\WorkSpace\FirstEngine\include\FirstEngine\RHI\Types.h(267,27): warning C4091: '__declspec(dllexport)': ignored on left of 'FirstEngine::RHI::DescriptorBufferInfo' when no variable is declared [G:\AIHUMAN\WorkSpace\FirstEngine\build\src\Renderer\FirstEngine_Renderer.vcxproj]   (compiling source file '../../../src/Renderer/FrameGraph.cpp')    G:\AIHUMAN\WorkSpace\FirstEngine\include\FirstEngine\RHI\Types.h(273,27): warning C4091: '__declspec(dllexport)': ignored on left of 'FirstEngine::RHI::DescriptorImageInfo' when no variable is declared [G:\AIHUMAN\WorkSpace\FirstEngine\build\src\Renderer\FirstEngine_Renderer.vcxproj]   (compiling source file '../../../src/Renderer/FrameGraph.cpp')    G:\AIHUMAN\WorkSpace\FirstEngine\include\FirstEngine\RHI\Types.h(279,27): warning C4091: '__declspec(dllexport)': ignored on left of 'FirstEngine::RHI::DescriptorWrite' when no variable is declared [G:\AIHUMAN\WorkSpace\FirstEngine\build\src\Renderer\FirstEngine_Renderer.vcxproj]   (compiling source file '../../../src/Renderer/FrameGraph.cpp')    G:\AIHUMAN\WorkSpace\FirstEngine\include\FirstEngine\Renderer\RenderCommandList.h(175,40): warning C4251: 'FirstEngine::Renderer::RenderCommandList::m_Commands': 'std::vector<FirstEngine::Renderer::RenderCommand,std::allocator<FirstEngine::Renderer::RenderCommand>>' needs to have dll-interface to be used by clients of 'FirstEngine::Renderer::RenderCommandList' [G:\AIHUMAN\WorkSpace\FirstEngine\build\src\Renderer\FirstEngine_Renderer.vcxproj]   (compiling source file '../../../src/Renderer/FrameGraph.cpp')       C:\Program Files\Microsoft Visual Studio\2022\Professional\VC\Tools\MSVC\14.44.35207\include\vector(442,7):       see declaration of 'std::vector<FirstEngine::Renderer::RenderCommand,std::allocator<FirstEngine::Renderer::RenderCommand>>'    G:\AIHUMAN\WorkSpace\FirstEngine\include\FirstEngine\Renderer\FrameGraph.h(66,25): warning C4251: 'FirstEngine::Renderer::ResourceDescription::m_Name': 'std::basic_string<char,std::char_traits<char>,std::allocator<char>>' needs to have dll-interface to be used by clients of 'FirstEngine::Renderer::ResourceDescription' [G:\AIHUMAN\WorkSpace\FirstEngine\build\src\Renderer\FirstEngine_Renderer.vcxproj]   (compiling source file '../../../src/Renderer/FrameGraph.cpp')       C:\Program Files\Microsoft Visual Studio\2022\Professional\VC\Tools\MSVC\14.44.35207\include\xstring(541,7):       see declaration of 'std::basic_string<char,std::char_traits<char>,std::allocator<char>>'    G:\AIHUMAN\WorkSpace\FirstEngine\include\FirstEngine\Renderer\FrameGraph.h(148,25): warning C4251: 'FirstEngine::Renderer::FrameGraphNode::m_Name': 'std::basic_string<char,std::char_traits<char>,std::allocator<char>>' needs to have dll-interface to be used by clients of 'FirstEngine::Renderer::FrameGraphNode' [G:\AIHUMAN\WorkSpace\FirstEngine\build\src\Renderer\FirstEngine_Renderer.vcxproj]   (compiling source file '../../../src/Renderer/FrameGraph.cpp')       C:\Program Files\Microsoft Visual Studio\2022\Professional\VC\Tools\MSVC\14.44.35207\include\xstring(541,7):       see declaration of 'std::basic_string<char,std::char_traits<char>,std::allocator<char>>'    G:\AIHUMAN\WorkSpace\FirstEngine\include\FirstEngine\Renderer\FrameGraph.h(151,38): warning C4251: 'FirstEngine::Renderer::FrameGraphNode::m_ReadResources': 'std::vector<std::string,std::allocator<std::string>>' needs to have dll-interface to be used by clients of 'FirstEngine::Renderer::FrameGraphNode' [G:\AIHUMAN\WorkSpace\FirstEngine\build\src\Renderer\FirstEngine_Renderer.vcxproj]   (compiling source file '../../../src/Renderer/FrameGraph.cpp')       C:\Program Files\Microsoft Visual Studio\2022\Professional\VC\Tools\MSVC\14.44.35207\include\vector(442,7):       see declaration of 'std::vector<std::string,std::allocator<std::string>>'    G:\AIHUMAN\WorkSpace\FirstEngine\include\FirstEngine\Renderer\FrameGraph.h(152,38): warning C4251: 'FirstEngine::Renderer::FrameGraphNode::m_WriteResources': 'std::vector<std::string,std::allocator<std::string>>' needs to have dll-interface to be used by clients of 'FirstEngine::Renderer::FrameGraphNode' [G:\AIHUMAN\WorkSpace\FirstEngine\build\src\Renderer\FirstEngine_Renderer.vcxproj]   (compiling source file '../../../src/Renderer/FrameGraph.cpp')       C:\Program Files\Microsoft Visual Studio\2022\Professional\VC\Tools\MSVC\14.44.35207\include\vector(442,7):       see declaration of 'std::vector<std::string,std::allocator<std::string>>'    G:\AIHUMAN\WorkSpace\FirstEngine\include\FirstEngine\Renderer\FrameGraph.h(153,35): warning C4251: 'FirstEngine::Renderer::FrameGraphNode::m_Dependencies': 'std::vector<uint32_t,std::allocator<uint32_t>>' needs to have dll-interface to be used by clients of 'FirstEngine::Renderer::FrameGraphNode' [G:\AIHUMAN\WorkSpace\FirstEngine\build\src\Renderer\FirstEngine_Renderer.vcxproj]   (compiling source file '../../../src/Renderer/FrameGraph.cpp')       C:\Program Files\Microsoft Visual Studio\2022\Professional\VC\Tools\MSVC\14.44.35207\include\vector(442,7):       see declaration of 'std::vector<uint32_t,std::allocator<uint32_t>>'    G:\AIHUMAN\WorkSpace\FirstEngine\include\FirstEngine\Renderer\FrameGraph.h(154,29): warning C4251: 'FirstEngine::Renderer::FrameGraphNode::m_ExecuteCallback': 'std::function<FirstEngine::Renderer::RenderCommandList (FirstEngine::Renderer::FrameGraphBuilder &,const FirstEngine::Renderer::RenderCommandList *)>' needs to have dll-interface to be used by clients of 'FirstEngine::Renderer::FrameGraphNode' [G:\AIHUMAN\WorkSpace\FirstEngine\build\src\Renderer\FirstEngine_Renderer.vcxproj]   (compiling source file '../../../src/Renderer/FrameGraph.cpp')       C:\Program Files\Microsoft Visual Studio\2022\Professional\VC\Tools\MSVC\14.44.35207\include\functional(1089,7):       see declaration of 'std::function<FirstEngine::Renderer::RenderCommandList (FirstEngine::Renderer::FrameGraphBuilder &,const FirstEngine::Renderer::RenderCommandList *)>'    G:\AIHUMAN\WorkSpace\FirstEngine\include\FirstEngine\Renderer\FrameGraph.h(178,25): warning C4251: 'FirstEngine::Renderer::FrameGraphResource::m_Name': 'std::basic_string<char,std::char_traits<char>,std::allocator<char>>' needs to have dll-interface to be used by clients of 'FirstEngine::Renderer::FrameGraphResource' [G:\AIHUMAN\WorkSpace\FirstEngine\build\src\Renderer\FirstEngine_Renderer.vcxproj]   (compiling source file '../../../src/Renderer/FrameGraph.cpp')       C:\Program Files\Microsoft Visual Studio\2022\Professional\VC\Tools\MSVC\14.44.35207\include\xstring(541,7):       see declaration of 'std::basic_string<char,std::char_traits<char>,std::allocator<char>>'    G:\AIHUMAN\WorkSpace\FirstEngine\include\FirstEngine\Renderer\FrameGraph.h(284,34): warning C4251: 'FirstEngine::Renderer::FrameGraph::m_Nodes': 'std::vector<FirstEngine::Renderer::FrameGraph::NodePtr,std::allocator<FirstEngine::Renderer::FrameGraph::NodePtr>>' needs to have dll-interface to be used by clients of 'FirstEngine::Renderer::FrameGraph' [G:\AIHUMAN\WorkSpace\FirstEngine\build\src\Renderer\FirstEngine_Renderer.vcxproj]   (compiling source file '../../../src/Renderer/FrameGraph.cpp')       C:\Program Files\Microsoft Visual Studio\2022\Professional\VC\Tools\MSVC\14.44.35207\include\vector(442,7):       see declaration of 'std::vector<FirstEngine::Renderer::FrameGraph::NodePtr,std::allocator<FirstEngine::Renderer::FrameGraph::NodePtr>>'    G:\AIHUMAN\WorkSpace\FirstEngine\include\FirstEngine\Renderer\FrameGraph.h(285,82): warning C4251: 'FirstEngine::Renderer::FrameGraph::m_Resources': 'std::unordered_map<std::string,std::unique_ptr<FirstEngine::Renderer::FrameGraphResource,std::default_delete<FirstEngine::Renderer::FrameGraphResource>>,std::hash<std::string>,std::equal_to<std::string>,std::allocator<std::pair<const std::string,std::unique_ptr<FirstEngine::Renderer::FrameGraphResource,std::default_delete<FirstEngine::Renderer::FrameGraphResource>>>>>' needs to have dll-interface to be used by clients of 'FirstEngine::Renderer::FrameGraph' [G:\AIHUMAN\WorkSpace\FirstEngine\build\src\Renderer\FirstEngine_Renderer.vcxproj]   (compiling source file '../../../src/Renderer/FrameGraph.cpp')       C:\Program Files\Microsoft Visual Studio\2022\Professional\VC\Tools\MSVC\14.44.35207\include\unordered_map(61,7):       see declaration of 'std::unordered_map<std::string,std::unique_ptr<FirstEngine::Renderer::FrameGraphResource,std::default_delete<FirstEngine::Renderer::FrameGraphResource>>,std::hash<std::string>,std::equal_to<std::string>,std::allocator<std::pair<const std::string,std::unique_ptr<FirstEngine::Renderer::FrameGraphResource,std::default_delete<FirstEngine::Renderer::FrameGraphResource>>>>>'    G:\AIHUMAN\WorkSpace\FirstEngine\include\FirstEngine\Renderer\FrameGraph.h(286,55): warning C4251: 'FirstEngine::Renderer::FrameGraph::m_ResourceNameToIndex': 'std::unordered_map<std::string,uint32_t,std::hash<std::string>,std::equal_to<std::string>,std::allocator<std::pair<const std::string,uint32_t>>>' needs to have dll-interface to be used by clients of 'FirstEngine::Renderer::FrameGraph' [G:\AIHUMAN\WorkSpace\FirstEngine\build\src\Renderer\FirstEngine_Renderer.vcxproj]   (compiling source file '../../../src/Renderer/FrameGraph.cpp')       C:\Program Files\Microsoft Visual Studio\2022\Professional\VC\Tools\MSVC\14.44.35207\include\unordered_map(61,7):       see declaration of 'std::unordered_map<std::string,uint32_t,std::hash<std::string>,std::equal_to<std::string>,std::allocator<std::pair<const std::string,uint32_t>>>'    G:\AIHUMAN\WorkSpace\FirstEngine\include\FirstEngine\Renderer\FrameGraph.h(287,55): warning C4251: 'FirstEngine::Renderer::FrameGraph::m_NodeNameToIndex': 'std::unordered_map<std::string,uint32_t,std::hash<std::string>,std::equal_to<std::string>,std::allocator<std::pair<const std::string,uint32_t>>>' needs to have dll-interface to be used by clients of 'FirstEngine::Renderer::FrameGraph' [G:\AIHUMAN\WorkSpace\FirstEngine\build\src\Renderer\FirstEngine_Renderer.vcxproj]   (compiling source file '../../../src/Renderer/FrameGraph.cpp')       C:\Program Files\Microsoft Visual Studio\2022\Professional\VC\Tools\MSVC\14.44.35207\include\unordered_map(61,7):       see declaration of 'std::unordered_map<std::string,uint32_t,std::hash<std::string>,std::equal_to<std::string>,std::allocator<std::pair<const std::string,uint32_t>>>'    G:\AIHUMAN\WorkSpace\FirstEngine\include\FirstEngine\Renderer\FrameGraphExecutionPlan.h(1,1): warning C4819: The file contains a character that cannot be represented in the current code page (936). Save the file in Unicode format to prevent data loss [G:\AIHUMAN\WorkSpace\FirstEngine\build\src\Renderer\FirstEngine_Renderer.vcxproj]   (compiling source file '../../../src/Renderer/FrameGraph.cpp')    G:\AIHUMAN\WorkSpace\FirstEngine\include\FirstEngine\Renderer\FrameGraphExecutionPlan.h(83,35): warning C4251: 'FirstEngine::Renderer::FrameGraphExecutionPlan::m_NodePlans': 'std::vector<FirstEngine::Renderer::FrameGraphExecutionPlan::NodePlan,std::allocator<FirstEngine::Renderer::FrameGraphExecutionPlan::NodePlan>>' needs to have dll-interface to be used by clients of 'FirstEngine::Renderer::FrameGraphExecutionPlan' [G:\AIHUMAN\WorkSpace\FirstEngine\build\src\Renderer\FirstEngine_Renderer.vcxproj]   (compiling source file '../../../src/Renderer/FrameGraph.cpp')       C:\Program Files\Microsoft Visual Studio\2022\Professional\VC\Tools\MSVC\14.44.35207\include\vector(442,7):       see declaration of 'std::vector<FirstEngine::Renderer::FrameGraphExecutionPlan::NodePlan,std::allocator<FirstEngine::Renderer::FrameGraphExecutionPlan::NodePlan>>'    G:\AIHUMAN\WorkSpace\FirstEngine\include\FirstEngine\Renderer\FrameGraphExecutionPlan.h(84,39): warning C4251: 'FirstEngine::Renderer::FrameGraphExecutionPlan::m_ResourcePlans': 'std::vector<FirstEngine::Renderer::FrameGraphExecutionPlan::ResourcePlan,std::allocator<FirstEngine::Renderer::FrameGraphExecutionPlan::ResourcePlan>>' needs to have dll-interface to be used by clients of 'FirstEngine::Renderer::FrameGraphExecutionPlan' [G:\AIHUMAN\WorkSpace\FirstEngine\build\src\Renderer\FirstEngine_Renderer.vcxproj]   (compiling source file '../../../src/Renderer/FrameGraph.cpp')       C:\Program Files\Microsoft Visual Studio\2022\Professional\VC\Tools\MSVC\14.44.35207\include\vector(442,7):       see declaration of 'std::vector<FirstEngine::Renderer::FrameGraphExecutionPlan::ResourcePlan,std::allocator<FirstEngine::Renderer::FrameGraphExecutionPlan::ResourcePlan>>'    G:\AIHUMAN\WorkSpace\FirstEngine\include\FirstEngine\Renderer\FrameGraphExecutionPlan.h(85,35): warning C4251: 'FirstEngine::Renderer::FrameGraphExecutionPlan::m_ExecutionOrder': 'std::vector<uint32_t,std::allocator<uint32_t>>' needs to have dll-interface to be used by clients of 'FirstEngine::Renderer::FrameGraphExecutionPlan' [G:\AIHUMAN\WorkSpace\FirstEngine\build\src\Renderer\FirstEngine_Renderer.vcxproj]   (compiling source file '../../../src/Renderer/FrameGraph.cpp')       C:\Program Files\Microsoft Visual Studio\2022\Professional\VC\Tools\MSVC\14.44.35207\include\vector(442,7):       see declaration of 'std::vector<uint32_t,std::allocator<uint32_t>>'    G:\AIHUMAN\WorkSpace\FirstEngine\include\FirstEngine\Renderer\FrameGraphExecutionPlan.h(86,55): warning C4251: 'FirstEngine::Renderer::FrameGraphExecutionPlan::m_NodeNameToIndex': 'std::unordered_map<std::string,uint32_t,std::hash<std::string>,std::equal_to<std::string>,std::allocator<std::pair<const std::string,uint32_t>>>' needs to have dll-interface to be used by clients of 'FirstEngine::Renderer::FrameGraphExecutionPlan' [G:\AIHUMAN\WorkSpace\FirstEngine\build\src\Renderer\FirstEngine_Renderer.vcxproj]   (compiling source file '../../../src/Renderer/FrameGraph.cpp')       C:\Program Files\Microsoft Visual Studio\2022\Professional\VC\Tools\MSVC\14.44.35207\include\unordered_map(61,7):       see declaration of 'std::unordered_map<std::string,uint32_t,std::hash<std::string>,std::equal_to<std::string>,std::allocator<std::pair<const std::string,uint32_t>>>'    G:\AIHUMAN\WorkSpace\FirstEngine\include\FirstEngine\Renderer\FrameGraphExecutionPlan.h(87,55): warning C4251: 'FirstEngine::Renderer::FrameGraphExecutionPlan::m_ResourceNameToIndex': 'std::unordered_map<std::string,uint32_t,std::hash<std::string>,std::equal_to<std::string>,std::allocator<std::pair<const std::string,uint32_t>>>' needs to have dll-interface to be used by clients of 'FirstEngine::Renderer::FrameGraphExecutionPlan' [G:\AIHUMAN\WorkSpace\FirstEngine\build\src\Renderer\FirstEngine_Renderer.vcxproj]   (compiling source file '../../../src/Renderer/FrameGraph.cpp')       C:\Program Files\Microsoft Visual Studio\2022\Professional\VC\Tools\MSVC\14.44.35207\include\unordered_map(61,7):       see declaration of 'std::unordered_map<std::string,uint32_t,std::hash<std::string>,std::equal_to<std::string>,std::allocator<std::pair<const std::string,uint32_t>>>'    G:\AIHUMAN\WorkSpace\FirstEngine\include\FirstEngine\Renderer\RenderConfig.h(14,23): warning C4251: 'FirstEngine::Renderer::CameraConfig::position': 'glm::vec<3,float,glm::packed_highp>' needs to have dll-interface to be used by clients of 'FirstEngine::Renderer::CameraConfig' [G:\AIHUMAN\WorkSpace\FirstEngine\build\src\Renderer\FirstEngine_Renderer.vcxproj]   (compiling source file '../../../src/Renderer/FrameGraph.cpp')       G:\AIHUMAN\WorkSpace\FirstEngine\external\vulkan\Include\glm\detail\type_vec3.hpp(17,9):       see declaration of 'glm::vec<3,float,glm::packed_highp>'    G:\AIHUMAN\WorkSpace\FirstEngine\include\FirstEngine\Renderer\RenderConfig.h(15,23): warning C4251: 'FirstEngine::Renderer::CameraConfig::target': 'glm::vec<3,float,glm::packed_highp>' needs to have dll-interface to be used by clients of 'FirstEngine::Renderer::CameraConfig' [G:\AIHUMAN\WorkSpace\FirstEngine\build\src\Renderer\FirstEngine_Renderer.vcxproj]   (compiling source file '../../../src/Renderer/FrameGraph.cpp')       G:\AIHUMAN\WorkSpace\FirstEngine\external\vulkan\Include\glm\detail\type_vec3.hpp(17,9):       see declaration of 'glm::vec<3,float,glm::packed_highp>'    G:\AIHUMAN\WorkSpace\FirstEngine\include\FirstEngine\Renderer\RenderConfig.h(16,23): warning C4251: 'FirstEngine::Renderer::CameraConfig::up': 'glm::vec<3,float,glm::packed_highp>' needs to have dll-interface to be used by clients of 'FirstEngine::Renderer::CameraConfig' [G:\AIHUMAN\WorkSpace\FirstEngine\build\src\Renderer\FirstEngine_Renderer.vcxproj]   (compiling source file '../../../src/Renderer/FrameGraph.cpp')       G:\AIHUMAN\WorkSpace\FirstEngine\external\vulkan\Include\glm\detail\type_vec3.hpp(17,9):       see declaration of 'glm::vec<3,float,glm::packed_highp>'    G:\AIHUMAN\WorkSpace\FirstEngine\include\FirstEngine\Renderer\IRenderPass.h(86,44): warning C4251: 'FirstEngine::Renderer::IRenderPass::m_SceneRenderer': 'std::unique_ptr<FirstEngine::Renderer::SceneRenderer,std::default_delete<FirstEngine::Renderer::SceneRenderer>>' needs to have dll-interface to be used by clients of 'FirstEngine::Renderer::IRenderPass' [G:\AIHUMAN\WorkSpace\FirstEngine\build\src\Renderer\FirstEngine_Renderer.vcxproj]   (compiling source file '../../../src/Renderer/FrameGraph.cpp')       C:\Program Files\Microsoft Visual Studio\2022\Professional\VC\Tools\MSVC\14.44.35207\include\memory(3347,7):       see declaration of 'std::unique_ptr<FirstEngine::Renderer::SceneRenderer,std::default_delete<FirstEngine::Renderer::SceneRenderer>>'    G:\AIHUMAN\WorkSpace\FirstEngine\include\FirstEngine\Renderer\RenderBatch.h(51,23): warning C4251: 'FirstEngine::Renderer::RenderItem::worldMatrix': 'glm::mat<4,4,glm::f32,glm::packed_highp>' needs to have dll-interface to be used by clients of 'FirstEngine::Renderer::RenderItem' [G:\AIHUMAN\WorkSpace\FirstEngine\build\src\Renderer\FirstEngine_Renderer.vcxproj]   (compiling source file '../../../src/Renderer/FrameGraph.cpp')       G:\AIHUMAN\WorkSpace\FirstEngine\external\vulkan\Include\glm\detail\type_mat4x4.hpp(13,9):       see declaration of 'glm::mat<4,4,glm::f32,glm::packed_highp>'    G:\AIHUMAN\WorkSpace\FirstEngine\include\FirstEngine\Renderer\RenderBatch.h(52,23): warning C4251: 'FirstEngine::Renderer::RenderItem::normalMatrix': 'glm::mat<4,4,glm::f32,glm::packed_highp>' needs to have dll-interface to be used by clients of 'FirstEngine::Renderer::RenderItem' [G:\AIHUMAN\WorkSpace\FirstEngine\build\src\Renderer\FirstEngine_Renderer.vcxproj]   (compiling source file '../../../src/Renderer/FrameGraph.cpp')       G:\AIHUMAN\WorkSpace\FirstEngine\external\vulkan\Include\glm\detail\type_mat4x4.hpp(13,9):       see declaration of 'glm::mat<4,4,glm::f32,glm::packed_highp>'    G:\AIHUMAN\WorkSpace\FirstEngine\include\FirstEngine\Renderer\RenderBatch.h(79,37): warning C4251: 'FirstEngine::Renderer::RenderBatch::m_Items': 'std::vector<FirstEngine::Renderer::RenderItem,std::allocator<FirstEngine::Renderer::RenderItem>>' needs to have dll-interface to be used by clients of 'FirstEngine::Renderer::RenderBatch' [G:\AIHUMAN\WorkSpace\FirstEngine\build\src\Renderer\FirstEngine_Renderer.vcxproj]   (compiling source file '../../../src/Renderer/FrameGraph.cpp')       C:\Program Files\Microsoft Visual Studio\2022\Professional\VC\Tools\MSVC\14.44.35207\include\vector(442,7):       see declaration of 'std::vector<FirstEngine::Renderer::RenderItem,std::allocator<FirstEngine::Renderer::RenderItem>>'    G:\AIHUMAN\WorkSpace\FirstEngine\include\FirstEngine\Renderer\RenderBatch.h(108,37): warning C4251: 'FirstEngine::Renderer::RenderQueue::m_Items': 'std::vector<FirstEngine::Renderer::RenderItem,std::allocator<FirstEngine::Renderer::RenderItem>>' needs to have dll-interface to be used by clients of 'FirstEngine::Renderer::RenderQueue' [G:\AIHUMAN\WorkSpace\FirstEngine\build\src\Renderer\FirstEngine_Renderer.vcxproj]   (compiling source file '../../../src/Renderer/FrameGraph.cpp')       C:\Program Files\Microsoft Visual Studio\2022\Professional\VC\Tools\MSVC\14.44.35207\include\vector(442,7):       see declaration of 'std::vector<FirstEngine::Renderer::RenderItem,std::allocator<FirstEngine::Renderer::RenderItem>>'    G:\AIHUMAN\WorkSpace\FirstEngine\include\FirstEngine\Renderer\RenderBatch.h(109,38): warning C4251: 'FirstEngine::Renderer::RenderQueue::m_Batches': 'std::vector<FirstEngine::Renderer::RenderBatch,std::allocator<FirstEngine::Renderer::RenderBatch>>' needs to have dll-interface to be used by clients of 'FirstEngine::Renderer::RenderQueue' [G:\AIHUMAN\WorkSpace\FirstEngine\build\src\Renderer\FirstEngine_Renderer.vcxproj]   (compiling source file '../../../src/Renderer/FrameGraph.cpp')       C:\Program Files\Microsoft Visual Studio\2022\Professional\VC\Tools\MSVC\14.44.35207\include\vector(442,7):       see declaration of 'std::vector<FirstEngine::Renderer::RenderBatch,std::allocator<FirstEngine::Renderer::RenderBatch>>'    G:\AIHUMAN\WorkSpace\FirstEngine\include\FirstEngine\Renderer\RenderBatch.h(116,23): warning C4251: 'FirstEngine::Renderer::Frustum::planes': 'glm::vec<4,float,glm::packed_highp>' needs to have dll-interface to be used by clients of 'FirstEngine::Renderer::Frustum' [G:\AIHUMAN\WorkSpace\FirstEngine\build\src\Renderer\FirstEngine_Renderer.vcxproj]   (compiling source file '../../../src/Renderer/FrameGraph.cpp')       G:\AIHUMAN\WorkSpace\FirstEngine\external\vulkan\Include\glm\detail\type_vec4.hpp(17,9):       see declaration of 'glm::vec<4,float,glm::packed_highp>'    G:\AIHUMAN\WorkSpace\FirstEngine\include\FirstEngine\Resources\ResourceID.h(85,57): warning C4251: 'FirstEngine::Resources::ResourceIDManager::m_IDToPath': 'std::unordered_map<FirstEngine::Resources::ResourceID,std::string,std::hash<FirstEngine::Resources::ResourceID>,std::equal_to<FirstEngine::Resources::ResourceID>,std::allocator<std::pair<const FirstEngine::Resources::ResourceID,std::string>>>' needs to have dll-interface to be used by clients of 'FirstEngine::Resources::ResourceIDManager' [G:\AIHUMAN\WorkSpace\FirstEngine\build\src\Renderer\FirstEngine_Renderer.vcxproj]   (compiling source file '../../../src/Renderer/FrameGraph.cpp')       C:\Program Files\Microsoft Visual Studio\2022\Professional\VC\Tools\MSVC\14.44.35207\include\unordered_map(61,7):       see declaration of 'std::unordered_map<FirstEngine::Resources::ResourceID,std::string,std::hash<FirstEngine::Resources::ResourceID>,std::equal_to<FirstEngine::Resources::ResourceID>,std::allocator<std::pair<const FirstEngine::Resources::ResourceID,std::string>>>'    G:\AIHUMAN\WorkSpace\FirstEngine\include\FirstEngine\Resources\ResourceID.h(88,57): warning C4251: 'FirstEngine::Resources::ResourceIDManager::m_IDToVirtualPath': 'std::unordered_map<FirstEngine::Resources::ResourceID,std::string,std::hash<FirstEngine::Resources::ResourceID>,std::equal_to<FirstEngine::Resources::ResourceID>,std::allocator<std::pair<const FirstEngine::Resources::ResourceID,std::string>>>' needs to have dll-interface to be used by clients of 'FirstEngine::Resources::ResourceIDManager' [G:\AIHUMAN\WorkSpace\FirstEngine\build\src\Renderer\FirstEngine_Renderer.vcxproj]   (compiling source file '../../../src/Renderer/FrameGraph.cpp')       C:\Program Files\Microsoft Visual Studio\2022\Professional\VC\Tools\MSVC\14.44.35207\include\unordered_map(61,7):       see declaration of 'std::unordered_map<FirstEngine::Resources::ResourceID,std::string,std::hash<FirstEngine::Resources::ResourceID>,std::equal_to<FirstEngine::Resources::ResourceID>,std::allocator<std::pair<const FirstEngine::Resources::ResourceID,std::string>>>'    G:\AIHUMAN\WorkSpace\FirstEngine\include\FirstEngine\Resources\ResourceID.h(91,57): warning C4251: 'FirstEngine::Resources::ResourceIDManager::m_PathToID': 'std::unordered_map<std::string,FirstEngine::Resources::ResourceID,std::hash<std::string>,std::equal_to<std::string>,std::allocator<std::pair<const std::string,FirstEngine::Resources::ResourceID>>>' needs to have dll-interface to be used by clients of 'FirstEngine::Resources::ResourceIDManager' [G:\AIHUMAN\WorkSpace\FirstEngine\build\src\Renderer\FirstEngine_Renderer.vcxproj]   (compiling source file '../../../src/Renderer/FrameGraph.cpp')       C:\Program Files\Microsoft Visual Studio\2022\Professional\VC\Tools\MSVC\14.44.35207\include\unordered_map(61,7):       see declaration of 'std::unordered_map<std::string,FirstEngine::Resources::ResourceID,std::hash<std::string>,std::equal_to<std::string>,std::allocator<std::pair<const std::string,FirstEngine::Resources::ResourceID>>>'    G:\AIHUMAN\WorkSpace\FirstEngine\include\FirstEngine\Resources\ResourceID.h(94,57): warning C4251: 'FirstEngine::Resources::ResourceIDManager::m_VirtualPathToID': 'std::unordered_map<std::string,FirstEngine::Resources::ResourceID,std::hash<std::string>,std::equal_to<std::string>,std::allocator<std::pair<const std::string,FirstEngine::Resources::ResourceID>>>' needs to have dll-interface to be used by clients of 'FirstEngine::Resources::ResourceIDManager' [G:\AIHUMAN\WorkSpace\FirstEngine\build\src\Renderer\FirstEngine_Renderer.vcxproj]   (compiling source file '../../../src/Renderer/FrameGraph.cpp')       C:\Program Files\Microsoft Visual Studio\2022\Professional\VC\Tools\MSVC\14.44.35207\include\unordered_map(61,7):       see declaration of 'std::unordered_map<std::string,FirstEngine::Resources::ResourceID,std::hash<std::string>,std::equal_to<std::string>,std::allocator<std::pair<const std::string,FirstEngine::Resources::ResourceID>>>'    G:\AIHUMAN\WorkSpace\FirstEngine\include\FirstEngine\Resources\ResourceID.h(97,58): warning C4251: 'FirstEngine::Resources::ResourceIDManager::m_IDToType': 'std::unordered_map<FirstEngine::Resources::ResourceID,FirstEngine::Resources::ResourceType,std::hash<FirstEngine::Resources::ResourceID>,std::equal_to<FirstEngine::Resources::ResourceID>,std::allocator<std::pair<const FirstEngine::Resources::ResourceID,FirstEngine::Resources::ResourceType>>>' needs to have dll-interface to be used by clients of 'FirstEngine::Resources::ResourceIDManager' [G:\AIHUMAN\WorkSpace\FirstEngine\build\src\Renderer\FirstEngine_Renderer.vcxproj]   (compiling source file '../../../src/Renderer/FrameGraph.cpp')       C:\Program Files\Microsoft Visual Studio\2022\Professional\VC\Tools\MSVC\14.44.35207\include\unordered_map(61,7):       see declaration of 'std::unordered_map<FirstEngine::Resources::ResourceID,FirstEngine::Resources::ResourceType,std::hash<FirstEngine::Resources::ResourceID>,std::equal_to<FirstEngine::Resources::ResourceID>,std::allocator<std::pair<const FirstEngine::Resources::ResourceID,FirstEngine::Resources::ResourceType>>>'    G:\AIHUMAN\WorkSpace\FirstEngine\include\FirstEngine\Resources\ResourceDependency.h(24,25): warning C4251: 'FirstEngine::Resources::ResourceDependency::slot': 'std::basic_string<char,std::char_traits<char>,std::allocator<char>>' needs to have dll-interface to be used by clients of 'FirstEngine::Resources::ResourceDependency' [G:\AIHUMAN\WorkSpace\FirstEngine\build\src\Renderer\FirstEngine_Renderer.vcxproj]   (compiling source file '../../../src/Renderer/FrameGraph.cpp')       C:\Program Files\Microsoft Visual Studio\2022\Professional\VC\Tools\MSVC\14.44.35207\include\xstring(541,7):       see declaration of 'std::basic_string<char,std::char_traits<char>,std::allocator<char>>'    G:\AIHUMAN\WorkSpace\FirstEngine\include\FirstEngine\Resources\ResourceTypes.h(56,25): warning C4251: 'FirstEngine::Resources::ResourceMetadata::filePath': 'std::basic_string<char,std::char_traits<char>,std::allocator<char>>' needs to have dll-interface to be used by clients of 'FirstEngine::Resources::ResourceMetadata' [G:\AIHUMAN\WorkSpace\FirstEngine\build\src\Renderer\FirstEngine_Renderer.vcxproj]   (compiling source file '../../../src/Renderer/FrameGraph.cpp')       C:\Program Files\Microsoft Visual Studio\2022\Professional\VC\Tools\MSVC\14.44.35207\include\xstring(541,7):       see declaration of 'std::basic_string<char,std::char_traits<char>,std::allocator<char>>'    G:\AIHUMAN\WorkSpace\FirstEngine\include\FirstEngine\Resources\ResourceTypes.h(57,25): warning C4251: 'FirstEngine::Resources::ResourceMetadata::name': 'std::basic_string<char,std::char_traits<char>,std::allocator<char>>' needs to have dll-interface to be used by clients of 'FirstEngine::Resources::ResourceMetadata' [G:\AIHUMAN\WorkSpace\FirstEngine\build\src\Renderer\FirstEngine_Renderer.vcxproj]   (compiling source file '../../../src/Renderer/FrameGraph.cpp')       C:\Program Files\Microsoft Visual Studio\2022\Professional\VC\Tools\MSVC\14.44.35207\include\xstring(541,7):       see declaration of 'std::basic_string<char,std::char_traits<char>,std::allocator<char>>'    G:\AIHUMAN\WorkSpace\FirstEngine\include\FirstEngine\Resources\ResourceTypes.h(64,45): warning C4251: 'FirstEngine::Resources::ResourceMetadata::dependencies': 'std::vector<FirstEngine::Resources::ResourceDependency,std::allocator<FirstEngine::Resources::ResourceDependency>>' needs to have dll-interface to be used by clients of 'FirstEngine::Resources::ResourceMetadata' [G:\AIHUMAN\WorkSpace\FirstEngine\build\src\Renderer\FirstEngine_Renderer.vcxproj]   (compiling source file '../../../src/Renderer/FrameGraph.cpp')       C:\Program Files\Microsoft Visual Studio\2022\Professional\VC\Tools\MSVC\14.44.35207\include\vector(442,7):       see declaration of 'std::vector<FirstEngine::Resources::ResourceDependency,std::allocator<FirstEngine::Resources::ResourceDependency>>'    G:\AIHUMAN\WorkSpace\FirstEngine\include\FirstEngine\Resources\SceneLevel.h(53,25): warning C4251: 'FirstEngine::Resources::SceneLevel::m_Name': 'std::basic_string<char,std::char_traits<char>,std::allocator<char>>' needs to have dll-interface to be used by clients of 'FirstEngine::Resources::SceneLevel' [G:\AIHUMAN\WorkSpace\FirstEngine\build\src\Renderer\FirstEngine_Renderer.vcxproj]   (compiling source file '../../../src/Renderer/FrameGraph.cpp')       C:\Program Files\Microsoft Visual Studio\2022\Professional\VC\Tools\MSVC\14.44.35207\include\xstring(541,7):       see declaration of 'std::basic_string<char,std::char_traits<char>,std::allocator<char>>'    G:\AIHUMAN\WorkSpace\FirstEngine\include\FirstEngine\Resources\SceneLevel.h(57,34): warning C4251: 'FirstEngine::Resources::SceneLevel::m_Entities': 'std::vector<FirstEngine::Resources::Entity *,std::allocator<FirstEngine::Resources::Entity *>>' needs to have dll-interface to be used by clients of 'FirstEngine::Resources::SceneLevel' [G:\AIHUMAN\WorkSpace\FirstEngine\build\src\Renderer\FirstEngine_Renderer.vcxproj]   (compiling source file '../../../src/Renderer/FrameGraph.cpp')       C:\Program Files\Microsoft Visual Studio\2022\Professional\VC\Tools\MSVC\14.44.35207\include\vector(442,7):       see declaration of 'std::vector<FirstEngine::Resources::Entity *,std::allocator<FirstEngine::Resources::Entity *>>'    G:\AIHUMAN\WorkSpace\FirstEngine\include\FirstEngine\Resources\SceneLevel.h(58,51): warning C4251: 'FirstEngine::Resources::SceneLevel::m_EntityMap': 'std::unordered_map<uint64_t,FirstEngine::Resources::Entity *,std::hash<FirstEngine::Resources::ResourceID>,std::equal_to<FirstEngine::Resources::ResourceID>,std::allocator<std::pair<const uint64_t,FirstEngine::Resources::Entity *>>>' needs to have dll-interface to be used by clients of 'FirstEngine::Resources::SceneLevel' [G:\AIHUMAN\WorkSpace\FirstEngine\build\src\Renderer\FirstEngine_Renderer.vcxproj]   (compiling source file '../../../src/Renderer/FrameGraph.cpp')       C:\Program Files\Microsoft Visual Studio\2022\Professional\VC\Tools\MSVC\14.44.35207\include\unordered_map(61,7):       see declaration of 'std::unordered_map<uint64_t,FirstEngine::Resources::Entity *,std::hash<FirstEngine::Resources::ResourceID>,std::equal_to<FirstEngine::Resources::ResourceID>,std::allocator<std::pair<const uint64_t,FirstEngine::Resources::Entity *>>>'    G:\AIHUMAN\WorkSpace\FirstEngine\include\FirstEngine\Resources\SceneLevel.h(59,54): warning C4251: 'FirstEngine::Resources::SceneLevel::m_EntityNameMap': 'std::unordered_map<std::string,FirstEngine::Resources::Entity *,std::hash<std::string>,std::equal_to<std::string>,std::allocator<std::pair<const std::string,FirstEngine::Resources::Entity *>>>' needs to have dll-interface to be used by clients of 'FirstEngine::Resources::SceneLevel' [G:\AIHUMAN\WorkSpace\FirstEngine\build\src\Renderer\FirstEngine_Renderer.vcxproj]   (compiling source file '../../../src/Renderer/FrameGraph.cpp')       C:\Program Files\Microsoft Visual Studio\2022\Professional\VC\Tools\MSVC\14.44.35207\include\unordered_map(61,7):       see declaration of 'std::unordered_map<std::string,FirstEngine::Resources::Entity *,std::hash<std::string>,std::equal_to<std::string>,std::allocator<std::pair<const std::string,FirstEngine::Resources::Entity *>>>'    G:\AIHUMAN\WorkSpace\FirstEngine\external\vulkan\Include\glm\detail\type_quat.hpp(48,13): warning C4201: nonstandard extension used: nameless struct/union [G:\AIHUMAN\WorkSpace\FirstEngine\build\src\Renderer\FirstEngine_Renderer.vcxproj]   (compiling source file '../../../src/Renderer/FrameGraph.cpp')       G:\AIHUMAN\WorkSpace\FirstEngine\external\vulkan\Include\glm\detail\type_quat.hpp(48,13):       the template instantiation context (the oldest one first) is           G:\AIHUMAN\WorkSpace\FirstEngine\external\vulkan\Include\glm\detail\type_quat.hpp(19,9):           while compiling class template 'glm::qua'    G:\AIHUMAN\WorkSpace\FirstEngine\include\FirstEngine\Resources\Scene.h(28,23): warning C4251: 'FirstEngine::Resources::Transform::position': 'glm::vec<3,float,glm::packed_highp>' needs to have dll-interface to be used by clients of 'FirstEngine::Resources::Transform' [G:\AIHUMAN\WorkSpace\FirstEngine\build\src\Renderer\FirstEngine_Renderer.vcxproj]   (compiling source file '../../../src/Renderer/FrameGraph.cpp')       G:\AIHUMAN\WorkSpace\FirstEngine\external\vulkan\Include\glm\detail\type_vec3.hpp(17,9):       see declaration of 'glm::vec<3,float,glm::packed_highp>'    G:\AIHUMAN\WorkSpace\FirstEngine\include\FirstEngine\Resources\Scene.h(29,23): warning C4251: 'FirstEngine::Resources::Transform::rotation': 'glm::qua<float,glm::packed_highp>' needs to have dll-interface to be used by clients of 'FirstEngine::Resources::Transform' [G:\AIHUMAN\WorkSpace\FirstEngine\build\src\Renderer\FirstEngine_Renderer.vcxproj]   (compiling source file '../../../src/Renderer/FrameGraph.cpp')       G:\AIHUMAN\WorkSpace\FirstEngine\external\vulkan\Include\glm\detail\type_quat.hpp(19,9):       see declaration of 'glm::qua<float,glm::packed_highp>'    G:\AIHUMAN\WorkSpace\FirstEngine\include\FirstEngine\Resources\Scene.h(30,23): warning C4251: 'FirstEngine::Resources::Transform::scale': 'glm::vec<3,float,glm::packed_highp>' needs to have dll-interface to be used by clients of 'FirstEngine::Resources::Transform' [G:\AIHUMAN\WorkSpace\FirstEngine\build\src\Renderer\FirstEngine_Renderer.vcxproj]   (compiling source file '../../../src/Renderer/FrameGraph.cpp')       G:\AIHUMAN\WorkSpace\FirstEngine\external\vulkan\Include\glm\detail\type_vec3.hpp(17,9):       see declaration of 'glm::vec<3,float,glm::packed_highp>'    G:\AIHUMAN\WorkSpace\FirstEngine\include\FirstEngine\Resources\Scene.h(40,23): warning C4251: 'FirstEngine::Resources::AABB::min': 'glm::vec<3,float,glm::packed_highp>' needs to have dll-interface to be used by clients of 'FirstEngine::Resources::AABB' [G:\AIHUMAN\WorkSpace\FirstEngine\build\src\Renderer\FirstEngine_Renderer.vcxproj]   (compiling source file '../../../src/Renderer/FrameGraph.cpp')       G:\AIHUMAN\WorkSpace\FirstEngine\external\vulkan\Include\glm\detail\type_vec3.hpp(17,9):       see declaration of 'glm::vec<3,float,glm::packed_highp>'    G:\AIHUMAN\WorkSpace\FirstEngine\include\FirstEngine\Resources\Scene.h(41,23): warning C4251: 'FirstEngine::Resources::AABB::max': 'glm::vec<3,float,glm::packed_highp>' needs to have dll-interface to be used by clients of 'FirstEngine::Resources::AABB' [G:\AIHUMAN\WorkSpace\FirstEngine\build\src\Renderer\FirstEngine_Renderer.vcxproj]   (compiling source file '../../../src/Renderer/FrameGraph.cpp')       G:\AIHUMAN\WorkSpace\FirstEngine\external\vulkan\Include\glm\detail\type_vec3.hpp(17,9):       see declaration of 'glm::vec<3,float,glm::packed_highp>'    G:\AIHUMAN\WorkSpace\FirstEngine\include\FirstEngine\Resources\Scene.h(153,25): warning C4251: 'FirstEngine::Resources::Entity::m_Name': 'std::basic_string<char,std::char_traits<char>,std::allocator<char>>' needs to have dll-interface to be used by clients of 'FirstEngine::Resources::Entity' [G:\AIHUMAN\WorkSpace\FirstEngine\build\src\Renderer\FirstEngine_Renderer.vcxproj]   (compiling source file '../../../src/Renderer/FrameGraph.cpp')       C:\Program Files\Microsoft Visual Studio\2022\Professional\VC\Tools\MSVC\14.44.35207\include\xstring(541,7):       see declaration of 'std::basic_string<char,std::char_traits<char>,std::allocator<char>>'    G:\AIHUMAN\WorkSpace\FirstEngine\include\FirstEngine\Resources\Scene.h(155,53): warning C4251: 'FirstEngine::Resources::Entity::m_Components': 'std::vector<std::unique_ptr<FirstEngine::Resources::Component,std::default_delete<FirstEngine::Resources::Component>>,std::allocator<std::unique_ptr<FirstEngine::Resources::Component,std::default_delete<FirstEngine::Resources::Component>>>>' needs to have dll-interface to be used by clients of 'FirstEngine::Resources::Entity' [G:\AIHUMAN\WorkSpace\FirstEngine\build\src\Renderer\FirstEngine_Renderer.vcxproj]   (compiling source file '../../../src/Renderer/FrameGraph.cpp')       C:\Program Files\Microsoft Visual Studio\2022\Professional\VC\Tools\MSVC\14.44.35207\include\vector(442,7):       see declaration of 'std::vector<std::unique_ptr<FirstEngine::Resources::Component,std::default_delete<FirstEngine::Resources::Component>>,std::allocator<std::unique_ptr<FirstEngine::Resources::Component,std::default_delete<FirstEngine::Resources::Component>>>>'    G:\AIHUMAN\WorkSpace\FirstEngine\include\FirstEngine\Resources\Scene.h(157,34): warning C4251: 'FirstEngine::Resources::Entity::m_Children': 'std::vector<FirstEngine::Resources::Entity *,std::allocator<FirstEngine::Resources::Entity *>>' needs to have dll-interface to be used by clients of 'FirstEngine::Resources::Entity' [G:\AIHUMAN\WorkSpace\FirstEngine\build\src\Renderer\FirstEngine_Renderer.vcxproj]   (compiling source file '../../../src/Renderer/FrameGraph.cpp')       C:\Program Files\Microsoft Visual Studio\2022\Professional\VC\Tools\MSVC\14.44.35207\include\vector(442,7):       see declaration of 'std::vector<FirstEngine::Resources::Entity *,std::allocator<FirstEngine::Resources::Entity *>>'    G:\AIHUMAN\WorkSpace\FirstEngine\include\FirstEngine\Resources\Scene.h(161,31): warning C4251: 'FirstEngine::Resources::Entity::m_WorldMatrix': 'glm::mat<4,4,glm::f32,glm::packed_highp>' needs to have dll-interface to be used by clients of 'FirstEngine::Resources::Entity' [G:\AIHUMAN\WorkSpace\FirstEngine\build\src\Renderer\FirstEngine_Renderer.vcxproj]   (compiling source file '../../../src/Renderer/FrameGraph.cpp')       G:\AIHUMAN\WorkSpace\FirstEngine\external\vulkan\Include\glm\detail\type_mat4x4.hpp(13,9):       see declaration of 'glm::mat<4,4,glm::f32,glm::packed_highp>'    G:\AIHUMAN\WorkSpace\FirstEngine\include\FirstEngine\Resources\Scene.h(201,34): warning C4251: 'FirstEngine::Resources::OctreeNode::m_Entities': 'std::vector<FirstEngine::Resources::Entity *,std::allocator<FirstEngine::Resources::Entity *>>' needs to have dll-interface to be used by clients of 'FirstEngine::Resources::OctreeNode' [G:\AIHUMAN\WorkSpace\FirstEngine\build\src\Renderer\FirstEngine_Renderer.vcxproj]   (compiling source file '../../../src/Renderer/FrameGraph.cpp')       C:\Program Files\Microsoft Visual Studio\2022\Professional\VC\Tools\MSVC\14.44.35207\include\vector(442,7):       see declaration of 'std::vector<FirstEngine::Resources::Entity *,std::allocator<FirstEngine::Resources::Entity *>>'    G:\AIHUMAN\WorkSpace\FirstEngine\include\FirstEngine\Resources\Scene.h(264,25): warning C4251: 'FirstEngine::Resources::Scene::m_Name': 'std::basic_string<char,std::char_traits<char>,std::allocator<char>>' needs to have dll-interface to be used by clients of 'FirstEngine::Resources::Scene' [G:\AIHUMAN\WorkSpace\FirstEngine\build\src\Renderer\FirstEngine_Renderer.vcxproj]   (compiling source file '../../../src/Renderer/FrameGraph.cpp')       C:\Program Files\Microsoft Visual Studio\2022\Professional\VC\Tools\MSVC\14.44.35207\include\xstring(541,7):       see declaration of 'std::basic_string<char,std::char_traits<char>,std::allocator<char>>'    G:\AIHUMAN\WorkSpace\FirstEngine\include\FirstEngine\Resources\Scene.h(265,54): warning C4251: 'FirstEngine::Resources::Scene::m_Levels': 'std::vector<std::unique_ptr<FirstEngine::Resources::SceneLevel,std::default_delete<FirstEngine::Resources::SceneLevel>>,std::allocator<std::unique_ptr<FirstEngine::Resources::SceneLevel,std::default_delete<FirstEngine::Resources::SceneLevel>>>>' needs to have dll-interface to be used by clients of 'FirstEngine::Resources::Scene' [G:\AIHUMAN\WorkSpace\FirstEngine\build\src\Renderer\FirstEngine_Renderer.vcxproj]   (compiling source file '../../../src/Renderer/FrameGraph.cpp')       C:\Program Files\Microsoft Visual Studio\2022\Professional\VC\Tools\MSVC\14.44.35207\include\vector(442,7):       see declaration of 'std::vector<std::unique_ptr<FirstEngine::Resources::SceneLevel,std::default_delete<FirstEngine::Resources::SceneLevel>>,std::allocator<std::unique_ptr<FirstEngine::Resources::SceneLevel,std::default_delete<FirstEngine::Resources::SceneLevel>>>>'    G:\AIHUMAN\WorkSpace\FirstEngine\include\FirstEngine\Resources\Scene.h(266,58): warning C4251: 'FirstEngine::Resources::Scene::m_LevelMap': 'std::unordered_map<std::string,FirstEngine::Resources::SceneLevel *,std::hash<std::string>,std::equal_to<std::string>,std::allocator<std::pair<const std::string,FirstEngine::Resources::SceneLevel *>>>' needs to have dll-interface to be used by clients of 'FirstEngine::Resources::Scene' [G:\AIHUMAN\WorkSpace\FirstEngine\build\src\Renderer\FirstEngine_Renderer.vcxproj]   (compiling source file '../../../src/Renderer/FrameGraph.cpp')       C:\Program Files\Microsoft Visual Studio\2022\Professional\VC\Tools\MSVC\14.44.35207\include\unordered_map(61,7):       see declaration of 'std::unordered_map<std::string,FirstEngine::Resources::SceneLevel *,std::hash<std::string>,std::equal_to<std::string>,std::allocator<std::pair<const std::string,FirstEngine::Resources::SceneLevel *>>>'    G:\AIHUMAN\WorkSpace\FirstEngine\include\FirstEngine\Resources\Scene.h(269,50): warning C4251: 'FirstEngine::Resources::Scene::m_Entities': 'std::vector<std::unique_ptr<FirstEngine::Resources::Entity,std::default_delete<FirstEngine::Resources::Entity>>,std::allocator<std::unique_ptr<FirstEngine::Resources::Entity,std::default_delete<FirstEngine::Resources::Entity>>>>' needs to have dll-interface to be used by clients of 'FirstEngine::Resources::Scene' [G:\AIHUMAN\WorkSpace\FirstEngine\build\src\Renderer\FirstEngine_Renderer.vcxproj]   (compiling source file '../../../src/Renderer/FrameGraph.cpp')       C:\Program Files\Microsoft Visual Studio\2022\Professional\VC\Tools\MSVC\14.44.35207\include\vector(442,7):       see declaration of 'std::vector<std::unique_ptr<FirstEngine::Resources::Entity,std::default_delete<FirstEngine::Resources::Entity>>,std::allocator<std::unique_ptr<FirstEngine::Resources::Entity,std::default_delete<FirstEngine::Resources::Entity>>>>'    G:\AIHUMAN\WorkSpace\FirstEngine\include\FirstEngine\Resources\Scene.h(270,51): warning C4251: 'FirstEngine::Resources::Scene::m_EntityMap': 'std::unordered_map<uint64_t,FirstEngine::Resources::Entity *,std::hash<FirstEngine::Resources::ResourceID>,std::equal_to<FirstEngine::Resources::ResourceID>,std::allocator<std::pair<const uint64_t,FirstEngine::Resources::Entity *>>>' needs to have dll-interface to be used by clients of 'FirstEngine::Resources::Scene' [G:\AIHUMAN\WorkSpace\FirstEngine\build\src\Renderer\FirstEngine_Renderer.vcxproj]   (compiling source file '../../../src/Renderer/FrameGraph.cpp')       C:\Program Files\Microsoft Visual Studio\2022\Professional\VC\Tools\MSVC\14.44.35207\include\unordered_map(61,7):       see declaration of 'std::unordered_map<uint64_t,FirstEngine::Resources::Entity *,std::hash<FirstEngine::Resources::ResourceID>,std::equal_to<FirstEngine::Resources::ResourceID>,std::allocator<std::pair<const uint64_t,FirstEngine::Resources::Entity *>>>'    G:\AIHUMAN\WorkSpace\FirstEngine\include\FirstEngine\Resources\Scene.h(271,54): warning C4251: 'FirstEngine::Resources::Scene::m_EntityNameMap': 'std::unordered_map<std::string,FirstEngine::Resources::Entity *,std::hash<std::string>,std::equal_to<std::string>,std::allocator<std::pair<const std::string,FirstEngine::Resources::Entity *>>>' needs to have dll-interface to be used by clients of 'FirstEngine::Resources::Scene' [G:\AIHUMAN\WorkSpace\FirstEngine\build\src\Renderer\FirstEngine_Renderer.vcxproj]   (compiling source file '../../../src/Renderer/FrameGraph.cpp')       C:\Program Files\Microsoft Visual Studio\2022\Professional\VC\Tools\MSVC\14.44.35207\include\unordered_map(61,7):       see declaration of 'std::unordered_map<std::string,FirstEngine::Resources::Entity *,std::hash<std::string>,std::equal_to<std::string>,std::allocator<std::pair<const std::string,FirstEngine::Resources::Entity *>>>'    G:\AIHUMAN\WorkSpace\FirstEngine\include\FirstEngine\Resources\Scene.h(275,41): warning C4251: 'FirstEngine::Resources::Scene::m_Octree': 'std::unique_ptr<FirstEngine::Resources::OctreeNode,std::default_delete<FirstEngine::Resources::OctreeNode>>' needs to have dll-interface to be used by clients of 'FirstEngine::Resources::Scene' [G:\AIHUMAN\WorkSpace\FirstEngine\build\src\Renderer\FirstEngine_Renderer.vcxproj]   (compiling source file '../../../src/Renderer/FrameGraph.cpp')       C:\Program Files\Microsoft Visual Studio\2022\Professional\VC\Tools\MSVC\14.44.35207\include\memory(3347,7):       see declaration of 'std::unique_ptr<FirstEngine::Resources::OctreeNode,std::default_delete<FirstEngine::Resources::OctreeNode>>'    G:\AIHUMAN\WorkSpace\FirstEngine\src\Renderer\FrameGraph.cpp(405,35): warning C4456: declaration of 'builder' hides previous local declaration [G:\AIHUMAN\WorkSpace\FirstEngine\build\src\Renderer\FirstEngine_Renderer.vcxproj]       G:\AIHUMAN\WorkSpace\FirstEngine\src\Renderer\FrameGraph.cpp(328,31):       see declaration of 'builder'    G:\AIHUMAN\WorkSpace\FirstEngine\src\Renderer\FrameGraph.cpp(523,55): error C2065: 'readResources': undeclared identifier [G:\AIHUMAN\WorkSpace\FirstEngine\build\src\Renderer\FirstEngine_Renderer.vcxproj] G:\AIHUMAN\WorkSpace\FirstEngine\src\Renderer\FrameGraph.cpp(523,45): error C2530: 'readRes': references must be initialized [G:\AIHUMAN\WorkSpace\FirstEngine\build\src\Renderer\FirstEngine_Renderer.vcxproj] G:\AIHUMAN\WorkSpace\FirstEngine\src\Renderer\FrameGraph.cpp(523,53): error C2143: syntax error: missing ';' before ':' [G:\AIHUMAN\WorkSpace\FirstEngine\build\src\Renderer\FirstEngine_Renderer.vcxproj] G:\AIHUMAN\WorkSpace\FirstEngine\src\Renderer\FrameGraph.cpp(523,68): error C2143: syntax error: missing ';' before ')' [G:\AIHUMAN\WorkSpace\FirstEngine\build\src\Renderer\FirstEngine_Renderer.vcxproj] G:\AIHUMAN\WorkSpace\FirstEngine\src\Renderer\FrameGraph.cpp(540,25): error C2065: 'used': undeclared identifier [G:\AIHUMAN\WorkSpace\FirstEngine\build\src\Renderer\FirstEngine_Renderer.vcxproj] G:\AIHUMAN\WorkSpace\FirstEngine\src\Renderer\FrameGraph.cpp(541,55): error C2065: 'i': undeclared identifier [G:\AIHUMAN\WorkSpace\FirstEngine\build\src\Renderer\FirstEngine_Renderer.vcxproj] G:\AIHUMAN\WorkSpace\FirstEngine\src\Renderer\FrameGraph.cpp(542,53): error C2065: 'i': undeclared identifier [G:\AIHUMAN\WorkSpace\FirstEngine\build\src\Renderer\FirstEngine_Renderer.vcxproj] G:\AIHUMAN\WorkSpace\FirstEngine\src\Renderer\FrameGraph.cpp(547,63): error C2065: 'resource': undeclared identifier [G:\AIHUMAN\WorkSpace\FirstEngine\build\src\Renderer\FirstEngine_Renderer.vcxproj] G:\AIHUMAN\WorkSpace\FirstEngine\src\Renderer\FrameGraph.cpp(547,28): error C2530: 'desc': references must be initialized [G:\AIHUMAN\WorkSpace\FirstEngine\build\src\Renderer\FirstEngine_Renderer.vcxproj] G:\AIHUMAN\WorkSpace\FirstEngine\src\Renderer\FrameGraph.cpp(548,17): error C3536: 'desc': cannot be used before it is initialized [G:\AIHUMAN\WorkSpace\FirstEngine\build\src\Renderer\FirstEngine_Renderer.vcxproj] G:\AIHUMAN\WorkSpace\FirstEngine\src\Renderer\FrameGraph.cpp(548,35): error C2065: 'firstUse': undeclared identifier [G:\AIHUMAN\WorkSpace\FirstEngine\build\src\Renderer\FirstEngine_Renderer.vcxproj] G:\AIHUMAN\WorkSpace\FirstEngine\src\Renderer\FrameGraph.cpp(549,34): error C2065: 'lastUse': undeclared identifier [G:\AIHUMAN\WorkSpace\FirstEngine\build\src\Renderer\FirstEngine_Renderer.vcxproj] G:\AIHUMAN\WorkSpace\FirstEngine\src\Renderer\FrameGraph.cpp(553,30): error C2065: 'm_Nodes': undeclared identifier [G:\AIHUMAN\WorkSpace\FirstEngine\build\src\Renderer\FirstEngine_Renderer.vcxproj] G:\AIHUMAN\WorkSpace\FirstEngine\src\Renderer\FrameGraph.cpp(553,38): error C2065: 'i': undeclared identifier [G:\AIHUMAN\WorkSpace\FirstEngine\build\src\Renderer\FirstEngine_Renderer.vcxproj] G:\AIHUMAN\WorkSpace\FirstEngine\src\Renderer\FrameGraph.cpp(556,50): error C2065: 'writeRes': undeclared identifier [G:\AIHUMAN\WorkSpace\FirstEngine\build\src\Renderer\FirstEngine_Renderer.vcxproj] G:\AIHUMAN\WorkSpace\FirstEngine\src\Renderer\FrameGraph.cpp(556,38): error C3861: 'GetResource': identifier not found [G:\AIHUMAN\WorkSpace\FirstEngine\build\src\Renderer\FirstEngine_Renderer.vcxproj] G:\AIHUMAN\WorkSpace\FirstEngine\src\Renderer\FrameGraph.cpp(556,36): error C3535: cannot deduce type for 'auto *' from '<error type>' [G:\AIHUMAN\WorkSpace\FirstEngine\build\src\Renderer\FirstEngine_Renderer.vcxproj] G:\AIHUMAN\WorkSpace\FirstEngine\src\Renderer\FrameGraph.cpp(557,21): error C2059: syntax error: 'if' [G:\AIHUMAN\WorkSpace\FirstEngine\build\src\Renderer\FirstEngine_Renderer.vcxproj] G:\AIHUMAN\WorkSpace\FirstEngine\src\Renderer\FrameGraph.cpp(557,35): error C2143: syntax error: missing ';' before '{' [G:\AIHUMAN\WorkSpace\FirstEngine\build\src\Renderer\FirstEngine_Renderer.vcxproj] G:\AIHUMAN\WorkSpace\FirstEngine\src\Renderer\FrameGraph.cpp(557,35): error C2447: '{': missing function header (old-style formal list?) [G:\AIHUMAN\WorkSpace\FirstEngine\build\src\Renderer\FirstEngine_Renderer.vcxproj] G:\AIHUMAN\WorkSpace\FirstEngine\src\Renderer\FrameGraph.cpp(569,13): error C2059: syntax error: '}' [G:\AIHUMAN\WorkSpace\FirstEngine\build\src\Renderer\FirstEngine_Renderer.vcxproj] G:\AIHUMAN\WorkSpace\FirstEngine\src\Renderer\FrameGraph.cpp(569,13): error C2143: syntax error: missing ';' before '}' [G:\AIHUMAN\WorkSpace\FirstEngine\build\src\Renderer\FirstEngine_Renderer.vcxproj] G:\AIHUMAN\WorkSpace\FirstEngine\src\Renderer\FrameGraph.cpp(570,9): error C2143: syntax error: missing ';' before '}' [G:\AIHUMAN\WorkSpace\FirstEngine\build\src\Renderer\FirstEngine_Renderer.vcxproj] G:\AIHUMAN\WorkSpace\FirstEngine\src\Renderer\FrameGraph.cpp(570,9): error C2059: syntax error: '}' [G:\AIHUMAN\WorkSpace\FirstEngine\build\src\Renderer\FirstEngine_Renderer.vcxproj] G:\AIHUMAN\WorkSpace\FirstEngine\src\Renderer\FrameGraph.cpp(572,14): error C2653: 'FrameGraph': is not a class or namespace name [G:\AIHUMAN\WorkSpace\FirstEngine\build\src\Renderer\FirstEngine_Renderer.vcxproj] G:\AIHUMAN\WorkSpace\FirstEngine\src\Renderer\FrameGraph.cpp(572,46): error C2143: syntax error: missing ';' before '{' [G:\AIHUMAN\WorkSpace\FirstEngine\build\src\Renderer\FirstEngine_Renderer.vcxproj] G:\AIHUMAN\WorkSpace\FirstEngine\src\Renderer\FrameGraph.cpp(572,46): error C2447: '{': missing function header (old-style formal list?) [G:\AIHUMAN\WorkSpace\FirstEngine\build\src\Renderer\FirstEngine_Renderer.vcxproj] G:\AIHUMAN\WorkSpace\FirstEngine\src\Renderer\FrameGraph.cpp(633,31): error C2653: 'FrameGraph': is not a class or namespace name [G:\AIHUMAN\WorkSpace\FirstEngine\build\src\Renderer\FirstEngine_Renderer.vcxproj] G:\AIHUMAN\WorkSpace\FirstEngine\src\Renderer\FrameGraph.cpp(635,39): error C2065: 'm_Nodes': undeclared identifier [G:\AIHUMAN\WorkSpace\FirstEngine\build\src\Renderer\FirstEngine_Renderer.vcxproj] G:\AIHUMAN\WorkSpace\FirstEngine\src\Renderer\FrameGraph.cpp(638,38): error C2065: 'm_Nodes': undeclared identifier [G:\AIHUMAN\WorkSpace\FirstEngine\build\src\Renderer\FirstEngine_Renderer.vcxproj] G:\AIHUMAN\WorkSpace\FirstEngine\src\Renderer\FrameGraph.cpp(639,30): error C2065: 'm_Nodes': undeclared identifier [G:\AIHUMAN\WorkSpace\FirstEngine\build\src\Renderer\FirstEngine_Renderer.vcxproj] G:\AIHUMAN\WorkSpace\FirstEngine\src\Renderer\FrameGraph.cpp(640,35): error C2143: syntax error: missing ';' before ':' [G:\AIHUMAN\WorkSpace\FirstEngine\build\src\Renderer\FirstEngine_Renderer.vcxproj] G:\AIHUMAN\WorkSpace\FirstEngine\src\Renderer\FrameGraph.cpp(640,60): error C2143: syntax error: missing ';' before ')' [G:\AIHUMAN\WorkSpace\FirstEngine\build\src\Renderer\FirstEngine_Renderer.vcxproj] G:\AIHUMAN\WorkSpace\FirstEngine\src\Renderer\FrameGraph.cpp(645,1): warning C4819: The file contains a character that cannot be represented in the current code page (936). Save the file in Unicode format to prevent data loss [G:\AIHUMAN\WorkSpace\FirstEngine\build\src\Renderer\FirstEngine_Renderer.vcxproj] G:\AIHUMAN\WorkSpace\FirstEngine\src\Renderer\FrameGraph.cpp(647,38): error C2065: 'm_Nodes': undeclared identifier [G:\AIHUMAN\WorkSpace\FirstEngine\build\src\Renderer\FirstEngine_Renderer.vcxproj] G:\AIHUMAN\WorkSpace\FirstEngine\src\Renderer\FrameGraph.cpp(659,25): error C2065: 'v': undeclared identifier [G:\AIHUMAN\WorkSpace\FirstEngine\build\src\Renderer\FirstEngine_Renderer.vcxproj] G:\AIHUMAN\WorkSpace\FirstEngine\src\Renderer\FrameGraph.cpp(660,34): error C2065: 'm_Nodes': undeclared identifier [G:\AIHUMAN\WorkSpace\FirstEngine\build\src\Renderer\FirstEngine_Renderer.vcxproj] G:\AIHUMAN\WorkSpace\FirstEngine\src\Renderer\FrameGraph.cpp(660,42): error C2065: 'v': undeclared identifier [G:\AIHUMAN\WorkSpace\FirstEngine\build\src\Renderer\FirstEngine_Renderer.vcxproj] G:\AIHUMAN\WorkSpace\FirstEngine\src\Renderer\FrameGraph.cpp(661,39): error C2143: syntax error: missing ';' before ':' [G:\AIHUMAN\WorkSpace\FirstEngine\build\src\Renderer\FirstEngine_Renderer.vcxproj] G:\AIHUMAN\WorkSpace\FirstEngine\src\Renderer\FrameGraph.cpp(661,64): error C2143: syntax error: missing ';' before ')' [G:\AIHUMAN\WorkSpace\FirstEngine\build\src\Renderer\FirstEngine_Renderer.vcxproj] G:\AIHUMAN\WorkSpace\FirstEngine\src\Renderer\FrameGraph.cpp(663,38): error C2065: 'v': undeclared identifier [G:\AIHUMAN\WorkSpace\FirstEngine\build\src\Renderer\FirstEngine_Renderer.vcxproj] G:\AIHUMAN\WorkSpace\FirstEngine\src\Renderer\FrameGraph.cpp(664,42): error C2065: 'v': undeclared identifier [G:\AIHUMAN\WorkSpace\FirstEngine\build\src\Renderer\FirstEngine_Renderer.vcxproj] G:\AIHUMAN\WorkSpace\FirstEngine\src\Renderer\FrameGraph.cpp(665,44): error C2065: 'v': undeclared identifier [G:\AIHUMAN\WorkSpace\FirstEngine\build\src\Renderer\FirstEngine_Renderer.vcxproj] G:\AIHUMAN\WorkSpace\FirstEngine\src\Renderer\FrameGraph.cpp(673,17): error C2059: syntax error: 'throw' [G:\AIHUMAN\WorkSpace\FirstEngine\build\src\Renderer\FirstEngine_Renderer.vcxproj] G:\AIHUMAN\WorkSpace\FirstEngine\src\Renderer\FrameGraph.cpp(674,13): error C2059: syntax error: '}' [G:\AIHUMAN\WorkSpace\FirstEngine\build\src\Renderer\FirstEngine_Renderer.vcxproj] G:\AIHUMAN\WorkSpace\FirstEngine\src\Renderer\FrameGraph.cpp(674,13): error C2143: syntax error: missing ';' before '}' [G:\AIHUMAN\WorkSpace\FirstEngine\build\src\Renderer\FirstEngine_Renderer.vcxproj] G:\AIHUMAN\WorkSpace\FirstEngine\src\Renderer\FrameGraph.cpp(677,9): error C2059: syntax error: '}' [G:\AIHUMAN\WorkSpace\FirstEngine\build\src\Renderer\FirstEngine_Renderer.vcxproj] G:\AIHUMAN\WorkSpace\FirstEngine\src\Renderer\FrameGraph.cpp(677,9): error C2143: syntax error: missing ';' before '}' [G:\AIHUMAN\WorkSpace\FirstEngine\build\src\Renderer\FirstEngine_Renderer.vcxproj] G:\AIHUMAN\WorkSpace\FirstEngine\src\Renderer\FrameGraph.cpp(679,5): error C2143: syntax error: missing ';' before '}' [G:\AIHUMAN\WorkSpace\FirstEngine\build\src\Renderer\FirstEngine_Renderer.vcxproj] G:\AIHUMAN\WorkSpace\FirstEngine\src\Renderer\FrameGraph.cpp(679,5): error C2059: syntax error: '}' [G:\AIHUMAN\WorkSpace\FirstEngine\build\src\Renderer\FirstEngine_Renderer.vcxproj] G:\AIHUMAN\WorkSpace\FirstEngine\src\Renderer\FrameGraph.cpp(680,1): error C2143: syntax error: missing ';' before '}' [G:\AIHUMAN\WorkSpace\FirstEngine\build\src\Renderer\FirstEngine_Renderer.vcxproj] G:\AIHUMAN\WorkSpace\FirstEngine\src\Renderer\FrameGraph.cpp(680,1): error C2059: syntax error: '}' [G:\AIHUMAN\WorkSpace\FirstEngine\build\src\Renderer\FirstEngine_Renderer.vcxproj]   ShadingMaterial.cpp G:\AIHUMAN\WorkSpace\FirstEngine\src\Renderer\ShadingMaterial.cpp(1,1): warning C4819: The file contains a character that cannot be represented in the current code page (936). Save the file in Unicode format to prevent data loss [G:\AIHUMAN\WorkSpace\FirstEngine\build\src\Renderer\FirstEngine_Renderer.vcxproj] G:\AIHUMAN\WorkSpace\FirstEngine\include\FirstEngine\RHI\Types.h(111,27): warning C4091: '__declspec(dllexport)': ignored on left of 'FirstEngine::RHI::DeviceInfo' when no variable is declared [G:\AIHUMAN\WorkSpace\FirstEngine\build\src\Renderer\FirstEngine_Renderer.vcxproj]   (compiling source file '../../../src/Renderer/ShadingMaterial.cpp')    G:\AIHUMAN\WorkSpace\FirstEngine\include\FirstEngine\RHI\Types.h(119,27): warning C4091: '__declspec(dllexport)': ignored on left of 'FirstEngine::RHI::AttachmentDescription' when no variable is declared [G:\AIHUMAN\WorkSpace\FirstEngine\build\src\Renderer\FirstEngine_Renderer.vcxproj]   (compiling source file '../../../src/Renderer/ShadingMaterial.cpp')    G:\AIHUMAN\WorkSpace\FirstEngine\include\FirstEngine\RHI\Types.h(130,27): warning C4091: '__declspec(dllexport)': ignored on left of 'FirstEngine::RHI::RenderPassDescription' when no variable is declared [G:\AIHUMAN\WorkSpace\FirstEngine\build\src\Renderer\FirstEngine_Renderer.vcxproj]   (compiling source file '../../../src/Renderer/ShadingMaterial.cpp')    G:\AIHUMAN\WorkSpace\FirstEngine\include\FirstEngine\RHI\Types.h(136,27): warning C4091: '__declspec(dllexport)': ignored on left of 'FirstEngine::RHI::ImageDescription' when no variable is declared [G:\AIHUMAN\WorkSpace\FirstEngine\build\src\Renderer\FirstEngine_Renderer.vcxproj]   (compiling source file '../../../src/Renderer/ShadingMaterial.cpp')    G:\AIHUMAN\WorkSpace\FirstEngine\include\FirstEngine\RHI\Types.h(147,27): warning C4091: '__declspec(dllexport)': ignored on left of 'FirstEngine::RHI::SwapchainDescription' when no variable is declared [G:\AIHUMAN\WorkSpace\FirstEngine\build\src\Renderer\FirstEngine_Renderer.vcxproj]   (compiling source file '../../../src/Renderer/ShadingMaterial.cpp')    G:\AIHUMAN\WorkSpace\FirstEngine\include\FirstEngine\RHI\Types.h(155,27): warning C4091: '__declspec(dllexport)': ignored on left of 'FirstEngine::RHI::VertexInputBinding' when no variable is declared [G:\AIHUMAN\WorkSpace\FirstEngine\build\src\Renderer\FirstEngine_Renderer.vcxproj]   (compiling source file '../../../src/Renderer/ShadingMaterial.cpp')    G:\AIHUMAN\WorkSpace\FirstEngine\include\FirstEngine\RHI\Types.h(161,27): warning C4091: '__declspec(dllexport)': ignored on left of 'FirstEngine::RHI::VertexInputAttribute' when no variable is declared [G:\AIHUMAN\WorkSpace\FirstEngine\build\src\Renderer\FirstEngine_Renderer.vcxproj]   (compiling source file '../../../src/Renderer/ShadingMaterial.cpp')    G:\AIHUMAN\WorkSpace\FirstEngine\include\FirstEngine\RHI\Types.h(168,27): warning C4091: '__declspec(dllexport)': ignored on left of 'FirstEngine::RHI::RasterizationState' when no variable is declared [G:\AIHUMAN\WorkSpace\FirstEngine\build\src\Renderer\FirstEngine_Renderer.vcxproj]   (compiling source file '../../../src/Renderer/ShadingMaterial.cpp')    G:\AIHUMAN\WorkSpace\FirstEngine\include\FirstEngine\RHI\Types.h(180,27): warning C4091: '__declspec(dllexport)': ignored on left of 'FirstEngine::RHI::DepthStencilState' when no variable is declared [G:\AIHUMAN\WorkSpace\FirstEngine\build\src\Renderer\FirstEngine_Renderer.vcxproj]   (compiling source file '../../../src/Renderer/ShadingMaterial.cpp')    G:\AIHUMAN\WorkSpace\FirstEngine\include\FirstEngine\RHI\Types.h(188,27): warning C4091: '__declspec(dllexport)': ignored on left of 'FirstEngine::RHI::ColorBlendAttachment' when no variable is declared [G:\AIHUMAN\WorkSpace\FirstEngine\build\src\Renderer\FirstEngine_Renderer.vcxproj]   (compiling source file '../../../src/Renderer/ShadingMaterial.cpp')    G:\AIHUMAN\WorkSpace\FirstEngine\include\FirstEngine\RHI\Types.h(198,27): warning C4091: '__declspec(dllexport)': ignored on left of 'FirstEngine::RHI::GraphicsPipelineDescription' when no variable is declared [G:\AIHUMAN\WorkSpace\FirstEngine\build\src\Renderer\FirstEngine_Renderer.vcxproj]   (compiling source file '../../../src/Renderer/ShadingMaterial.cpp')    G:\AIHUMAN\WorkSpace\FirstEngine\include\FirstEngine\RHI\Types.h(247,27): warning C4091: '__declspec(dllexport)': ignored on left of 'FirstEngine::RHI::ComputePipelineDescription' when no variable is declared [G:\AIHUMAN\WorkSpace\FirstEngine\build\src\Renderer\FirstEngine_Renderer.vcxproj]   (compiling source file '../../../src/Renderer/ShadingMaterial.cpp')    G:\AIHUMAN\WorkSpace\FirstEngine\include\FirstEngine\RHI\Types.h(254,27): warning C4091: '__declspec(dllexport)': ignored on left of 'FirstEngine::RHI::DescriptorBinding' when no variable is declared [G:\AIHUMAN\WorkSpace\FirstEngine\build\src\Renderer\FirstEngine_Renderer.vcxproj]   (compiling source file '../../../src/Renderer/ShadingMaterial.cpp')    G:\AIHUMAN\WorkSpace\FirstEngine\include\FirstEngine\RHI\Types.h(262,27): warning C4091: '__declspec(dllexport)': ignored on left of 'FirstEngine::RHI::DescriptorSetLayoutDescription' when no variable is declared [G:\AIHUMAN\WorkSpace\FirstEngine\build\src\Renderer\FirstEngine_Renderer.vcxproj]   (compiling source file '../../../src/Renderer/ShadingMaterial.cpp')    G:\AIHUMAN\WorkSpace\FirstEngine\include\FirstEngine\RHI\Types.h(267,27): warning C4091: '__declspec(dllexport)': ignored on left of 'FirstEngine::RHI::DescriptorBufferInfo' when no variable is declared [G:\AIHUMAN\WorkSpace\FirstEngine\build\src\Renderer\FirstEngine_Renderer.vcxproj]   (compiling source file '../../../src/Renderer/ShadingMaterial.cpp')    G:\AIHUMAN\WorkSpace\FirstEngine\include\FirstEngine\RHI\Types.h(273,27): warning C4091: '__declspec(dllexport)': ignored on left of 'FirstEngine::RHI::DescriptorImageInfo' when no variable is declared [G:\AIHUMAN\WorkSpace\FirstEngine\build\src\Renderer\FirstEngine_Renderer.vcxproj]   (compiling source file '../../../src/Renderer/ShadingMaterial.cpp')    G:\AIHUMAN\WorkSpace\FirstEngine\include\FirstEngine\RHI\Types.h(279,27): warning C4091: '__declspec(dllexport)': ignored on left of 'FirstEngine::RHI::DescriptorWrite' when no variable is declared [G:\AIHUMAN\WorkSpace\FirstEngine\build\src\Renderer\FirstEngine_Renderer.vcxproj]   (compiling source file '../../../src/Renderer/ShadingMaterial.cpp')    G:\AIHUMAN\WorkSpace\FirstEngine\include\FirstEngine\Renderer\PipelineState.h(24,52): warning C4251: 'FirstEngine::Renderer::PipelineState::colorBlendAttachments': 'std::vector<FirstEngine::RHI::ColorBlendAttachment,std::allocator<FirstEngine::RHI::ColorBlendAttachment>>' needs to have dll-interface to be used by clients of 'FirstEngine::Renderer::PipelineState' [G:\AIHUMAN\WorkSpace\FirstEngine\build\src\Renderer\FirstEngine_Renderer.vcxproj]   (compiling source file '../../../src/Renderer/ShadingMaterial.cpp')       C:\Program Files\Microsoft Visual Studio\2022\Professional\VC\Tools\MSVC\14.44.35207\include\vector(442,7):       see declaration of 'std::vector<FirstEngine::RHI::ColorBlendAttachment,std::allocator<FirstEngine::RHI::ColorBlendAttachment>>'    G:\AIHUMAN\WorkSpace\FirstEngine\include\FirstEngine\Renderer\ShadingState.h(29,46): warning C4251: 'FirstEngine::Renderer::ShadingState::shaderModules': 'std::vector<FirstEngine::RHI::IShaderModule *,std::allocator<FirstEngine::RHI::IShaderModule *>>' needs to have dll-interface to be used by clients of 'FirstEngine::Renderer::ShadingState' [G:\AIHUMAN\WorkSpace\FirstEngine\build\src\Renderer\FirstEngine_Renderer.vcxproj]   (compiling source file '../../../src/Renderer/ShadingMaterial.cpp')       C:\Program Files\Microsoft Visual Studio\2022\Professional\VC\Tools\MSVC\14.44.35207\include\vector(442,7):       see declaration of 'std::vector<FirstEngine::RHI::IShaderModule *,std::allocator<FirstEngine::RHI::IShaderModule *>>'    G:\AIHUMAN\WorkSpace\FirstEngine\include\FirstEngine\Renderer\ShadingState.h(56,45): warning C4251: 'FirstEngine::Renderer::ShadingState::m_Pipeline': 'std::unique_ptr<FirstEngine::RHI::IPipeline,std::default_delete<FirstEngine::RHI::IPipeline>>' needs to have dll-interface to be used by clients of 'FirstEngine::Renderer::ShadingState' [G:\AIHUMAN\WorkSpace\FirstEngine\build\src\Renderer\FirstEngine_Renderer.vcxproj]   (compiling source file '../../../src/Renderer/ShadingMaterial.cpp')       C:\Program Files\Microsoft Visual Studio\2022\Professional\VC\Tools\MSVC\14.44.35207\include\memory(3347,7):       see declaration of 'std::unique_ptr<FirstEngine::RHI::IPipeline,std::default_delete<FirstEngine::RHI::IPipeline>>'    G:\AIHUMAN\WorkSpace\FirstEngine\include\FirstEngine\Renderer\IRenderResource.h(67,48): warning C4251: 'FirstEngine::Renderer::IRenderResource::m_State': 'std::atomic<FirstEngine::Renderer::ResourceState>' needs to have dll-interface to be used by clients of 'FirstEngine::Renderer::IRenderResource' [G:\AIHUMAN\WorkSpace\FirstEngine\build\src\Renderer\FirstEngine_Renderer.vcxproj]   (compiling source file '../../../src/Renderer/ShadingMaterial.cpp')       C:\Program Files\Microsoft Visual Studio\2022\Professional\VC\Tools\MSVC\14.44.35207\include\atomic(2131,8):       see declaration of 'std::atomic<FirstEngine::Renderer::ResourceState>'    G:\AIHUMAN\WorkSpace\FirstEngine\external\vulkan\Include\glm\detail\type_quat.hpp(48,13): warning C4201: nonstandard extension used: nameless struct/union [G:\AIHUMAN\WorkSpace\FirstEngine\build\src\Renderer\FirstEngine_Renderer.vcxproj]   (compiling source file '../../../src/Renderer/ShadingMaterial.cpp')       G:\AIHUMAN\WorkSpace\FirstEngine\external\vulkan\Include\glm\detail\type_quat.hpp(48,13):       the template instantiation context (the oldest one first) is           G:\AIHUMAN\WorkSpace\FirstEngine\external\vulkan\Include\glm\detail\type_quat.hpp(19,9):           while compiling class template 'glm::qua'    G:\AIHUMAN\WorkSpace\FirstEngine\include\FirstEngine\Shader\ShaderCompiler.h(19,30): warning C4091: '__declspec(dllexport)': ignored on left of 'FirstEngine::Shader::ShaderResource' when no variable is declared [G:\AIHUMAN\WorkSpace\FirstEngine\build\src\Renderer\FirstEngine_Renderer.vcxproj]   (compiling source file '../../../src/Renderer/ShadingMaterial.cpp')    G:\AIHUMAN\WorkSpace\FirstEngine\include\FirstEngine\Shader\ShaderCompiler.h(43,30): warning C4091: '__declspec(dllexport)': ignored on left of 'FirstEngine::Shader::UniformBuffer' when no variable is declared [G:\AIHUMAN\WorkSpace\FirstEngine\build\src\Renderer\FirstEngine_Renderer.vcxproj]   (compiling source file '../../../src/Renderer/ShadingMaterial.cpp')    G:\AIHUMAN\WorkSpace\FirstEngine\include\FirstEngine\Shader\ShaderCompiler.h(53,30): warning C4091: '__declspec(dllexport)': ignored on left of 'FirstEngine::Shader::ShaderReflection' when no variable is declared [G:\AIHUMAN\WorkSpace\FirstEngine\build\src\Renderer\FirstEngine_Renderer.vcxproj]   (compiling source file '../../../src/Renderer/ShadingMaterial.cpp')    G:\AIHUMAN\WorkSpace\FirstEngine\include\FirstEngine\Shader\ShaderCompiler.h(100,35): warning C4251: 'FirstEngine::Shader::ShaderCompiler::m_Impl': 'std::unique_ptr<FirstEngine::Shader::ShaderCompiler::Impl,std::default_delete<FirstEngine::Shader::ShaderCompiler::Impl>>' needs to have dll-interface to be used by clients of 'FirstEngine::Shader::ShaderCompiler' [G:\AIHUMAN\WorkSpace\FirstEngine\build\src\Renderer\FirstEngine_Renderer.vcxproj]   (compiling source file '../../../src/Renderer/ShadingMaterial.cpp')       C:\Program Files\Microsoft Visual Studio\2022\Professional\VC\Tools\MSVC\14.44.35207\include\memory(3347,7):       see declaration of 'std::unique_ptr<FirstEngine::Shader::ShaderCompiler::Impl,std::default_delete<FirstEngine::Shader::ShaderCompiler::Impl>>'    G:\AIHUMAN\WorkSpace\FirstEngine\include\FirstEngine\Shader\ShaderCompiler.h(101,35): warning C4251: 'FirstEngine::Shader::ShaderCompiler::m_SPIRV': 'std::vector<uint32_t,std::allocator<uint32_t>>' needs to have dll-interface to be used by clients of 'FirstEngine::Shader::ShaderCompiler' [G:\AIHUMAN\WorkSpace\FirstEngine\build\src\Renderer\FirstEngine_Renderer.vcxproj]   (compiling source file '../../../src/Renderer/ShadingMaterial.cpp')       C:\Program Files\Microsoft Visual Studio\2022\Professional\VC\Tools\MSVC\14.44.35207\include\vector(442,7):       see declaration of 'std::vector<uint32_t,std::allocator<uint32_t>>'    G:\AIHUMAN\WorkSpace\FirstEngine\include\FirstEngine\Renderer\ShadingMaterial.h(297,38): warning C4251: 'FirstEngine::Renderer::ShadingMaterial::m_VertexInputs': 'std::vector<FirstEngine::Renderer::ShadingMaterial::VertexInput,std::allocator<FirstEngine::Renderer::ShadingMaterial::VertexInput>>' needs to have dll-interface to be used by clients of 'FirstEngine::Renderer::ShadingMaterial' [G:\AIHUMAN\WorkSpace\FirstEngine\build\src\Renderer\FirstEngine_Renderer.vcxproj]   (compiling source file '../../../src/Renderer/ShadingMaterial.cpp')       C:\Program Files\Microsoft Visual Studio\2022\Professional\VC\Tools\MSVC\14.44.35207\include\vector(442,7):       see declaration of 'std::vector<FirstEngine::Renderer::ShadingMaterial::VertexInput,std::allocator<FirstEngine::Renderer::ShadingMaterial::VertexInput>>'    G:\AIHUMAN\WorkSpace\FirstEngine\include\FirstEngine\Renderer\ShadingMaterial.h(300,34): warning C4251: 'FirstEngine::Renderer::ShadingMaterial::m_PushConstantData': 'std::vector<uint8_t,std::allocator<uint8_t>>' needs to have dll-interface to be used by clients of 'FirstEngine::Renderer::ShadingMaterial' [G:\AIHUMAN\WorkSpace\FirstEngine\build\src\Renderer\FirstEngine_Renderer.vcxproj]   (compiling source file '../../../src/Renderer/ShadingMaterial.cpp')       C:\Program Files\Microsoft Visual Studio\2022\Professional\VC\Tools\MSVC\14.44.35207\include\vector(442,7):       see declaration of 'std::vector<uint8_t,std::allocator<uint8_t>>'    G:\AIHUMAN\WorkSpace\FirstEngine\include\FirstEngine\Renderer\ShadingMaterial.h(304,47): warning C4251: 'FirstEngine::Renderer::ShadingMaterial::m_UniformBuffers': 'std::vector<FirstEngine::Renderer::ShadingMaterial::UniformBufferBinding,std::allocator<FirstEngine::Renderer::ShadingMaterial::UniformBufferBinding>>' needs to have dll-interface to be used by clients of 'FirstEngine::Renderer::ShadingMaterial' [G:\AIHUMAN\WorkSpace\FirstEngine\build\src\Renderer\FirstEngine_Renderer.vcxproj]   (compiling source file '../../../src/Renderer/ShadingMaterial.cpp')       C:\Program Files\Microsoft Visual Studio\2022\Professional\VC\Tools\MSVC\14.44.35207\include\vector(442,7):       see declaration of 'std::vector<FirstEngine::Renderer::ShadingMaterial::UniformBufferBinding,std::allocator<FirstEngine::Renderer::ShadingMaterial::UniformBufferBinding>>'    G:\AIHUMAN\WorkSpace\FirstEngine\include\FirstEngine\Renderer\ShadingMaterial.h(308,41): warning C4251: 'FirstEngine::Renderer::ShadingMaterial::m_TextureBindings': 'std::vector<FirstEngine::Renderer::ShadingMaterial::TextureBinding,std::allocator<FirstEngine::Renderer::ShadingMaterial::TextureBinding>>' needs to have dll-interface to be used by clients of 'FirstEngine::Renderer::ShadingMaterial' [G:\AIHUMAN\WorkSpace\FirstEngine\build\src\Renderer\FirstEngine_Renderer.vcxproj]   (compiling source file '../../../src/Renderer/ShadingMaterial.cpp')       C:\Program Files\Microsoft Visual Studio\2022\Professional\VC\Tools\MSVC\14.44.35207\include\vector(442,7):       see declaration of 'std::vector<FirstEngine::Renderer::ShadingMaterial::TextureBinding,std::allocator<FirstEngine::Renderer::ShadingMaterial::TextureBinding>>'    G:\AIHUMAN\WorkSpace\FirstEngine\include\FirstEngine\Renderer\ShadingMaterial.h(311,56): warning C4251: 'FirstEngine::Renderer::ShadingMaterial::m_DescriptorManager': 'std::unique_ptr<FirstEngine::Renderer::MaterialDescriptorManager,std::default_delete<FirstEngine::Renderer::MaterialDescriptorManager>>' needs to have dll-interface to be used by clients of 'FirstEngine::Renderer::ShadingMaterial' [G:\AIHUMAN\WorkSpace\FirstEngine\build\src\Renderer\FirstEngine_Renderer.vcxproj]   (compiling source file '../../../src/Renderer/ShadingMaterial.cpp')       C:\Program Files\Microsoft Visual Studio\2022\Professional\VC\Tools\MSVC\14.44.35207\include\memory(3347,7):       see declaration of 'std::unique_ptr<FirstEngine::Renderer::MaterialDescriptorManager,std::default_delete<FirstEngine::Renderer::MaterialDescriptorManager>>'    G:\AIHUMAN\WorkSpace\FirstEngine\include\FirstEngine\Renderer\ShadingMaterial.h(314,62): warning C4251: 'FirstEngine::Renderer::ShadingMaterial::m_OwnedShaderModules': 'std::vector<std::unique_ptr<FirstEngine::RHI::IShaderModule,std::default_delete<FirstEngine::RHI::IShaderModule>>,std::allocator<std::unique_ptr<FirstEngine::RHI::IShaderModule,std::default_delete<FirstEngine::RHI::IShaderModule>>>>' needs to have dll-interface to be used by clients of 'FirstEngine::Renderer::ShadingMaterial' [G:\AIHUMAN\WorkSpace\FirstEngine\build\src\Renderer\FirstEngine_Renderer.vcxproj]   (compiling source file '../../../src/Renderer/ShadingMaterial.cpp')       C:\Program Files\Microsoft Visual Studio\2022\Professional\VC\Tools\MSVC\14.44.35207\include\vector(442,7):       see declaration of 'std::vector<std::unique_ptr<FirstEngine::RHI::IShaderModule,std::default_delete<FirstEngine::RHI::IShaderModule>>,std::allocator<std::unique_ptr<FirstEngine::RHI::IShaderModule,std::default_delete<FirstEngine::RHI::IShaderModule>>>>'    G:\AIHUMAN\WorkSpace\FirstEngine\include\FirstEngine\Renderer\ShadingMaterial.h(318,30): warning C4251: 'FirstEngine::Renderer::ShadingMaterial::m_RenderParameters': 'std::unordered_map<std::string,FirstEngine::Renderer::ShadingMaterial::RenderParameterValue,std::hash<std::string>,std::equal_to<std::string>,std::allocator<std::pair<const std::string,FirstEngine::Renderer::ShadingMaterial::RenderParameterValue>>>' needs to have dll-interface to be used by clients of 'FirstEngine::Renderer::ShadingMaterial' [G:\AIHUMAN\WorkSpace\FirstEngine\build\src\Renderer\FirstEngine_Renderer.vcxproj]   (compiling source file '../../../src/Renderer/ShadingMaterial.cpp')       C:\Program Files\Microsoft Visual Studio\2022\Professional\VC\Tools\MSVC\14.44.35207\include\unordered_map(61,7):       see declaration of 'std::unordered_map<std::string,FirstEngine::Renderer::ShadingMaterial::RenderParameterValue,std::hash<std::string>,std::equal_to<std::string>,std::allocator<std::pair<const std::string,FirstEngine::Renderer::ShadingMaterial::RenderParameterValue>>>'    G:\AIHUMAN\WorkSpace\FirstEngine\include\FirstEngine\Renderer\MaterialDescriptorManager.h(1,1): warning C4819: The file contains a character that cannot be represented in the current code page (936). Save the file in Unicode format to prevent data loss [G:\AIHUMAN\WorkSpace\FirstEngine\build\src\Renderer\FirstEngine_Renderer.vcxproj]   (compiling source file '../../../src/Renderer/ShadingMaterial.cpp')    G:\AIHUMAN\WorkSpace\FirstEngine\include\FirstEngine\Renderer\MaterialDescriptorManager.h(78,74): warning C4251: 'FirstEngine::Renderer::MaterialDescriptorManager::m_DescriptorSetLayouts': 'std::unordered_map<uint32_t,FirstEngine::RHI::DescriptorSetLayoutHandle,std::hash<uint32_t>,std::equal_to<uint32_t>,std::allocator<std::pair<const uint32_t,FirstEngine::RHI::DescriptorSetLayoutHandle>>>' needs to have dll-interface to be used by clients of 'FirstEngine::Renderer::MaterialDescriptorManager' [G:\AIHUMAN\WorkSpace\FirstEngine\build\src\Renderer\FirstEngine_Renderer.vcxproj]   (compiling source file '../../../src/Renderer/ShadingMaterial.cpp')       C:\Program Files\Microsoft Visual Studio\2022\Professional\VC\Tools\MSVC\14.44.35207\include\unordered_map(61,7):       see declaration of 'std::unordered_map<uint32_t,FirstEngine::RHI::DescriptorSetLayoutHandle,std::hash<uint32_t>,std::equal_to<uint32_t>,std::allocator<std::pair<const uint32_t,FirstEngine::RHI::DescriptorSetLayoutHandle>>>'    G:\AIHUMAN\WorkSpace\FirstEngine\include\FirstEngine\Renderer\MaterialDescriptorManager.h(84,68): warning C4251: 'FirstEngine::Renderer::MaterialDescriptorManager::m_DescriptorSets': 'std::unordered_map<uint32_t,FirstEngine::RHI::DescriptorSetLayoutHandle,std::hash<uint32_t>,std::equal_to<uint32_t>,std::allocator<std::pair<const uint32_t,FirstEngine::RHI::DescriptorSetLayoutHandle>>>' needs to have dll-interface to be used by clients of 'FirstEngine::Renderer::MaterialDescriptorManager' [G:\AIHUMAN\WorkSpace\FirstEngine\build\src\Renderer\FirstEngine_Renderer.vcxproj]   (compiling source file '../../../src/Renderer/ShadingMaterial.cpp')       C:\Program Files\Microsoft Visual Studio\2022\Professional\VC\Tools\MSVC\14.44.35207\include\unordered_map(61,7):       see declaration of 'std::unordered_map<uint32_t,FirstEngine::RHI::DescriptorSetLayoutHandle,std::hash<uint32_t>,std::equal_to<uint32_t>,std::allocator<std::pair<const uint32_t,FirstEngine::RHI::DescriptorSetLayoutHandle>>>'    G:\AIHUMAN\WorkSpace\FirstEngine\include\FirstEngine\Renderer\RenderResourceManager.h(68,59): warning C4251: 'FirstEngine::Renderer::RenderResourceManager::s_Instance': 'std::unique_ptr<FirstEngine::Renderer::RenderResourceManager,std::default_delete<FirstEngine::Renderer::RenderResourceManager>>' needs to have dll-interface to be used by clients of 'FirstEngine::Renderer::RenderResourceManager' [G:\AIHUMAN\WorkSpace\FirstEngine\build\src\Renderer\FirstEngine_Renderer.vcxproj]   (compiling source file '../../../src/Renderer/ShadingMaterial.cpp')       C:\Program Files\Microsoft Visual Studio\2022\Professional\VC\Tools\MSVC\14.44.35207\include\memory(3347,7):       see declaration of 'std::unique_ptr<FirstEngine::Renderer::RenderResourceManager,std::default_delete<FirstEngine::Renderer::RenderResourceManager>>'    G:\AIHUMAN\WorkSpace\FirstEngine\include\FirstEngine\Renderer\RenderResourceManager.h(71,43): warning C4251: 'FirstEngine::Renderer::RenderResourceManager::m_Resources': 'std::vector<FirstEngine::Renderer::IRenderResource *,std::allocator<FirstEngine::Renderer::IRenderResource *>>' needs to have dll-interface to be used by clients of 'FirstEngine::Renderer::RenderResourceManager' [G:\AIHUMAN\WorkSpace\FirstEngine\build\src\Renderer\FirstEngine_Renderer.vcxproj]   (compiling source file '../../../src/Renderer/ShadingMaterial.cpp')       C:\Program Files\Microsoft Visual Studio\2022\Professional\VC\Tools\MSVC\14.44.35207\include\vector(442,7):       see declaration of 'std::vector<FirstEngine::Renderer::IRenderResource *,std::allocator<FirstEngine::Renderer::IRenderResource *>>'    G:\AIHUMAN\WorkSpace\FirstEngine\include\FirstEngine\Renderer\RenderParameterCollector.h(62,34): warning C4251: 'FirstEngine::Renderer::RenderParameterValue::data': 'std::vector<uint8_t,std::allocator<uint8_t>>' needs to have dll-interface to be used by clients of 'FirstEngine::Renderer::RenderParameterValue' [G:\AIHUMAN\WorkSpace\FirstEngine\build\src\Renderer\FirstEngine_Renderer.vcxproj]   (compiling source file '../../../src/Renderer/ShadingMaterial.cpp')       C:\Program Files\Microsoft Visual Studio\2022\Professional\VC\Tools\MSVC\14.44.35207\include\vector(442,7):       see declaration of 'std::vector<uint8_t,std::allocator<uint8_t>>'    G:\AIHUMAN\WorkSpace\FirstEngine\include\FirstEngine\Renderer\RenderParameterCollector.h(153,30): warning C4251: 'FirstEngine::Renderer::RenderParameterCollector::m_Parameters': 'std::unordered_map<std::string,FirstEngine::Renderer::RenderParameterValue,std::hash<std::string>,std::equal_to<std::string>,std::allocator<std::pair<const std::string,FirstEngine::Renderer::RenderParameterValue>>>' needs to have dll-interface to be used by clients of 'FirstEngine::Renderer::RenderParameterCollector' [G:\AIHUMAN\WorkSpace\FirstEngine\build\src\Renderer\FirstEngine_Renderer.vcxproj]   (compiling source file '../../../src/Renderer/ShadingMaterial.cpp')       C:\Program Files\Microsoft Visual Studio\2022\Professional\VC\Tools\MSVC\14.44.35207\include\unordered_map(61,7):       see declaration of 'std::unordered_map<std::string,FirstEngine::Renderer::RenderParameterValue,std::hash<std::string>,std::equal_to<std::string>,std::allocator<std::pair<const std::string,FirstEngine::Renderer::RenderParameterValue>>>'    G:\AIHUMAN\WorkSpace\FirstEngine\include\FirstEngine\Renderer\ShaderCollection.h(77,25): warning C4251: 'FirstEngine::Renderer::ShaderCollection::m_Name': 'std::basic_string<char,std::char_traits<char>,std::allocator<char>>' needs to have dll-interface to be used by clients of 'FirstEngine::Renderer::ShaderCollection' [G:\AIHUMAN\WorkSpace\FirstEngine\build\src\Renderer\FirstEngine_Renderer.vcxproj]   (compiling source file '../../../src/Renderer/ShadingMaterial.cpp')       C:\Program Files\Microsoft Visual Studio\2022\Professional\VC\Tools\MSVC\14.44.35207\include\xstring(541,7):       see declaration of 'std::basic_string<char,std::char_traits<char>,std::allocator<char>>'    G:\AIHUMAN\WorkSpace\FirstEngine\include\FirstEngine\Renderer\ShaderCollection.h(81,82): warning C4251: 'FirstEngine::Renderer::ShaderCollection::m_ShaderModules': 'std::unordered_map<FirstEngine::Renderer::ShaderStage,std::unique_ptr<FirstEngine::RHI::IShaderModule,std::default_delete<FirstEngine::RHI::IShaderModule>>,std::hash<FirstEngine::Renderer::ShaderStage>,std::equal_to<FirstEngine::Renderer::ShaderStage>,std::allocator<std::pair<const FirstEngine::Renderer::ShaderStage,std::unique_ptr<FirstEngine::RHI::IShaderModule,std::default_delete<FirstEngine::RHI::IShaderModule>>>>>' needs to have dll-interface to be used by clients of 'FirstEngine::Renderer::ShaderCollection' [G:\AIHUMAN\WorkSpace\FirstEngine\build\src\Renderer\FirstEngine_Renderer.vcxproj]   (compiling source file '../../../src/Renderer/ShadingMaterial.cpp')       C:\Program Files\Microsoft Visual Studio\2022\Professional\VC\Tools\MSVC\14.44.35207\include\unordered_map(61,7):       see declaration of 'std::unordered_map<FirstEngine::Renderer::ShaderStage,std::unique_ptr<FirstEngine::RHI::IShaderModule,std::default_delete<FirstEngine::RHI::IShaderModule>>,std::hash<FirstEngine::Renderer::ShaderStage>,std::equal_to<FirstEngine::Renderer::ShaderStage>,std::allocator<std::pair<const FirstEngine::Renderer::ShaderStage,std::unique_ptr<FirstEngine::RHI::IShaderModule,std::default_delete<FirstEngine::RHI::IShaderModule>>>>>'    G:\AIHUMAN\WorkSpace\FirstEngine\include\FirstEngine\Renderer\ShaderCollection.h(84,68): warning C4251: 'FirstEngine::Renderer::ShaderCollection::m_SPIRVCode': 'std::unordered_map<FirstEngine::Renderer::ShaderStage,std::vector<uint32_t,std::allocator<uint32_t>>,std::hash<FirstEngine::Renderer::ShaderStage>,std::equal_to<FirstEngine::Renderer::ShaderStage>,std::allocator<std::pair<const FirstEngine::Renderer::ShaderStage,std::vector<uint32_t,std::allocator<uint32_t>>>>>' needs to have dll-interface to be used by clients of 'FirstEngine::Renderer::ShaderCollection' [G:\AIHUMAN\WorkSpace\FirstEngine\build\src\Renderer\FirstEngine_Renderer.vcxproj]   (compiling source file '../../../src/Renderer/ShadingMaterial.cpp')       C:\Program Files\Microsoft Visual Studio\2022\Professional\VC\Tools\MSVC\14.44.35207\include\unordered_map(61,7):       see declaration of 'std::unordered_map<FirstEngine::Renderer::ShaderStage,std::vector<uint32_t,std::allocator<uint32_t>>,std::hash<FirstEngine::Renderer::ShaderStage>,std::equal_to<FirstEngine::Renderer::ShaderStage>,std::allocator<std::pair<const FirstEngine::Renderer::ShaderStage,std::vector<uint32_t,std::allocator<uint32_t>>>>>'    G:\AIHUMAN\WorkSpace\FirstEngine\include\FirstEngine\Renderer\ShaderCollection.h(87,58): warning C4251: 'FirstEngine::Renderer::ShaderCollection::m_MD5Hashes': 'std::unordered_map<FirstEngine::Renderer::ShaderStage,std::string,std::hash<FirstEngine::Renderer::ShaderStage>,std::equal_to<FirstEngine::Renderer::ShaderStage>,std::allocator<std::pair<const FirstEngine::Renderer::ShaderStage,std::string>>>' needs to have dll-interface to be used by clients of 'FirstEngine::Renderer::ShaderCollection' [G:\AIHUMAN\WorkSpace\FirstEngine\build\src\Renderer\FirstEngine_Renderer.vcxproj]   (compiling source file '../../../src/Renderer/ShadingMaterial.cpp')       C:\Program Files\Microsoft Visual Studio\2022\Professional\VC\Tools\MSVC\14.44.35207\include\unordered_map(61,7):       see declaration of 'std::unordered_map<FirstEngine::Renderer::ShaderStage,std::string,std::hash<FirstEngine::Renderer::ShaderStage>,std::equal_to<FirstEngine::Renderer::ShaderStage>,std::allocator<std::pair<const FirstEngine::Renderer::ShaderStage,std::string>>>'    G:\AIHUMAN\WorkSpace\FirstEngine\include\FirstEngine\Renderer\ShaderCollection.h(90,55): warning C4251: 'FirstEngine::Renderer::ShaderCollection::m_ShaderReflection': 'std::unique_ptr<FirstEngine::Shader::ShaderReflection,std::default_delete<FirstEngine::Shader::ShaderReflection>>' needs to have dll-interface to be used by clients of 'FirstEngine::Renderer::ShaderCollection' [G:\AIHUMAN\WorkSpace\FirstEngine\build\src\Renderer\FirstEngine_Renderer.vcxproj]   (compiling source file '../../../src/Renderer/ShadingMaterial.cpp')       C:\Program Files\Microsoft Visual Studio\2022\Professional\VC\Tools\MSVC\14.44.35207\include\memory(3347,7):       see declaration of 'std::unique_ptr<FirstEngine::Shader::ShaderReflection,std::default_delete<FirstEngine::Shader::ShaderReflection>>'    G:\AIHUMAN\WorkSpace\FirstEngine\include\FirstEngine\Renderer\ShaderCollectionsTools.h(70,25): warning C4251: 'FirstEngine::Renderer::ShaderCollectionsTools::m_ShaderDirectory': 'std::basic_string<char,std::char_traits<char>,std::allocator<char>>' needs to have dll-interface to be used by clients of 'FirstEngine::Renderer::ShaderCollectionsTools' [G:\AIHUMAN\WorkSpace\FirstEngine\build\src\Renderer\FirstEngine_Renderer.vcxproj]   (compiling source file '../../../src/Renderer/ShadingMaterial.cpp')       C:\Program Files\Microsoft Visual Studio\2022\Professional\VC\Tools\MSVC\14.44.35207\include\xstring(541,7):       see declaration of 'std::basic_string<char,std::char_traits<char>,std::allocator<char>>'    G:\AIHUMAN\WorkSpace\FirstEngine\include\FirstEngine\Renderer\ShaderCollectionsTools.h(73,77): warning C4251: 'FirstEngine::Renderer::ShaderCollectionsTools::m_Collections': 'std::unordered_map<uint64_t,std::unique_ptr<FirstEngine::Renderer::ShaderCollection,std::default_delete<FirstEngine::Renderer::ShaderCollection>>,std::hash<uint64_t>,std::equal_to<uint64_t>,std::allocator<std::pair<const uint64_t,std::unique_ptr<FirstEngine::Renderer::ShaderCollection,std::default_delete<FirstEngine::Renderer::ShaderCollection>>>>>' needs to have dll-interface to be used by clients of 'FirstEngine::Renderer::ShaderCollectionsTools' [G:\AIHUMAN\WorkSpace\FirstEngine\build\src\Renderer\FirstEngine_Renderer.vcxproj]   (compiling source file '../../../src/Renderer/ShadingMaterial.cpp')       C:\Program Files\Microsoft Visual Studio\2022\Professional\VC\Tools\MSVC\14.44.35207\include\unordered_map(61,7):       see declaration of 'std::unordered_map<uint64_t,std::unique_ptr<FirstEngine::Renderer::ShaderCollection,std::default_delete<FirstEngine::Renderer::ShaderCollection>>,std::hash<uint64_t>,std::equal_to<uint64_t>,std::allocator<std::pair<const uint64_t,std::unique_ptr<FirstEngine::Renderer::ShaderCollection,std::default_delete<FirstEngine::Renderer::ShaderCollection>>>>>'    G:\AIHUMAN\WorkSpace\FirstEngine\include\FirstEngine\Renderer\ShaderCollectionsTools.h(76,55): warning C4251: 'FirstEngine::Renderer::ShaderCollectionsTools::m_NameToID': 'std::unordered_map<std::string,uint64_t,std::hash<std::string>,std::equal_to<std::string>,std::allocator<std::pair<const std::string,uint64_t>>>' needs to have dll-interface to be used by clients of 'FirstEngine::Renderer::ShaderCollectionsTools' [G:\AIHUMAN\WorkSpace\FirstEngine\build\src\Renderer\FirstEngine_Renderer.vcxproj]   (compiling source file '../../../src/Renderer/ShadingMaterial.cpp')       C:\Program Files\Microsoft Visual Studio\2022\Professional\VC\Tools\MSVC\14.44.35207\include\unordered_map(61,7):       see declaration of 'std::unordered_map<std::string,uint64_t,std::hash<std::string>,std::equal_to<std::string>,std::allocator<std::pair<const std::string,uint64_t>>>'    G:\AIHUMAN\WorkSpace\FirstEngine\include\FirstEngine\Renderer\ShaderModuleTools.h(91,93): warning C4251: 'FirstEngine::Renderer::ShaderModuleTools::m_ShaderCache': 'std::unordered_map<FirstEngine::Renderer::ShaderModuleTools::CacheKey,std::unique_ptr<FirstEngine::RHI::IShaderModule,std::default_delete<FirstEngine::RHI::IShaderModule>>,FirstEngine::Renderer::ShaderModuleTools::CacheKeyHash,std::equal_to<FirstEngine::Renderer::ShaderModuleTools::CacheKey>,std::allocator<std::pair<const FirstEngine::Renderer::ShaderModuleTools::CacheKey,std::unique_ptr<FirstEngine::RHI::IShaderModule,std::default_delete<FirstEngine::RHI::IShaderModule>>>>>' needs to have dll-interface to be used by clients of 'FirstEngine::Renderer::ShaderModuleTools' [G:\AIHUMAN\WorkSpace\FirstEngine\build\src\Renderer\FirstEngine_Renderer.vcxproj]   (compiling source file '../../../src/Renderer/ShadingMaterial.cpp')       C:\Program Files\Microsoft Visual Studio\2022\Professional\VC\Tools\MSVC\14.44.35207\include\unordered_map(61,7):       see declaration of 'std::unordered_map<FirstEngine::Renderer::ShaderModuleTools::CacheKey,std::unique_ptr<FirstEngine::RHI::IShaderModule,std::default_delete<FirstEngine::RHI::IShaderModule>>,FirstEngine::Renderer::ShaderModuleTools::CacheKeyHash,std::equal_to<FirstEngine::Renderer::ShaderModuleTools::CacheKey>,std::allocator<std::pair<const FirstEngine::Renderer::ShaderModuleTools::CacheKey,std::unique_ptr<FirstEngine::RHI::IShaderModule,std::default_delete<FirstEngine::RHI::IShaderModule>>>>>'    G:\AIHUMAN\WorkSpace\FirstEngine\include\FirstEngine\Resources\ResourceID.h(85,57): warning C4251: 'FirstEngine::Resources::ResourceIDManager::m_IDToPath': 'std::unordered_map<FirstEngine::Resources::ResourceID,std::string,std::hash<uint64_t>,std::equal_to<uint64_t>,std::allocator<std::pair<const FirstEngine::Resources::ResourceID,std::string>>>' needs to have dll-interface to be used by clients of 'FirstEngine::Resources::ResourceIDManager' [G:\AIHUMAN\WorkSpace\FirstEngine\build\src\Renderer\FirstEngine_Renderer.vcxproj]   (compiling source file '../../../src/Renderer/ShadingMaterial.cpp')       C:\Program Files\Microsoft Visual Studio\2022\Professional\VC\Tools\MSVC\14.44.35207\include\unordered_map(61,7):       see declaration of 'std::unordered_map<FirstEngine::Resources::ResourceID,std::string,std::hash<uint64_t>,std::equal_to<uint64_t>,std::allocator<std::pair<const FirstEngine::Resources::ResourceID,std::string>>>'    G:\AIHUMAN\WorkSpace\FirstEngine\include\FirstEngine\Resources\ResourceID.h(88,57): warning C4251: 'FirstEngine::Resources::ResourceIDManager::m_IDToVirtualPath': 'std::unordered_map<FirstEngine::Resources::ResourceID,std::string,std::hash<uint64_t>,std::equal_to<uint64_t>,std::allocator<std::pair<const FirstEngine::Resources::ResourceID,std::string>>>' needs to have dll-interface to be used by clients of 'FirstEngine::Resources::ResourceIDManager' [G:\AIHUMAN\WorkSpace\FirstEngine\build\src\Renderer\FirstEngine_Renderer.vcxproj]   (compiling source file '../../../src/Renderer/ShadingMaterial.cpp')       C:\Program Files\Microsoft Visual Studio\2022\Professional\VC\Tools\MSVC\14.44.35207\include\unordered_map(61,7):       see declaration of 'std::unordered_map<FirstEngine::Resources::ResourceID,std::string,std::hash<uint64_t>,std::equal_to<uint64_t>,std::allocator<std::pair<const FirstEngine::Resources::ResourceID,std::string>>>'    G:\AIHUMAN\WorkSpace\FirstEngine\include\FirstEngine\Resources\ResourceID.h(91,57): warning C4251: 'FirstEngine::Resources::ResourceIDManager::m_PathToID': 'std::unordered_map<std::string,uint64_t,std::hash<std::string>,std::equal_to<std::string>,std::allocator<std::pair<const std::string,uint64_t>>>' needs to have dll-interface to be used by clients of 'FirstEngine::Resources::ResourceIDManager' [G:\AIHUMAN\WorkSpace\FirstEngine\build\src\Renderer\FirstEngine_Renderer.vcxproj]   (compiling source file '../../../src/Renderer/ShadingMaterial.cpp')       C:\Program Files\Microsoft Visual Studio\2022\Professional\VC\Tools\MSVC\14.44.35207\include\unordered_map(61,7):       see declaration of 'std::unordered_map<std::string,uint64_t,std::hash<std::string>,std::equal_to<std::string>,std::allocator<std::pair<const std::string,uint64_t>>>'    G:\AIHUMAN\WorkSpace\FirstEngine\include\FirstEngine\Resources\ResourceID.h(94,57): warning C4251: 'FirstEngine::Resources::ResourceIDManager::m_VirtualPathToID': 'std::unordered_map<std::string,uint64_t,std::hash<std::string>,std::equal_to<std::string>,std::allocator<std::pair<const std::string,uint64_t>>>' needs to have dll-interface to be used by clients of 'FirstEngine::Resources::ResourceIDManager' [G:\AIHUMAN\WorkSpace\FirstEngine\build\src\Renderer\FirstEngine_Renderer.vcxproj]   (compiling source file '../../../src/Renderer/ShadingMaterial.cpp')       C:\Program Files\Microsoft Visual Studio\2022\Professional\VC\Tools\MSVC\14.44.35207\include\unordered_map(61,7):       see declaration of 'std::unordered_map<std::string,uint64_t,std::hash<std::string>,std::equal_to<std::string>,std::allocator<std::pair<const std::string,uint64_t>>>'    G:\AIHUMAN\WorkSpace\FirstEngine\include\FirstEngine\Resources\ResourceID.h(97,58): warning C4251: 'FirstEngine::Resources::ResourceIDManager::m_IDToType': 'std::unordered_map<FirstEngine::Resources::ResourceID,FirstEngine::Resources::ResourceType,std::hash<uint64_t>,std::equal_to<uint64_t>,std::allocator<std::pair<const FirstEngine::Resources::ResourceID,FirstEngine::Resources::ResourceType>>>' needs to have dll-interface to be used by clients of 'FirstEngine::Resources::ResourceIDManager' [G:\AIHUMAN\WorkSpace\FirstEngine\build\src\Renderer\FirstEngine_Renderer.vcxproj]   (compiling source file '../../../src/Renderer/ShadingMaterial.cpp')       C:\Program Files\Microsoft Visual Studio\2022\Professional\VC\Tools\MSVC\14.44.35207\include\unordered_map(61,7):       see declaration of 'std::unordered_map<FirstEngine::Resources::ResourceID,FirstEngine::Resources::ResourceType,std::hash<uint64_t>,std::equal_to<uint64_t>,std::allocator<std::pair<const FirstEngine::Resources::ResourceID,FirstEngine::Resources::ResourceType>>>'    G:\AIHUMAN\WorkSpace\FirstEngine\include\FirstEngine\Resources\ResourceDependency.h(24,25): warning C4251: 'FirstEngine::Resources::ResourceDependency::slot': 'std::basic_string<char,std::char_traits<char>,std::allocator<char>>' needs to have dll-interface to be used by clients of 'FirstEngine::Resources::ResourceDependency' [G:\AIHUMAN\WorkSpace\FirstEngine\build\src\Renderer\FirstEngine_Renderer.vcxproj]   (compiling source file '../../../src/Renderer/ShadingMaterial.cpp')       C:\Program Files\Microsoft Visual Studio\2022\Professional\VC\Tools\MSVC\14.44.35207\include\xstring(541,7):       see declaration of 'std::basic_string<char,std::char_traits<char>,std::allocator<char>>'    G:\AIHUMAN\WorkSpace\FirstEngine\include\FirstEngine\Resources\ResourceTypes.h(56,25): warning C4251: 'FirstEngine::Resources::ResourceMetadata::filePath': 'std::basic_string<char,std::char_traits<char>,std::allocator<char>>' needs to have dll-interface to be used by clients of 'FirstEngine::Resources::ResourceMetadata' [G:\AIHUMAN\WorkSpace\FirstEngine\build\src\Renderer\FirstEngine_Renderer.vcxproj]   (compiling source file '../../../src/Renderer/ShadingMaterial.cpp')       C:\Program Files\Microsoft Visual Studio\2022\Professional\VC\Tools\MSVC\14.44.35207\include\xstring(541,7):       see declaration of 'std::basic_string<char,std::char_traits<char>,std::allocator<char>>'    G:\AIHUMAN\WorkSpace\FirstEngine\include\FirstEngine\Resources\ResourceTypes.h(57,25): warning C4251: 'FirstEngine::Resources::ResourceMetadata::name': 'std::basic_string<char,std::char_traits<char>,std::allocator<char>>' needs to have dll-interface to be used by clients of 'FirstEngine::Resources::ResourceMetadata' [G:\AIHUMAN\WorkSpace\FirstEngine\build\src\Renderer\FirstEngine_Renderer.vcxproj]   (compiling source file '../../../src/Renderer/ShadingMaterial.cpp')       C:\Program Files\Microsoft Visual Studio\2022\Professional\VC\Tools\MSVC\14.44.35207\include\xstring(541,7):       see declaration of 'std::basic_string<char,std::char_traits<char>,std::allocator<char>>'    G:\AIHUMAN\WorkSpace\FirstEngine\include\FirstEngine\Resources\ResourceTypes.h(64,45): warning C4251: 'FirstEngine::Resources::ResourceMetadata::dependencies': 'std::vector<FirstEngine::Resources::ResourceDependency,std::allocator<FirstEngine::Resources::ResourceDependency>>' needs to have dll-interface to be used by clients of 'FirstEngine::Resources::ResourceMetadata' [G:\AIHUMAN\WorkSpace\FirstEngine\build\src\Renderer\FirstEngine_Renderer.vcxproj]   (compiling source file '../../../src/Renderer/ShadingMaterial.cpp')       C:\Program Files\Microsoft Visual Studio\2022\Professional\VC\Tools\MSVC\14.44.35207\include\vector(442,7):       see declaration of 'std::vector<FirstEngine::Resources::ResourceDependency,std::allocator<FirstEngine::Resources::ResourceDependency>>'    G:\AIHUMAN\WorkSpace\FirstEngine\include\FirstEngine\Renderer\RenderGeometry.h(57,43): warning C4251: 'FirstEngine::Renderer::RenderGeometry::m_VertexBuffer': 'std::unique_ptr<FirstEngine::RHI::IBuffer,std::default_delete<FirstEngine::RHI::IBuffer>>' needs to have dll-interface to be used by clients of 'FirstEngine::Renderer::RenderGeometry' [G:\AIHUMAN\WorkSpace\FirstEngine\build\src\Renderer\FirstEngine_Renderer.vcxproj]   (compiling source file '../../../src/Renderer/ShadingMaterial.cpp')       C:\Program Files\Microsoft Visual Studio\2022\Professional\VC\Tools\MSVC\14.44.35207\include\memory(3347,7):       see declaration of 'std::unique_ptr<FirstEngine::RHI::IBuffer,std::default_delete<FirstEngine::RHI::IBuffer>>'    G:\AIHUMAN\WorkSpace\FirstEngine\include\FirstEngine\Renderer\RenderGeometry.h(58,43): warning C4251: 'FirstEngine::Renderer::RenderGeometry::m_IndexBuffer': 'std::unique_ptr<FirstEngine::RHI::IBuffer,std::default_delete<FirstEngine::RHI::IBuffer>>' needs to have dll-interface to be used by clients of 'FirstEngine::Renderer::RenderGeometry' [G:\AIHUMAN\WorkSpace\FirstEngine\build\src\Renderer\FirstEngine_Renderer.vcxproj]   (compiling source file '../../../src/Renderer/ShadingMaterial.cpp')       C:\Program Files\Microsoft Visual Studio\2022\Professional\VC\Tools\MSVC\14.44.35207\include\memory(3347,7):       see declaration of 'std::unique_ptr<FirstEngine::RHI::IBuffer,std::default_delete<FirstEngine::RHI::IBuffer>>'    G:\AIHUMAN\WorkSpace\FirstEngine\include\FirstEngine\Resources\ResourceProvider.h(120,53): warning C4251: 'FirstEngine::Resources::ResourceManager::s_Instance': 'std::unique_ptr<FirstEngine::Resources::ResourceManager,std::default_delete<FirstEngine::Resources::ResourceManager>>' needs to have dll-interface to be used by clients of 'FirstEngine::Resources::ResourceManager' [G:\AIHUMAN\WorkSpace\FirstEngine\build\src\Renderer\FirstEngine_Renderer.vcxproj]   (compiling source file '../../../src/Renderer/ShadingMaterial.cpp')       C:\Program Files\Microsoft Visual Studio\2022\Professional\VC\Tools\MSVC\14.44.35207\include\memory(3347,7):       see declaration of 'std::unique_ptr<FirstEngine::Resources::ResourceManager,std::default_delete<FirstEngine::Resources::ResourceManager>>'    G:\AIHUMAN\WorkSpace\FirstEngine\include\FirstEngine\Resources\ResourceProvider.h(126,82): warning C4251: 'FirstEngine::Resources::ResourceManager::m_Providers': 'std::unordered_map<FirstEngine::Resources::ResourceType,std::unique_ptr<FirstEngine::Resources::IResourceProvider,std::default_delete<FirstEngine::Resources::IResourceProvider>>,std::hash<FirstEngine::Resources::ResourceType>,std::equal_to<FirstEngine::Resources::ResourceType>,std::allocator<std::pair<const FirstEngine::Resources::ResourceType,std::unique_ptr<FirstEngine::Resources::IResourceProvider,std::default_delete<FirstEngine::Resources::IResourceProvider>>>>>' needs to have dll-interface to be used by clients of 'FirstEngine::Resources::ResourceManager' [G:\AIHUMAN\WorkSpace\FirstEngine\build\src\Renderer\FirstEngine_Renderer.vcxproj]   (compiling source file '../../../src/Renderer/ShadingMaterial.cpp')       C:\Program Files\Microsoft Visual Studio\2022\Professional\VC\Tools\MSVC\14.44.35207\include\unordered_map(61,7):       see declaration of 'std::unordered_map<FirstEngine::Resources::ResourceType,std::unique_ptr<FirstEngine::Resources::IResourceProvider,std::default_delete<FirstEngine::Resources::IResourceProvider>>,std::hash<FirstEngine::Resources::ResourceType>,std::equal_to<FirstEngine::Resources::ResourceType>,std::allocator<std::pair<const FirstEngine::Resources::ResourceType,std::unique_ptr<FirstEngine::Resources::IResourceProvider,std::default_delete<FirstEngine::Resources::IResourceProvider>>>>>'    G:\AIHUMAN\WorkSpace\FirstEngine\include\FirstEngine\Resources\ResourceProvider.h(129,68): warning C4251: 'FirstEngine::Resources::ResourceManager::m_LoadedMeshes': 'std::unordered_map<FirstEngine::Resources::ResourceID,std::unique_ptr<FirstEngine::Resources::IMesh,std::default_delete<FirstEngine::Resources::IMesh>>,std::hash<uint64_t>,std::equal_to<uint64_t>,std::allocator<std::pair<const FirstEngine::Resources::ResourceID,std::unique_ptr<FirstEngine::Resources::IMesh,std::default_delete<FirstEngine::Resources::IMesh>>>>>' needs to have dll-interface to be used by clients of 'FirstEngine::Resources::ResourceManager' [G:\AIHUMAN\WorkSpace\FirstEngine\build\src\Renderer\FirstEngine_Renderer.vcxproj]   (compiling source file '../../../src/Renderer/ShadingMaterial.cpp')       C:\Program Files\Microsoft Visual Studio\2022\Professional\VC\Tools\MSVC\14.44.35207\include\unordered_map(61,7):       see declaration of 'std::unordered_map<FirstEngine::Resources::ResourceID,std::unique_ptr<FirstEngine::Resources::IMesh,std::default_delete<FirstEngine::Resources::IMesh>>,std::hash<uint64_t>,std::equal_to<uint64_t>,std::allocator<std::pair<const FirstEngine::Resources::ResourceID,std::unique_ptr<FirstEngine::Resources::IMesh,std::default_delete<FirstEngine::Resources::IMesh>>>>>'    G:\AIHUMAN\WorkSpace\FirstEngine\include\FirstEngine\Resources\ResourceProvider.h(130,72): warning C4251: 'FirstEngine::Resources::ResourceManager::m_LoadedMaterials': 'std::unordered_map<FirstEngine::Resources::ResourceID,std::unique_ptr<FirstEngine::Resources::IMaterial,std::default_delete<FirstEngine::Resources::IMaterial>>,std::hash<uint64_t>,std::equal_to<uint64_t>,std::allocator<std::pair<const FirstEngine::Resources::ResourceID,std::unique_ptr<FirstEngine::Resources::IMaterial,std::default_delete<FirstEngine::Resources::IMaterial>>>>>' needs to have dll-interface to be used by clients of 'FirstEngine::Resources::ResourceManager' [G:\AIHUMAN\WorkSpace\FirstEngine\build\src\Renderer\FirstEngine_Renderer.vcxproj]   (compiling source file '../../../src/Renderer/ShadingMaterial.cpp')       C:\Program Files\Microsoft Visual Studio\2022\Professional\VC\Tools\MSVC\14.44.35207\include\unordered_map(61,7):       see declaration of 'std::unordered_map<FirstEngine::Resources::ResourceID,std::unique_ptr<FirstEngine::Resources::IMaterial,std::default_delete<FirstEngine::Resources::IMaterial>>,std::hash<uint64_t>,std::equal_to<uint64_t>,std::allocator<std::pair<const FirstEngine::Resources::ResourceID,std::unique_ptr<FirstEngine::Resources::IMaterial,std::default_delete<FirstEngine::Resources::IMaterial>>>>>'    G:\AIHUMAN\WorkSpace\FirstEngine\include\FirstEngine\Resources\ResourceProvider.h(131,71): warning C4251: 'FirstEngine::Resources::ResourceManager::m_LoadedTextures': 'std::unordered_map<FirstEngine::Resources::ResourceID,std::unique_ptr<FirstEngine::Resources::ITexture,std::default_delete<FirstEngine::Resources::ITexture>>,std::hash<uint64_t>,std::equal_to<uint64_t>,std::allocator<std::pair<const FirstEngine::Resources::ResourceID,std::unique_ptr<FirstEngine::Resources::ITexture,std::default_delete<FirstEngine::Resources::ITexture>>>>>' needs to have dll-interface to be used by clients of 'FirstEngine::Resources::ResourceManager' [G:\AIHUMAN\WorkSpace\FirstEngine\build\src\Renderer\FirstEngine_Renderer.vcxproj]   (compiling source file '../../../src/Renderer/ShadingMaterial.cpp')       C:\Program Files\Microsoft Visual Studio\2022\Professional\VC\Tools\MSVC\14.44.35207\include\unordered_map(61,7):       see declaration of 'std::unordered_map<FirstEngine::Resources::ResourceID,std::unique_ptr<FirstEngine::Resources::ITexture,std::default_delete<FirstEngine::Resources::ITexture>>,std::hash<uint64_t>,std::equal_to<uint64_t>,std::allocator<std::pair<const FirstEngine::Resources::ResourceID,std::unique_ptr<FirstEngine::Resources::ITexture,std::default_delete<FirstEngine::Resources::ITexture>>>>>'    G:\AIHUMAN\WorkSpace\FirstEngine\include\FirstEngine\Resources\ResourceProvider.h(132,69): warning C4251: 'FirstEngine::Resources::ResourceManager::m_LoadedModels': 'std::unordered_map<FirstEngine::Resources::ResourceID,std::unique_ptr<FirstEngine::Resources::IModel,std::default_delete<FirstEngine::Resources::IModel>>,std::hash<uint64_t>,std::equal_to<uint64_t>,std::allocator<std::pair<const FirstEngine::Resources::ResourceID,std::unique_ptr<FirstEngine::Resources::IModel,std::default_delete<FirstEngine::Resources::IModel>>>>>' needs to have dll-interface to be used by clients of 'FirstEngine::Resources::ResourceManager' [G:\AIHUMAN\WorkSpace\FirstEngine\build\src\Renderer\FirstEngine_Renderer.vcxproj]   (compiling source file '../../../src/Renderer/ShadingMaterial.cpp')       C:\Program Files\Microsoft Visual Studio\2022\Professional\VC\Tools\MSVC\14.44.35207\include\unordered_map(61,7):       see declaration of 'std::unordered_map<FirstEngine::Resources::ResourceID,std::unique_ptr<FirstEngine::Resources::IModel,std::default_delete<FirstEngine::Resources::IModel>>,std::hash<uint64_t>,std::equal_to<uint64_t>,std::allocator<std::pair<const FirstEngine::Resources::ResourceID,std::unique_ptr<FirstEngine::Resources::IModel,std::default_delete<FirstEngine::Resources::IModel>>>>>'    G:\AIHUMAN\WorkSpace\FirstEngine\include\FirstEngine\Resources\ResourceProvider.h(135,57): warning C4251: 'FirstEngine::Resources::ResourceManager::m_PathToIDCache': 'std::unordered_map<std::string,uint64_t,std::hash<std::string>,std::equal_to<std::string>,std::allocator<std::pair<const std::string,uint64_t>>>' needs to have dll-interface to be used by clients of 'FirstEngine::Resources::ResourceManager' [G:\AIHUMAN\WorkSpace\FirstEngine\build\src\Renderer\FirstEngine_Renderer.vcxproj]   (compiling source file '../../../src/Renderer/ShadingMaterial.cpp')       C:\Program Files\Microsoft Visual Studio\2022\Professional\VC\Tools\MSVC\14.44.35207\include\unordered_map(61,7):       see declaration of 'std::unordered_map<std::string,uint64_t,std::hash<std::string>,std::equal_to<std::string>,std::allocator<std::pair<const std::string,uint64_t>>>'    G:\AIHUMAN\WorkSpace\FirstEngine\include\FirstEngine\Resources\ResourceProvider.h(138,38): warning C4251: 'FirstEngine::Resources::ResourceManager::m_SearchPaths': 'std::vector<std::string,std::allocator<std::string>>' needs to have dll-interface to be used by clients of 'FirstEngine::Resources::ResourceManager' [G:\AIHUMAN\WorkSpace\FirstEngine\build\src\Renderer\FirstEngine_Renderer.vcxproj]   (compiling source file '../../../src/Renderer/ShadingMaterial.cpp')       C:\Program Files\Microsoft Visual Studio\2022\Professional\VC\Tools\MSVC\14.44.35207\include\vector(442,7):       see declaration of 'std::vector<std::string,std::allocator<std::string>>'    G:\AIHUMAN\WorkSpace\FirstEngine\include\FirstEngine\Resources\MaterialParameter.h(32,34): warning C4251: 'FirstEngine::Resources::MaterialParameterValue::data': 'std::vector<uint8_t,std::allocator<uint8_t>>' needs to have dll-interface to be used by clients of 'FirstEngine::Resources::MaterialParameterValue' [G:\AIHUMAN\WorkSpace\FirstEngine\build\src\Renderer\FirstEngine_Renderer.vcxproj]   (compiling source file '../../../src/Renderer/ShadingMaterial.cpp')       C:\Program Files\Microsoft Visual Studio\2022\Professional\VC\Tools\MSVC\14.44.35207\include\vector(442,7):       see declaration of 'std::vector<uint8_t,std::allocator<uint8_t>>'    G:\AIHUMAN\WorkSpace\FirstEngine\include\FirstEngine\Resources\MaterialResource.h(105,25): warning C4251: 'FirstEngine::Resources::MaterialResource::m_ShaderName': 'std::basic_string<char,std::char_traits<char>,std::allocator<char>>' needs to have dll-interface to be used by clients of 'FirstEngine::Resources::MaterialResource' [G:\AIHUMAN\WorkSpace\FirstEngine\build\src\Renderer\FirstEngine_Renderer.vcxproj]   (compiling source file '../../../src/Renderer/ShadingMaterial.cpp')       C:\Program Files\Microsoft Visual Studio\2022\Professional\VC\Tools\MSVC\14.44.35207\include\xstring(541,7):       see declaration of 'std::basic_string<char,std::char_traits<char>,std::allocator<char>>'    G:\AIHUMAN\WorkSpace\FirstEngine\include\FirstEngine\Resources\MaterialResource.h(112,60): warning C4251: 'FirstEngine::Resources::MaterialResource::m_Textures': 'std::unordered_map<std::string,FirstEngine::Resources::TextureHandle,std::hash<std::string>,std::equal_to<std::string>,std::allocator<std::pair<const std::string,FirstEngine::Resources::TextureHandle>>>' needs to have dll-interface to be used by clients of 'FirstEngine::Resources::MaterialResource' [G:\AIHUMAN\WorkSpace\FirstEngine\build\src\Renderer\FirstEngine_Renderer.vcxproj]   (compiling source file '../../../src/Renderer/ShadingMaterial.cpp')       C:\Program Files\Microsoft Visual Studio\2022\Professional\VC\Tools\MSVC\14.44.35207\include\unordered_map(61,7):       see declaration of 'std::unordered_map<std::string,FirstEngine::Resources::TextureHandle,std::hash<std::string>,std::equal_to<std::string>,std::allocator<std::pair<const std::string,FirstEngine::Resources::TextureHandle>>>'    G:\AIHUMAN\WorkSpace\FirstEngine\include\FirstEngine\Resources\MaterialResource.h(113,57): warning C4251: 'FirstEngine::Resources::MaterialResource::m_TextureIDs': 'std::unordered_map<std::string,uint64_t,std::hash<std::string>,std::equal_to<std::string>,std::allocator<std::pair<const std::string,uint64_t>>>' needs to have dll-interface to be used by clients of 'FirstEngine::Resources::MaterialResource' [G:\AIHUMAN\WorkSpace\FirstEngine\build\src\Renderer\FirstEngine_Renderer.vcxproj]   (compiling source file '../../../src/Renderer/ShadingMaterial.cpp')       C:\Program Files\Microsoft Visual Studio\2022\Professional\VC\Tools\MSVC\14.44.35207\include\unordered_map(61,7):       see declaration of 'std::unordered_map<std::string,uint64_t,std::hash<std::string>,std::equal_to<std::string>,std::allocator<std::pair<const std::string,uint64_t>>>'    G:\AIHUMAN\WorkSpace\FirstEngine\include\FirstEngine\Resources\MaterialResource.h(116,32): warning C4251: 'FirstEngine::Resources::MaterialResource::m_Parameters': 'std::unordered_map<std::string,FirstEngine::Resources::MaterialParameterValue,std::hash<std::string>,std::equal_to<std::string>,std::allocator<std::pair<const std::string,FirstEngine::Resources::MaterialParameterValue>>>' needs to have dll-interface to be used by clients of 'FirstEngine::Resources::MaterialResource' [G:\AIHUMAN\WorkSpace\FirstEngine\build\src\Renderer\FirstEngine_Renderer.vcxproj]   (compiling source file '../../../src/Renderer/ShadingMaterial.cpp')       C:\Program Files\Microsoft Visual Studio\2022\Professional\VC\Tools\MSVC\14.44.35207\include\unordered_map(61,7):       see declaration of 'std::unordered_map<std::string,FirstEngine::Resources::MaterialParameterValue,std::hash<std::string>,std::equal_to<std::string>,std::allocator<std::pair<const std::string,FirstEngine::Resources::MaterialParameterValue>>>'    G:\AIHUMAN\WorkSpace\FirstEngine\include\FirstEngine\Resources\MaterialResource.h(119,34): warning C4251: 'FirstEngine::Resources::MaterialResource::m_ParameterData': 'std::vector<uint8_t,std::allocator<uint8_t>>' needs to have dll-interface to be used by clients of 'FirstEngine::Resources::MaterialResource' [G:\AIHUMAN\WorkSpace\FirstEngine\build\src\Renderer\FirstEngine_Renderer.vcxproj]   (compiling source file '../../../src/Renderer/ShadingMaterial.cpp')       C:\Program Files\Microsoft Visual Studio\2022\Professional\VC\Tools\MSVC\14.44.35207\include\vector(442,7):       see declaration of 'std::vector<uint8_t,std::allocator<uint8_t>>'    G:\AIHUMAN\WorkSpace\FirstEngine\src\Renderer\ShadingMaterial.cpp(382,31): error C2065: 'sampler': undeclared identifier [G:\AIHUMAN\WorkSpace\FirstEngine\build\src\Renderer\FirstEngine_Renderer.vcxproj] G:\AIHUMAN\WorkSpace\FirstEngine\src\Renderer\ShadingMaterial.cpp(383,35): error C2065: 'sampler': undeclared identifier [G:\AIHUMAN\WorkSpace\FirstEngine\build\src\Renderer\FirstEngine_Renderer.vcxproj] G:\AIHUMAN\WorkSpace\FirstEngine\src\Renderer\ShadingMaterial.cpp(384,32): error C2065: 'sampler': undeclared identifier [G:\AIHUMAN\WorkSpace\FirstEngine\build\src\Renderer\FirstEngine_Renderer.vcxproj] G:\AIHUMAN\WorkSpace\FirstEngine\src\Renderer\ShadingMaterial.cpp(389,17): error C4430: missing type specifier - int assumed. Note: C++ does not support default-int [G:\AIHUMAN\WorkSpace\FirstEngine\build\src\Renderer\FirstEngine_Renderer.vcxproj] G:\AIHUMAN\WorkSpace\FirstEngine\src\Renderer\ShadingMaterial.cpp(389,32): error C2146: syntax error: missing ';' before identifier 'binding' [G:\AIHUMAN\WorkSpace\FirstEngine\build\src\Renderer\FirstEngine_Renderer.vcxproj] G:\AIHUMAN\WorkSpace\FirstEngine\src\Renderer\ShadingMaterial.cpp(390,17): error C3927: '->': trailing return type is not allowed after a non-function declarator [G:\AIHUMAN\WorkSpace\FirstEngine\build\src\Renderer\FirstEngine_Renderer.vcxproj] G:\AIHUMAN\WorkSpace\FirstEngine\src\Renderer\ShadingMaterial.cpp(390,24): error C3484: syntax error: expected '->' before the return type [G:\AIHUMAN\WorkSpace\FirstEngine\build\src\Renderer\FirstEngine_Renderer.vcxproj] G:\AIHUMAN\WorkSpace\FirstEngine\src\Renderer\ShadingMaterial.cpp(390,25): error C3613: missing return type after '->' ('int' assumed) [G:\AIHUMAN\WorkSpace\FirstEngine\build\src\Renderer\FirstEngine_Renderer.vcxproj] G:\AIHUMAN\WorkSpace\FirstEngine\src\Renderer\ShadingMaterial.cpp(390,17): error C4430: missing type specifier - int assumed. Note: C++ does not support default-int [G:\AIHUMAN\WorkSpace\FirstEngine\build\src\Renderer\FirstEngine_Renderer.vcxproj] G:\AIHUMAN\WorkSpace\FirstEngine\src\Renderer\ShadingMaterial.cpp(390,25): error C2146: syntax error: missing ';' before identifier 'set' [G:\AIHUMAN\WorkSpace\FirstEngine\build\src\Renderer\FirstEngine_Renderer.vcxproj] G:\AIHUMAN\WorkSpace\FirstEngine\src\Renderer\ShadingMaterial.cpp(391,17): error C3927: '->': trailing return type is not allowed after a non-function declarator [G:\AIHUMAN\WorkSpace\FirstEngine\build\src\Renderer\FirstEngine_Renderer.vcxproj] G:\AIHUMAN\WorkSpace\FirstEngine\src\Renderer\ShadingMaterial.cpp(391,24): error C3484: syntax error: expected '->' before the return type [G:\AIHUMAN\WorkSpace\FirstEngine\build\src\Renderer\FirstEngine_Renderer.vcxproj] G:\AIHUMAN\WorkSpace\FirstEngine\src\Renderer\ShadingMaterial.cpp(391,25): error C3613: missing return type after '->' ('int' assumed) [G:\AIHUMAN\WorkSpace\FirstEngine\build\src\Renderer\FirstEngine_Renderer.vcxproj] G:\AIHUMAN\WorkSpace\FirstEngine\src\Renderer\ShadingMaterial.cpp(391,17): error C4430: missing type specifier - int assumed. Note: C++ does not support default-int [G:\AIHUMAN\WorkSpace\FirstEngine\build\src\Renderer\FirstEngine_Renderer.vcxproj] G:\AIHUMAN\WorkSpace\FirstEngine\src\Renderer\ShadingMaterial.cpp(391,17): error C2086: 'int FirstEngine::Renderer::binding': redefinition [G:\AIHUMAN\WorkSpace\FirstEngine\build\src\Renderer\FirstEngine_Renderer.vcxproj]       G:\AIHUMAN\WorkSpace\FirstEngine\src\Renderer\ShadingMaterial.cpp(390,17):       see declaration of 'FirstEngine::Renderer::binding'    G:\AIHUMAN\WorkSpace\FirstEngine\src\Renderer\ShadingMaterial.cpp(391,25): error C2146: syntax error: missing ';' before identifier 'binding' [G:\AIHUMAN\WorkSpace\FirstEngine\build\src\Renderer\FirstEngine_Renderer.vcxproj] G:\AIHUMAN\WorkSpace\FirstEngine\src\Renderer\ShadingMaterial.cpp(392,17): error C3927: '->': trailing return type is not allowed after a non-function declarator [G:\AIHUMAN\WorkSpace\FirstEngine\build\src\Renderer\FirstEngine_Renderer.vcxproj] G:\AIHUMAN\WorkSpace\FirstEngine\src\Renderer\ShadingMaterial.cpp(392,24): error C3484: syntax error: expected '->' before the return type [G:\AIHUMAN\WorkSpace\FirstEngine\build\src\Renderer\FirstEngine_Renderer.vcxproj] G:\AIHUMAN\WorkSpace\FirstEngine\src\Renderer\ShadingMaterial.cpp(392,25): error C3613: missing return type after '->' ('int' assumed) [G:\AIHUMAN\WorkSpace\FirstEngine\build\src\Renderer\FirstEngine_Renderer.vcxproj] G:\AIHUMAN\WorkSpace\FirstEngine\src\Renderer\ShadingMaterial.cpp(392,17): error C4430: missing type specifier - int assumed. Note: C++ does not support default-int [G:\AIHUMAN\WorkSpace\FirstEngine\build\src\Renderer\FirstEngine_Renderer.vcxproj] G:\AIHUMAN\WorkSpace\FirstEngine\src\Renderer\ShadingMaterial.cpp(392,17): error C2086: 'int FirstEngine::Renderer::binding': redefinition [G:\AIHUMAN\WorkSpace\FirstEngine\build\src\Renderer\FirstEngine_Renderer.vcxproj]       G:\AIHUMAN\WorkSpace\FirstEngine\src\Renderer\ShadingMaterial.cpp(390,17):       see declaration of 'FirstEngine::Renderer::binding'    G:\AIHUMAN\WorkSpace\FirstEngine\src\Renderer\ShadingMaterial.cpp(392,25): error C2146: syntax error: missing ';' before identifier 'name' [G:\AIHUMAN\WorkSpace\FirstEngine\build\src\Renderer\FirstEngine_Renderer.vcxproj] G:\AIHUMAN\WorkSpace\FirstEngine\src\Renderer\ShadingMaterial.cpp(393,17): error C3927: '->': trailing return type is not allowed after a non-function declarator [G:\AIHUMAN\WorkSpace\FirstEngine\build\src\Renderer\FirstEngine_Renderer.vcxproj] G:\AIHUMAN\WorkSpace\FirstEngine\src\Renderer\ShadingMaterial.cpp(393,34): error C3484: syntax error: expected '->' before the return type [G:\AIHUMAN\WorkSpace\FirstEngine\build\src\Renderer\FirstEngine_Renderer.vcxproj] G:\AIHUMAN\WorkSpace\FirstEngine\src\Renderer\ShadingMaterial.cpp(393,35): error C3613: missing return type after '->' ('int' assumed) [G:\AIHUMAN\WorkSpace\FirstEngine\build\src\Renderer\FirstEngine_Renderer.vcxproj] G:\AIHUMAN\WorkSpace\FirstEngine\src\Renderer\ShadingMaterial.cpp(393,17): error C4430: missing type specifier - int assumed. Note: C++ does not support default-int [G:\AIHUMAN\WorkSpace\FirstEngine\build\src\Renderer\FirstEngine_Renderer.vcxproj] G:\AIHUMAN\WorkSpace\FirstEngine\src\Renderer\ShadingMaterial.cpp(393,35): error C2146: syntax error: missing ';' before identifier 'push_back' [G:\AIHUMAN\WorkSpace\FirstEngine\build\src\Renderer\FirstEngine_Renderer.vcxproj] G:\AIHUMAN\WorkSpace\FirstEngine\src\Renderer\ShadingMaterial.cpp(397,14): error C2653: 'ShadingMaterial': is not a class or namespace name [G:\AIHUMAN\WorkSpace\FirstEngine\build\src\Renderer\FirstEngine_Renderer.vcxproj] G:\AIHUMAN\WorkSpace\FirstEngine\src\Renderer\ShadingMaterial.cpp(422,32): error C2065: 'm_VertexInputs': undeclared identifier [G:\AIHUMAN\WorkSpace\FirstEngine\build\src\Renderer\FirstEngine_Renderer.vcxproj] G:\AIHUMAN\WorkSpace\FirstEngine\src\Renderer\ShadingMaterial.cpp(422,24): error C2530: 'input': references must be initialized [G:\AIHUMAN\WorkSpace\FirstEngine\build\src\Renderer\FirstEngine_Renderer.vcxproj] G:\AIHUMAN\WorkSpace\FirstEngine\src\Renderer\ShadingMaterial.cpp(422,24): error C3531: 'input': a symbol whose type contains 'auto' must have an initializer [G:\AIHUMAN\WorkSpace\FirstEngine\build\src\Renderer\FirstEngine_Renderer.vcxproj] G:\AIHUMAN\WorkSpace\FirstEngine\src\Renderer\ShadingMaterial.cpp(422,30): error C2143: syntax error: missing ';' before ':' [G:\AIHUMAN\WorkSpace\FirstEngine\build\src\Renderer\FirstEngine_Renderer.vcxproj] G:\AIHUMAN\WorkSpace\FirstEngine\src\Renderer\ShadingMaterial.cpp(422,46): error C2143: syntax error: missing ';' before ')' [G:\AIHUMAN\WorkSpace\FirstEngine\build\src\Renderer\FirstEngine_Renderer.vcxproj] G:\AIHUMAN\WorkSpace\FirstEngine\src\Renderer\ShadingMaterial.cpp(426,39): error C3861: 'CalculateFormatSize': identifier not found [G:\AIHUMAN\WorkSpace\FirstEngine\build\src\Renderer\FirstEngine_Renderer.vcxproj] G:\AIHUMAN\WorkSpace\FirstEngine\src\Renderer\ShadingMaterial.cpp(435,14): error C2653: 'ShadingMaterial': is not a class or namespace name [G:\AIHUMAN\WorkSpace\FirstEngine\build\src\Renderer\FirstEngine_Renderer.vcxproj] G:\AIHUMAN\WorkSpace\FirstEngine\src\Renderer\ShadingMaterial.cpp(435,40): error C2653: 'RHI': is not a class or namespace name [G:\AIHUMAN\WorkSpace\FirstEngine\build\src\Renderer\FirstEngine_Renderer.vcxproj] G:\AIHUMAN\WorkSpace\FirstEngine\src\Renderer\ShadingMaterial.cpp(435,45): error C2065: 'IDevice': undeclared identifier [G:\AIHUMAN\WorkSpace\FirstEngine\build\src\Renderer\FirstEngine_Renderer.vcxproj] G:\AIHUMAN\WorkSpace\FirstEngine\src\Renderer\ShadingMaterial.cpp(435,54): error C2065: 'device': undeclared identifier [G:\AIHUMAN\WorkSpace\FirstEngine\build\src\Renderer\FirstEngine_Renderer.vcxproj] G:\AIHUMAN\WorkSpace\FirstEngine\src\Renderer\ShadingMaterial.cpp(435,62): error C2143: syntax error: missing ';' before '{' [G:\AIHUMAN\WorkSpace\FirstEngine\build\src\Renderer\FirstEngine_Renderer.vcxproj] G:\AIHUMAN\WorkSpace\FirstEngine\src\Renderer\ShadingMaterial.cpp(436,13): error C2059: syntax error: 'if' [G:\AIHUMAN\WorkSpace\FirstEngine\build\src\Renderer\FirstEngine_Renderer.vcxproj] G:\AIHUMAN\WorkSpace\FirstEngine\src\Renderer\ShadingMaterial.cpp(436,26): error C2143: syntax error: missing ';' before '{' [G:\AIHUMAN\WorkSpace\FirstEngine\build\src\Renderer\FirstEngine_Renderer.vcxproj] G:\AIHUMAN\WorkSpace\FirstEngine\src\Renderer\ShadingMaterial.cpp(436,26): error C2447: '{': missing function header (old-style formal list?) [G:\AIHUMAN\WorkSpace\FirstEngine\build\src\Renderer\FirstEngine_Renderer.vcxproj] G:\AIHUMAN\WorkSpace\FirstEngine\src\Renderer\ShadingMaterial.cpp(441,13): error C4430: missing type specifier - int assumed. Note: C++ does not support default-int [G:\AIHUMAN\WorkSpace\FirstEngine\build\src\Renderer\FirstEngine_Renderer.vcxproj] G:\AIHUMAN\WorkSpace\FirstEngine\src\Renderer\ShadingMaterial.cpp(441,24): error C2065: 'device': undeclared identifier [G:\AIHUMAN\WorkSpace\FirstEngine\build\src\Renderer\FirstEngine_Renderer.vcxproj] G:\AIHUMAN\WorkSpace\FirstEngine\src\Renderer\ShadingMaterial.cpp(443,13): error C2059: syntax error: 'if' [G:\AIHUMAN\WorkSpace\FirstEngine\build\src\Renderer\FirstEngine_Renderer.vcxproj] G:\AIHUMAN\WorkSpace\FirstEngine\src\Renderer\ShadingMaterial.cpp(443,38): error C2143: syntax error: missing ';' before '{' [G:\AIHUMAN\WorkSpace\FirstEngine\build\src\Renderer\FirstEngine_Renderer.vcxproj] G:\AIHUMAN\WorkSpace\FirstEngine\src\Renderer\ShadingMaterial.cpp(443,38): error C2447: '{': missing function header (old-style formal list?) [G:\AIHUMAN\WorkSpace\FirstEngine\build\src\Renderer\FirstEngine_Renderer.vcxproj] G:\AIHUMAN\WorkSpace\FirstEngine\src\Renderer\ShadingMaterial.cpp(448,13): error C3927: '->': trailing return type is not allowed after a non-function declarator [G:\AIHUMAN\WorkSpace\FirstEngine\build\src\Renderer\FirstEngine_Renderer.vcxproj] G:\AIHUMAN\WorkSpace\FirstEngine\src\Renderer\ShadingMaterial.cpp(448,27): error C3484: syntax error: expected '->' before the return type [G:\AIHUMAN\WorkSpace\FirstEngine\build\src\Renderer\FirstEngine_Renderer.vcxproj] G:\AIHUMAN\WorkSpace\FirstEngine\src\Renderer\ShadingMaterial.cpp(448,28): error C3613: missing return type after '->' ('int' assumed) [G:\AIHUMAN\WorkSpace\FirstEngine\build\src\Renderer\FirstEngine_Renderer.vcxproj] G:\AIHUMAN\WorkSpace\FirstEngine\src\Renderer\ShadingMaterial.cpp(448,13): error C4430: missing type specifier - int assumed. Note: C++ does not support default-int [G:\AIHUMAN\WorkSpace\FirstEngine\build\src\Renderer\FirstEngine_Renderer.vcxproj] G:\AIHUMAN\WorkSpace\FirstEngine\src\Renderer\ShadingMaterial.cpp(448,28): error C2146: syntax error: missing ';' before identifier 'shaderModules' [G:\AIHUMAN\WorkSpace\FirstEngine\build\src\Renderer\FirstEngine_Renderer.vcxproj] G:\AIHUMAN\WorkSpace\FirstEngine\src\Renderer\ShadingMaterial.cpp(450,44): error C2061: syntax error: identifier 'ShaderCollection' [G:\AIHUMAN\WorkSpace\FirstEngine\build\src\Renderer\FirstEngine_Renderer.vcxproj] G:\AIHUMAN\WorkSpace\FirstEngine\src\Renderer\ShadingMaterial.cpp(451,33): error C2653: 'ShaderModuleTools': is not a class or namespace name [G:\AIHUMAN\WorkSpace\FirstEngine\build\src\Renderer\FirstEngine_Renderer.vcxproj] G:\AIHUMAN\WorkSpace\FirstEngine\src\Renderer\ShadingMaterial.cpp(451,52): error C3861: 'GetInstance': identifier not found [G:\AIHUMAN\WorkSpace\FirstEngine\build\src\Renderer\FirstEngine_Renderer.vcxproj] G:\AIHUMAN\WorkSpace\FirstEngine\src\Renderer\ShadingMaterial.cpp(454,13): error C2059: syntax error: 'if' [G:\AIHUMAN\WorkSpace\FirstEngine\build\src\Renderer\FirstEngine_Renderer.vcxproj] G:\AIHUMAN\WorkSpace\FirstEngine\src\Renderer\ShadingMaterial.cpp(454,47): error C2143: syntax error: missing ';' before '{' [G:\AIHUMAN\WorkSpace\FirstEngine\build\src\Renderer\FirstEngine_Renderer.vcxproj] G:\AIHUMAN\WorkSpace\FirstEngine\src\Renderer\ShadingMaterial.cpp(454,47): error C2447: '{': missing function header (old-style formal list?) [G:\AIHUMAN\WorkSpace\FirstEngine\build\src\Renderer\FirstEngine_Renderer.vcxproj] G:\AIHUMAN\WorkSpace\FirstEngine\src\Renderer\ShadingMaterial.cpp(459,27): error C3536: 'collection': cannot be used before it is initialized [G:\AIHUMAN\WorkSpace\FirstEngine\build\src\Renderer\FirstEngine_Renderer.vcxproj] G:\AIHUMAN\WorkSpace\FirstEngine\src\Renderer\ShadingMaterial.cpp(460,13): error C2059: syntax error: 'for' [G:\AIHUMAN\WorkSpace\FirstEngine\build\src\Renderer\FirstEngine_Renderer.vcxproj] G:\AIHUMAN\WorkSpace\FirstEngine\src\Renderer\ShadingMaterial.cpp(460,44): error C2059: syntax error: ')' [G:\AIHUMAN\WorkSpace\FirstEngine\build\src\Renderer\FirstEngine_Renderer.vcxproj] G:\AIHUMAN\WorkSpace\FirstEngine\src\Renderer\ShadingMaterial.cpp(460,38): error C4430: missing type specifier - int assumed. Note: C++ does not support default-int [G:\AIHUMAN\WorkSpace\FirstEngine\build\src\Renderer\FirstEngine_Renderer.vcxproj] G:\AIHUMAN\WorkSpace\FirstEngine\src\Renderer\ShadingMaterial.cpp(460,38): error C2371: 'stages': redefinition; different basic types [G:\AIHUMAN\WorkSpace\FirstEngine\build\src\Renderer\FirstEngine_Renderer.vcxproj]       G:\AIHUMAN\WorkSpace\FirstEngine\src\Renderer\ShadingMaterial.cpp(459,18):       see declaration of 'stages'    G:\AIHUMAN\WorkSpace\FirstEngine\src\Renderer\ShadingMaterial.cpp(462,17): error C2059: syntax error: 'const' [G:\AIHUMAN\WorkSpace\FirstEngine\build\src\Renderer\FirstEngine_Renderer.vcxproj] G:\AIHUMAN\WorkSpace\FirstEngine\src\Renderer\ShadingMaterial.cpp(463,17): error C2059: syntax error: 'if' [G:\AIHUMAN\WorkSpace\FirstEngine\build\src\Renderer\FirstEngine_Renderer.vcxproj] G:\AIHUMAN\WorkSpace\FirstEngine\src\Renderer\ShadingMaterial.cpp(463,55): error C2143: syntax error: missing ';' before '{' [G:\AIHUMAN\WorkSpace\FirstEngine\build\src\Renderer\FirstEngine_Renderer.vcxproj] G:\AIHUMAN\WorkSpace\FirstEngine\src\Renderer\ShadingMaterial.cpp(463,55): error C2447: '{': missing function header (old-style formal list?) [G:\AIHUMAN\WorkSpace\FirstEngine\build\src\Renderer\FirstEngine_Renderer.vcxproj] G:\AIHUMAN\WorkSpace\FirstEngine\src\Renderer\ShadingMaterial.cpp(468,69): error C2065: 'stage': undeclared identifier [G:\AIHUMAN\WorkSpace\FirstEngine\build\src\Renderer\FirstEngine_Renderer.vcxproj] G:\AIHUMAN\WorkSpace\FirstEngine\src\Renderer\ShadingMaterial.cpp(468,44): error C2530: 'md5Hash': references must be initialized [G:\AIHUMAN\WorkSpace\FirstEngine\build\src\Renderer\FirstEngine_Renderer.vcxproj] G:\AIHUMAN\WorkSpace\FirstEngine\src\Renderer\ShadingMaterial.cpp(469,17): error C2059: syntax error: 'if' [G:\AIHUMAN\WorkSpace\FirstEngine\build\src\Renderer\FirstEngine_Renderer.vcxproj] G:\AIHUMAN\WorkSpace\FirstEngine\src\Renderer\ShadingMaterial.cpp(469,38): error C2143: syntax error: missing ';' before '{' [G:\AIHUMAN\WorkSpace\FirstEngine\build\src\Renderer\FirstEngine_Renderer.vcxproj] G:\AIHUMAN\WorkSpace\FirstEngine\src\Renderer\ShadingMaterial.cpp(469,38): error C2447: '{': missing function header (old-style formal list?) [G:\AIHUMAN\WorkSpace\FirstEngine\build\src\Renderer\FirstEngine_Renderer.vcxproj] G:\AIHUMAN\WorkSpace\FirstEngine\src\Renderer\ShadingMaterial.cpp(474,17): error C2653: 'RHI': is not a class or namespace name [G:\AIHUMAN\WorkSpace\FirstEngine\build\src\Renderer\FirstEngine_Renderer.vcxproj] G:\AIHUMAN\WorkSpace\FirstEngine\src\Renderer\ShadingMaterial.cpp(474,35): error C2143: syntax error: missing ';' before '*' [G:\AIHUMAN\WorkSpace\FirstEngine\build\src\Renderer\FirstEngine_Renderer.vcxproj] G:\AIHUMAN\WorkSpace\FirstEngine\src\Renderer\ShadingMaterial.cpp(474,22): error C4430: missing type specifier - int assumed. Note: C++ does not support default-int [G:\AIHUMAN\WorkSpace\FirstEngine\build\src\Renderer\FirstEngine_Renderer.vcxproj] G:\AIHUMAN\WorkSpace\FirstEngine\src\Renderer\ShadingMaterial.cpp(474,37): error C4430: missing type specifier - int assumed. Note: C++ does not support default-int [G:\AIHUMAN\WorkSpace\FirstEngine\build\src\Renderer\FirstEngine_Renderer.vcxproj] G:\AIHUMAN\WorkSpace\FirstEngine\src\Renderer\ShadingMaterial.cpp(475,21): error C2065: 'm_ShaderCollectionID': undeclared identifier [G:\AIHUMAN\WorkSpace\FirstEngine\build\src\Renderer\FirstEngine_Renderer.vcxproj] G:\AIHUMAN\WorkSpace\FirstEngine\src\Renderer\ShadingMaterial.cpp(477,22): error C2065: 'spirvCode': undeclared identifier [G:\AIHUMAN\WorkSpace\FirstEngine\build\src\Renderer\FirstEngine_Renderer.vcxproj] G:\AIHUMAN\WorkSpace\FirstEngine\src\Renderer\ShadingMaterial.cpp(478,21): error C2065: 'stage': undeclared identifier [G:\AIHUMAN\WorkSpace\FirstEngine\build\src\Renderer\FirstEngine_Renderer.vcxproj] G:\AIHUMAN\WorkSpace\FirstEngine\src\Renderer\ShadingMaterial.cpp(481,17): error C2059: syntax error: 'if' [G:\AIHUMAN\WorkSpace\FirstEngine\build\src\Renderer\FirstEngine_Renderer.vcxproj] G:\AIHUMAN\WorkSpace\FirstEngine\src\Renderer\ShadingMaterial.cpp(481,35): error C2143: syntax error: missing ';' before '{' [G:\AIHUMAN\WorkSpace\FirstEngine\build\src\Renderer\FirstEngine_Renderer.vcxproj] G:\AIHUMAN\WorkSpace\FirstEngine\src\Renderer\ShadingMaterial.cpp(481,35): error C2447: '{': missing function header (old-style formal list?) [G:\AIHUMAN\WorkSpace\FirstEngine\build\src\Renderer\FirstEngine_Renderer.vcxproj] G:\AIHUMAN\WorkSpace\FirstEngine\src\Renderer\ShadingMaterial.cpp(484,13): error C2059: syntax error: '}' [G:\AIHUMAN\WorkSpace\FirstEngine\build\src\Renderer\FirstEngine_Renderer.vcxproj] G:\AIHUMAN\WorkSpace\FirstEngine\src\Renderer\ShadingMaterial.cpp(484,13): error C2143: syntax error: missing ';' before '}' [G:\AIHUMAN\WorkSpace\FirstEngine\build\src\Renderer\FirstEngine_Renderer.vcxproj] G:\AIHUMAN\WorkSpace\FirstEngine\src\Renderer\ShadingMaterial.cpp(486,55): error C2143: syntax error: missing ';' before '{' [G:\AIHUMAN\WorkSpace\FirstEngine\build\src\Renderer\FirstEngine_Renderer.vcxproj] G:\AIHUMAN\WorkSpace\FirstEngine\src\Renderer\ShadingMaterial.cpp(486,55): error C2447: '{': missing function header (old-style formal list?) [G:\AIHUMAN\WorkSpace\FirstEngine\build\src\Renderer\FirstEngine_Renderer.vcxproj] G:\AIHUMAN\WorkSpace\FirstEngine\src\Renderer\ShadingMaterial.cpp(491,13): error C4430: missing type specifier - int assumed. Note: C++ does not support default-int [G:\AIHUMAN\WorkSpace\FirstEngine\build\src\Renderer\FirstEngine_Renderer.vcxproj] G:\AIHUMAN\WorkSpace\FirstEngine\src\Renderer\ShadingMaterial.cpp(491,13): error C2556: 'int BuildVertexInputsFromShader(void)': overloaded function differs only by return type from 'void BuildVertexInputsFromShader(void)' [G:\AIHUMAN\WorkSpace\FirstEngine\build\src\Renderer\FirstEngine_Renderer.vcxproj]       G:\AIHUMAN\WorkSpace\FirstEngine\src\Renderer\ShadingMaterial.cpp(397,31):       see declaration of 'BuildVertexInputsFromShader'    G:\AIHUMAN\WorkSpace\FirstEngine\src\Renderer\ShadingMaterial.cpp(491,13): error C2371: 'BuildVertexInputsFromShader': redefinition; different basic types [G:\AIHUMAN\WorkSpace\FirstEngine\build\src\Renderer\FirstEngine_Renderer.vcxproj]       G:\AIHUMAN\WorkSpace\FirstEngine\src\Renderer\ShadingMaterial.cpp(397,31):       see declaration of 'BuildVertexInputsFromShader'    G:\AIHUMAN\WorkSpace\FirstEngine\src\Renderer\ShadingMaterial.cpp(494,13): error C2059: syntax error: 'if' [G:\AIHUMAN\WorkSpace\FirstEngine\build\src\Renderer\FirstEngine_Renderer.vcxproj] G:\AIHUMAN\WorkSpace\FirstEngine\src\Renderer\ShadingMaterial.cpp(494,48): error C2143: syntax error: missing ';' before '{' [G:\AIHUMAN\WorkSpace\FirstEngine\build\src\Renderer\FirstEngine_Renderer.vcxproj] G:\AIHUMAN\WorkSpace\FirstEngine\src\Renderer\ShadingMaterial.cpp(494,48): error C2447: '{': missing function header (old-style formal list?) [G:\AIHUMAN\WorkSpace\FirstEngine\build\src\Renderer\FirstEngine_Renderer.vcxproj] G:\AIHUMAN\WorkSpace\FirstEngine\src\Renderer\ShadingMaterial.cpp(499,13): error C4430: missing type specifier - int assumed. Note: C++ does not support default-int [G:\AIHUMAN\WorkSpace\FirstEngine\build\src\Renderer\FirstEngine_Renderer.vcxproj] G:\AIHUMAN\WorkSpace\FirstEngine\src\Renderer\ShadingMaterial.cpp(499,52): error C2065: 'MaterialDescriptorManager': undeclared identifier [G:\AIHUMAN\WorkSpace\FirstEngine\build\src\Renderer\FirstEngine_Renderer.vcxproj] G:\AIHUMAN\WorkSpace\FirstEngine\src\Renderer\ShadingMaterial.cpp(499,40): error C2672: 'std::make_unique': no matching overloaded function found [G:\AIHUMAN\WorkSpace\FirstEngine\build\src\Renderer\FirstEngine_Renderer.vcxproj]       C:\Program Files\Microsoft Visual Studio\2022\Professional\VC\Tools\MSVC\14.44.35207\include\memory(3640,6):       could be 'void std::make_unique(_Types ...)'           G:\AIHUMAN\WorkSpace\FirstEngine\src\Renderer\ShadingMaterial.cpp(499,52):           'std::make_unique': invalid template argument for '_Ty', type expected       C:\Program Files\Microsoft Visual Studio\2022\Professional\VC\Tools\MSVC\14.44.35207\include\memory(3634,57):       or       'std::unique_ptr<_Ty,std::default_delete<_Ty>> std::make_unique(const size_t)'           G:\AIHUMAN\WorkSpace\FirstEngine\src\Renderer\ShadingMaterial.cpp(499,52):           'std::make_unique': invalid template argument for '_Ty', type expected       C:\Program Files\Microsoft Visual Studio\2022\Professional\VC\Tools\MSVC\14.44.35207\include\memory(3629,57):       or       'std::unique_ptr<_Ty,std::default_delete<_Ty>> std::make_unique(_Types ...)'           G:\AIHUMAN\WorkSpace\FirstEngine\src\Renderer\ShadingMaterial.cpp(499,52):           'std::make_unique': invalid template argument for '_Ty', type expected    G:\AIHUMAN\WorkSpace\FirstEngine\src\Renderer\ShadingMaterial.cpp(500,13): error C2059: syntax error: 'if' [G:\AIHUMAN\WorkSpace\FirstEngine\build\src\Renderer\FirstEngine_Renderer.vcxproj] G:\AIHUMAN\WorkSpace\FirstEngine\src\Renderer\ShadingMaterial.cpp(500,65): error C2143: syntax error: missing ';' before '{' [G:\AIHUMAN\WorkSpace\FirstEngine\build\src\Renderer\FirstEngine_Renderer.vcxproj] G:\AIHUMAN\WorkSpace\FirstEngine\src\Renderer\ShadingMaterial.cpp(500,65): error C2447: '{': missing function header (old-style formal list?) [G:\AIHUMAN\WorkSpace\FirstEngine\build\src\Renderer\FirstEngine_Renderer.vcxproj] G:\AIHUMAN\WorkSpace\FirstEngine\src\Renderer\ShadingMaterial.cpp(510,13): error C2059: syntax error: 'return' [G:\AIHUMAN\WorkSpace\FirstEngine\build\src\Renderer\FirstEngine_Renderer.vcxproj] G:\AIHUMAN\WorkSpace\FirstEngine\src\Renderer\ShadingMaterial.cpp(511,9): error C2059: syntax error: '}' [G:\AIHUMAN\WorkSpace\FirstEngine\build\src\Renderer\FirstEngine_Renderer.vcxproj] G:\AIHUMAN\WorkSpace\FirstEngine\src\Renderer\ShadingMaterial.cpp(511,9): error C2143: syntax error: missing ';' before '}' [G:\AIHUMAN\WorkSpace\FirstEngine\build\src\Renderer\FirstEngine_Renderer.vcxproj] G:\AIHUMAN\WorkSpace\FirstEngine\src\Renderer\ShadingMaterial.cpp(513,14): error C2653: 'ShadingMaterial': is not a class or namespace name [G:\AIHUMAN\WorkSpace\FirstEngine\build\src\Renderer\FirstEngine_Renderer.vcxproj] G:\AIHUMAN\WorkSpace\FirstEngine\src\Renderer\ShadingMaterial.cpp(513,53): error C2653: 'RHI': is not a class or namespace name [G:\AIHUMAN\WorkSpace\FirstEngine\build\src\Renderer\FirstEngine_Renderer.vcxproj] G:\AIHUMAN\WorkSpace\FirstEngine\src\Renderer\ShadingMaterial.cpp(513,75): error C2653: 'RHI': is not a class or namespace name [G:\AIHUMAN\WorkSpace\FirstEngine\build\src\Renderer\FirstEngine_Renderer.vcxproj] G:\AIHUMAN\WorkSpace\FirstEngine\src\Renderer\ShadingMaterial.cpp(513,105): error C2143: syntax error: missing ';' before '{' [G:\AIHUMAN\WorkSpace\FirstEngine\build\src\Renderer\FirstEngine_Renderer.vcxproj] G:\AIHUMAN\WorkSpace\FirstEngine\src\Renderer\ShadingMaterial.cpp(513,105): error C2447: '{': missing function header (old-style formal list?) [G:\AIHUMAN\WorkSpace\FirstEngine\build\src\Renderer\FirstEngine_Renderer.vcxproj] G:\AIHUMAN\WorkSpace\FirstEngine\src\Renderer\ShadingMaterial.cpp(576,14): error C2653: 'ShadingMaterial': is not a class or namespace name [G:\AIHUMAN\WorkSpace\FirstEngine\build\src\Renderer\FirstEngine_Renderer.vcxproj] G:\AIHUMAN\WorkSpace\FirstEngine\src\Renderer\ShadingMaterial.cpp(576,40): error C2653: 'RHI': is not a class or namespace name [G:\AIHUMAN\WorkSpace\FirstEngine\build\src\Renderer\FirstEngine_Renderer.vcxproj] G:\AIHUMAN\WorkSpace\FirstEngine\src\Renderer\ShadingMaterial.cpp(576,40): error C1003: error count exceeds 100; stopping compilation [G:\AIHUMAN\WorkSpace\FirstEngine\build\src\Renderer\FirstEngine_Renderer.vcxproj]   ShaderModuleTools.cpp G:\AIHUMAN\WorkSpace\FirstEngine\include\FirstEngine\RHI\Types.h(111,27): warning C4091: '__declspec(dllexport)': ignored on left of 'FirstEngine::RHI::DeviceInfo' when no variable is declared [G:\AIHUMAN\WorkSpace\FirstEngine\build\src\Renderer\FirstEngine_Renderer.vcxproj]   (compiling source file '../../../src/Renderer/ShaderModuleTools.cpp')    G:\AIHUMAN\WorkSpace\FirstEngine\include\FirstEngine\RHI\Types.h(119,27): warning C4091: '__declspec(dllexport)': ignored on left of 'FirstEngine::RHI::AttachmentDescription' when no variable is declared [G:\AIHUMAN\WorkSpace\FirstEngine\build\src\Renderer\FirstEngine_Renderer.vcxproj]   (compiling source file '../../../src/Renderer/ShaderModuleTools.cpp')    G:\AIHUMAN\WorkSpace\FirstEngine\include\FirstEngine\RHI\Types.h(130,27): warning C4091: '__declspec(dllexport)': ignored on left of 'FirstEngine::RHI::RenderPassDescription' when no variable is declared [G:\AIHUMAN\WorkSpace\FirstEngine\build\src\Renderer\FirstEngine_Renderer.vcxproj]   (compiling source file '../../../src/Renderer/ShaderModuleTools.cpp')    G:\AIHUMAN\WorkSpace\FirstEngine\include\FirstEngine\RHI\Types.h(136,27): warning C4091: '__declspec(dllexport)': ignored on left of 'FirstEngine::RHI::ImageDescription' when no variable is declared [G:\AIHUMAN\WorkSpace\FirstEngine\build\src\Renderer\FirstEngine_Renderer.vcxproj]   (compiling source file '../../../src/Renderer/ShaderModuleTools.cpp')    G:\AIHUMAN\WorkSpace\FirstEngine\include\FirstEngine\RHI\Types.h(147,27): warning C4091: '__declspec(dllexport)': ignored on left of 'FirstEngine::RHI::SwapchainDescription' when no variable is declared [G:\AIHUMAN\WorkSpace\FirstEngine\build\src\Renderer\FirstEngine_Renderer.vcxproj]   (compiling source file '../../../src/Renderer/ShaderModuleTools.cpp')    G:\AIHUMAN\WorkSpace\FirstEngine\include\FirstEngine\RHI\Types.h(155,27): warning C4091: '__declspec(dllexport)': ignored on left of 'FirstEngine::RHI::VertexInputBinding' when no variable is declared [G:\AIHUMAN\WorkSpace\FirstEngine\build\src\Renderer\FirstEngine_Renderer.vcxproj]   (compiling source file '../../../src/Renderer/ShaderModuleTools.cpp')    G:\AIHUMAN\WorkSpace\FirstEngine\include\FirstEngine\RHI\Types.h(161,27): warning C4091: '__declspec(dllexport)': ignored on left of 'FirstEngine::RHI::VertexInputAttribute' when no variable is declared [G:\AIHUMAN\WorkSpace\FirstEngine\build\src\Renderer\FirstEngine_Renderer.vcxproj]   (compiling source file '../../../src/Renderer/ShaderModuleTools.cpp')    G:\AIHUMAN\WorkSpace\FirstEngine\include\FirstEngine\RHI\Types.h(168,27): warning C4091: '__declspec(dllexport)': ignored on left of 'FirstEngine::RHI::RasterizationState' when no variable is declared [G:\AIHUMAN\WorkSpace\FirstEngine\build\src\Renderer\FirstEngine_Renderer.vcxproj]   (compiling source file '../../../src/Renderer/ShaderModuleTools.cpp')    G:\AIHUMAN\WorkSpace\FirstEngine\include\FirstEngine\RHI\Types.h(180,27): warning C4091: '__declspec(dllexport)': ignored on left of 'FirstEngine::RHI::DepthStencilState' when no variable is declared [G:\AIHUMAN\WorkSpace\FirstEngine\build\src\Renderer\FirstEngine_Renderer.vcxproj]   (compiling source file '../../../src/Renderer/ShaderModuleTools.cpp')    G:\AIHUMAN\WorkSpace\FirstEngine\include\FirstEngine\RHI\Types.h(188,27): warning C4091: '__declspec(dllexport)': ignored on left of 'FirstEngine::RHI::ColorBlendAttachment' when no variable is declared [G:\AIHUMAN\WorkSpace\FirstEngine\build\src\Renderer\FirstEngine_Renderer.vcxproj]   (compiling source file '../../../src/Renderer/ShaderModuleTools.cpp')    G:\AIHUMAN\WorkSpace\FirstEngine\include\FirstEngine\RHI\Types.h(198,27): warning C4091: '__declspec(dllexport)': ignored on left of 'FirstEngine::RHI::GraphicsPipelineDescription' when no variable is declared [G:\AIHUMAN\WorkSpace\FirstEngine\build\src\Renderer\FirstEngine_Renderer.vcxproj]   (compiling source file '../../../src/Renderer/ShaderModuleTools.cpp')    G:\AIHUMAN\WorkSpace\FirstEngine\include\FirstEngine\RHI\Types.h(247,27): warning C4091: '__declspec(dllexport)': ignored on left of 'FirstEngine::RHI::ComputePipelineDescription' when no variable is declared [G:\AIHUMAN\WorkSpace\FirstEngine\build\src\Renderer\FirstEngine_Renderer.vcxproj]   (compiling source file '../../../src/Renderer/ShaderModuleTools.cpp')    G:\AIHUMAN\WorkSpace\FirstEngine\include\FirstEngine\RHI\Types.h(254,27): warning C4091: '__declspec(dllexport)': ignored on left of 'FirstEngine::RHI::DescriptorBinding' when no variable is declared [G:\AIHUMAN\WorkSpace\FirstEngine\build\src\Renderer\FirstEngine_Renderer.vcxproj]   (compiling source file '../../../src/Renderer/ShaderModuleTools.cpp')    G:\AIHUMAN\WorkSpace\FirstEngine\include\FirstEngine\RHI\Types.h(262,27): warning C4091: '__declspec(dllexport)': ignored on left of 'FirstEngine::RHI::DescriptorSetLayoutDescription' when no variable is declared [G:\AIHUMAN\WorkSpace\FirstEngine\build\src\Renderer\FirstEngine_Renderer.vcxproj]   (compiling source file '../../../src/Renderer/ShaderModuleTools.cpp')    G:\AIHUMAN\WorkSpace\FirstEngine\include\FirstEngine\RHI\Types.h(267,27): warning C4091: '__declspec(dllexport)': ignored on left of 'FirstEngine::RHI::DescriptorBufferInfo' when no variable is declared [G:\AIHUMAN\WorkSpace\FirstEngine\build\src\Renderer\FirstEngine_Renderer.vcxproj]   (compiling source file '../../../src/Renderer/ShaderModuleTools.cpp')    G:\AIHUMAN\WorkSpace\FirstEngine\include\FirstEngine\RHI\Types.h(273,27): warning C4091: '__declspec(dllexport)': ignored on left of 'FirstEngine::RHI::DescriptorImageInfo' when no variable is declared [G:\AIHUMAN\WorkSpace\FirstEngine\build\src\Renderer\FirstEngine_Renderer.vcxproj]   (compiling source file '../../../src/Renderer/ShaderModuleTools.cpp')    G:\AIHUMAN\WorkSpace\FirstEngine\include\FirstEngine\RHI\Types.h(279,27): warning C4091: '__declspec(dllexport)': ignored on left of 'FirstEngine::RHI::DescriptorWrite' when no variable is declared [G:\AIHUMAN\WorkSpace\FirstEngine\build\src\Renderer\FirstEngine_Renderer.vcxproj]   (compiling source file '../../../src/Renderer/ShaderModuleTools.cpp')    G:\AIHUMAN\WorkSpace\FirstEngine\include\FirstEngine\Renderer\ShaderCollection.h(77,25): warning C4251: 'FirstEngine::Renderer::ShaderCollection::m_Name': 'std::basic_string<char,std::char_traits<char>,std::allocator<char>>' needs to have dll-interface to be used by clients of 'FirstEngine::Renderer::ShaderCollection' [G:\AIHUMAN\WorkSpace\FirstEngine\build\src\Renderer\FirstEngine_Renderer.vcxproj]   (compiling source file '../../../src/Renderer/ShaderModuleTools.cpp')       C:\Program Files\Microsoft Visual Studio\2022\Professional\VC\Tools\MSVC\14.44.35207\include\xstring(541,7):       see declaration of 'std::basic_string<char,std::char_traits<char>,std::allocator<char>>'    G:\AIHUMAN\WorkSpace\FirstEngine\include\FirstEngine\Renderer\ShaderCollection.h(81,82): warning C4251: 'FirstEngine::Renderer::ShaderCollection::m_ShaderModules': 'std::unordered_map<FirstEngine::Renderer::ShaderStage,std::unique_ptr<FirstEngine::RHI::IShaderModule,std::default_delete<FirstEngine::RHI::IShaderModule>>,std::hash<FirstEngine::Renderer::ShaderStage>,std::equal_to<FirstEngine::Renderer::ShaderStage>,std::allocator<std::pair<const FirstEngine::Renderer::ShaderStage,std::unique_ptr<FirstEngine::RHI::IShaderModule,std::default_delete<FirstEngine::RHI::IShaderModule>>>>>' needs to have dll-interface to be used by clients of 'FirstEngine::Renderer::ShaderCollection' [G:\AIHUMAN\WorkSpace\FirstEngine\build\src\Renderer\FirstEngine_Renderer.vcxproj]   (compiling source file '../../../src/Renderer/ShaderModuleTools.cpp')       C:\Program Files\Microsoft Visual Studio\2022\Professional\VC\Tools\MSVC\14.44.35207\include\unordered_map(61,7):       see declaration of 'std::unordered_map<FirstEngine::Renderer::ShaderStage,std::unique_ptr<FirstEngine::RHI::IShaderModule,std::default_delete<FirstEngine::RHI::IShaderModule>>,std::hash<FirstEngine::Renderer::ShaderStage>,std::equal_to<FirstEngine::Renderer::ShaderStage>,std::allocator<std::pair<const FirstEngine::Renderer::ShaderStage,std::unique_ptr<FirstEngine::RHI::IShaderModule,std::default_delete<FirstEngine::RHI::IShaderModule>>>>>'    G:\AIHUMAN\WorkSpace\FirstEngine\include\FirstEngine\Renderer\ShaderCollection.h(84,68): warning C4251: 'FirstEngine::Renderer::ShaderCollection::m_SPIRVCode': 'std::unordered_map<FirstEngine::Renderer::ShaderStage,std::vector<uint32_t,std::allocator<uint32_t>>,std::hash<FirstEngine::Renderer::ShaderStage>,std::equal_to<FirstEngine::Renderer::ShaderStage>,std::allocator<std::pair<const FirstEngine::Renderer::ShaderStage,std::vector<uint32_t,std::allocator<uint32_t>>>>>' needs to have dll-interface to be used by clients of 'FirstEngine::Renderer::ShaderCollection' [G:\AIHUMAN\WorkSpace\FirstEngine\build\src\Renderer\FirstEngine_Renderer.vcxproj]   (compiling source file '../../../src/Renderer/ShaderModuleTools.cpp')       C:\Program Files\Microsoft Visual Studio\2022\Professional\VC\Tools\MSVC\14.44.35207\include\unordered_map(61,7):       see declaration of 'std::unordered_map<FirstEngine::Renderer::ShaderStage,std::vector<uint32_t,std::allocator<uint32_t>>,std::hash<FirstEngine::Renderer::ShaderStage>,std::equal_to<FirstEngine::Renderer::ShaderStage>,std::allocator<std::pair<const FirstEngine::Renderer::ShaderStage,std::vector<uint32_t,std::allocator<uint32_t>>>>>'    G:\AIHUMAN\WorkSpace\FirstEngine\include\FirstEngine\Renderer\ShaderCollection.h(87,58): warning C4251: 'FirstEngine::Renderer::ShaderCollection::m_MD5Hashes': 'std::unordered_map<FirstEngine::Renderer::ShaderStage,std::string,std::hash<FirstEngine::Renderer::ShaderStage>,std::equal_to<FirstEngine::Renderer::ShaderStage>,std::allocator<std::pair<const FirstEngine::Renderer::ShaderStage,std::string>>>' needs to have dll-interface to be used by clients of 'FirstEngine::Renderer::ShaderCollection' [G:\AIHUMAN\WorkSpace\FirstEngine\build\src\Renderer\FirstEngine_Renderer.vcxproj]   (compiling source file '../../../src/Renderer/ShaderModuleTools.cpp')       C:\Program Files\Microsoft Visual Studio\2022\Professional\VC\Tools\MSVC\14.44.35207\include\unordered_map(61,7):       see declaration of 'std::unordered_map<FirstEngine::Renderer::ShaderStage,std::string,std::hash<FirstEngine::Renderer::ShaderStage>,std::equal_to<FirstEngine::Renderer::ShaderStage>,std::allocator<std::pair<const FirstEngine::Renderer::ShaderStage,std::string>>>'    G:\AIHUMAN\WorkSpace\FirstEngine\include\FirstEngine\Renderer\ShaderCollection.h(90,55): warning C4251: 'FirstEngine::Renderer::ShaderCollection::m_ShaderReflection': 'std::unique_ptr<FirstEngine::Shader::ShaderReflection,std::default_delete<FirstEngine::Shader::ShaderReflection>>' needs to have dll-interface to be used by clients of 'FirstEngine::Renderer::ShaderCollection' [G:\AIHUMAN\WorkSpace\FirstEngine\build\src\Renderer\FirstEngine_Renderer.vcxproj]   (compiling source file '../../../src/Renderer/ShaderModuleTools.cpp')       C:\Program Files\Microsoft Visual Studio\2022\Professional\VC\Tools\MSVC\14.44.35207\include\memory(3347,7):       see declaration of 'std::unique_ptr<FirstEngine::Shader::ShaderReflection,std::default_delete<FirstEngine::Shader::ShaderReflection>>'    G:\AIHUMAN\WorkSpace\FirstEngine\include\FirstEngine\Renderer\ShaderModuleTools.h(91,93): warning C4251: 'FirstEngine::Renderer::ShaderModuleTools::m_ShaderCache': 'std::unordered_map<FirstEngine::Renderer::ShaderModuleTools::CacheKey,std::unique_ptr<FirstEngine::RHI::IShaderModule,std::default_delete<FirstEngine::RHI::IShaderModule>>,FirstEngine::Renderer::ShaderModuleTools::CacheKeyHash,std::equal_to<FirstEngine::Renderer::ShaderModuleTools::CacheKey>,std::allocator<std::pair<const FirstEngine::Renderer::ShaderModuleTools::CacheKey,std::unique_ptr<FirstEngine::RHI::IShaderModule,std::default_delete<FirstEngine::RHI::IShaderModule>>>>>' needs to have dll-interface to be used by clients of 'FirstEngine::Renderer::ShaderModuleTools' [G:\AIHUMAN\WorkSpace\FirstEngine\build\src\Renderer\FirstEngine_Renderer.vcxproj]   (compiling source file '../../../src/Renderer/ShaderModuleTools.cpp')       C:\Program Files\Microsoft Visual Studio\2022\Professional\VC\Tools\MSVC\14.44.35207\include\unordered_map(61,7):       see declaration of 'std::unordered_map<FirstEngine::Renderer::ShaderModuleTools::CacheKey,std::unique_ptr<FirstEngine::RHI::IShaderModule,std::default_delete<FirstEngine::RHI::IShaderModule>>,FirstEngine::Renderer::ShaderModuleTools::CacheKeyHash,std::equal_to<FirstEngine::Renderer::ShaderModuleTools::CacheKey>,std::allocator<std::pair<const FirstEngine::Renderer::ShaderModuleTools::CacheKey,std::unique_ptr<FirstEngine::RHI::IShaderModule,std::default_delete<FirstEngine::RHI::IShaderModule>>>>>'    G:\AIHUMAN\WorkSpace\FirstEngine\src\Renderer\ShaderModuleTools.cpp(48,25): error C2440: '=': cannot convert from 'FirstEngine::Renderer::ShaderStage' to 'uint32_t' [G:\AIHUMAN\WorkSpace\FirstEngine\build\src\Renderer\FirstEngine_Renderer.vcxproj]       G:\AIHUMAN\WorkSpace\FirstEngine\src\Renderer\ShaderModuleTools.cpp(48,25):       This conversion requires an explicit cast (static_cast, C-style cast or parenthesized function-style cast)    G:\AIHUMAN\WorkSpace\FirstEngine\src\Renderer\ShaderModuleTools.cpp(71,48): error C2511: 'FirstEngine::RHI::IShaderModule *FirstEngine::Renderer::ShaderModuleTools::GetShaderModule(uint64_t,const std::string &,uint32_t) const': overloaded member function not found in 'FirstEngine::Renderer::ShaderModuleTools' [G:\AIHUMAN\WorkSpace\FirstEngine\build\src\Renderer\FirstEngine_Renderer.vcxproj]       G:\AIHUMAN\WorkSpace\FirstEngine\include\FirstEngine\Renderer\ShaderModuleTools.h(24,31):       see declaration of 'FirstEngine::Renderer::ShaderModuleTools'    G:\AIHUMAN\WorkSpace\FirstEngine\src\Renderer\ShaderModuleTools.cpp(78,17): error C3536: 'it': cannot be used before it is initialized [G:\AIHUMAN\WorkSpace\FirstEngine\build\src\Renderer\FirstEngine_Renderer.vcxproj]   MaterialDescriptorManager.cpp G:\AIHUMAN\WorkSpace\FirstEngine\include\FirstEngine\Renderer\MaterialDescriptorManager.h(1,1): warning C4819: The file contains a character that cannot be represented in the current code page (936). Save the file in Unicode format to prevent data loss [G:\AIHUMAN\WorkSpace\FirstEngine\build\src\Renderer\FirstEngine_Renderer.vcxproj]   (compiling source file '../../../src/Renderer/MaterialDescriptorManager.cpp')    G:\AIHUMAN\WorkSpace\FirstEngine\include\FirstEngine\RHI\Types.h(111,27): warning C4091: '__declspec(dllexport)': ignored on left of 'FirstEngine::RHI::DeviceInfo' when no variable is declared [G:\AIHUMAN\WorkSpace\FirstEngine\build\src\Renderer\FirstEngine_Renderer.vcxproj]   (compiling source file '../../../src/Renderer/MaterialDescriptorManager.cpp')    G:\AIHUMAN\WorkSpace\FirstEngine\include\FirstEngine\RHI\Types.h(119,27): warning C4091: '__declspec(dllexport)': ignored on left of 'FirstEngine::RHI::AttachmentDescription' when no variable is declared [G:\AIHUMAN\WorkSpace\FirstEngine\build\src\Renderer\FirstEngine_Renderer.vcxproj]   (compiling source file '../../../src/Renderer/MaterialDescriptorManager.cpp')    G:\AIHUMAN\WorkSpace\FirstEngine\include\FirstEngine\RHI\Types.h(130,27): warning C4091: '__declspec(dllexport)': ignored on left of 'FirstEngine::RHI::RenderPassDescription' when no variable is declared [G:\AIHUMAN\WorkSpace\FirstEngine\build\src\Renderer\FirstEngine_Renderer.vcxproj]   (compiling source file '../../../src/Renderer/MaterialDescriptorManager.cpp')    G:\AIHUMAN\WorkSpace\FirstEngine\include\FirstEngine\RHI\Types.h(136,27): warning C4091: '__declspec(dllexport)': ignored on left of 'FirstEngine::RHI::ImageDescription' when no variable is declared [G:\AIHUMAN\WorkSpace\FirstEngine\build\src\Renderer\FirstEngine_Renderer.vcxproj]   (compiling source file '../../../src/Renderer/MaterialDescriptorManager.cpp')    G:\AIHUMAN\WorkSpace\FirstEngine\include\FirstEngine\RHI\Types.h(147,27): warning C4091: '__declspec(dllexport)': ignored on left of 'FirstEngine::RHI::SwapchainDescription' when no variable is declared [G:\AIHUMAN\WorkSpace\FirstEngine\build\src\Renderer\FirstEngine_Renderer.vcxproj]   (compiling source file '../../../src/Renderer/MaterialDescriptorManager.cpp')    G:\AIHUMAN\WorkSpace\FirstEngine\include\FirstEngine\RHI\Types.h(155,27): warning C4091: '__declspec(dllexport)': ignored on left of 'FirstEngine::RHI::VertexInputBinding' when no variable is declared [G:\AIHUMAN\WorkSpace\FirstEngine\build\src\Renderer\FirstEngine_Renderer.vcxproj]   (compiling source file '../../../src/Renderer/MaterialDescriptorManager.cpp')    G:\AIHUMAN\WorkSpace\FirstEngine\include\FirstEngine\RHI\Types.h(161,27): warning C4091: '__declspec(dllexport)': ignored on left of 'FirstEngine::RHI::VertexInputAttribute' when no variable is declared [G:\AIHUMAN\WorkSpace\FirstEngine\build\src\Renderer\FirstEngine_Renderer.vcxproj]   (compiling source file '../../../src/Renderer/MaterialDescriptorManager.cpp')    G:\AIHUMAN\WorkSpace\FirstEngine\include\FirstEngine\RHI\Types.h(168,27): warning C4091: '__declspec(dllexport)': ignored on left of 'FirstEngine::RHI::RasterizationState' when no variable is declared [G:\AIHUMAN\WorkSpace\FirstEngine\build\src\Renderer\FirstEngine_Renderer.vcxproj]   (compiling source file '../../../src/Renderer/MaterialDescriptorManager.cpp')    G:\AIHUMAN\WorkSpace\FirstEngine\include\FirstEngine\RHI\Types.h(180,27): warning C4091: '__declspec(dllexport)': ignored on left of 'FirstEngine::RHI::DepthStencilState' when no variable is declared [G:\AIHUMAN\WorkSpace\FirstEngine\build\src\Renderer\FirstEngine_Renderer.vcxproj]   (compiling source file '../../../src/Renderer/MaterialDescriptorManager.cpp')    G:\AIHUMAN\WorkSpace\FirstEngine\include\FirstEngine\RHI\Types.h(188,27): warning C4091: '__declspec(dllexport)': ignored on left of 'FirstEngine::RHI::ColorBlendAttachment' when no variable is declared [G:\AIHUMAN\WorkSpace\FirstEngine\build\src\Renderer\FirstEngine_Renderer.vcxproj]   (compiling source file '../../../src/Renderer/MaterialDescriptorManager.cpp')    G:\AIHUMAN\WorkSpace\FirstEngine\include\FirstEngine\RHI\Types.h(198,27): warning C4091: '__declspec(dllexport)': ignored on left of 'FirstEngine::RHI::GraphicsPipelineDescription' when no variable is declared [G:\AIHUMAN\WorkSpace\FirstEngine\build\src\Renderer\FirstEngine_Renderer.vcxproj]   (compiling source file '../../../src/Renderer/MaterialDescriptorManager.cpp')    G:\AIHUMAN\WorkSpace\FirstEngine\include\FirstEngine\RHI\Types.h(247,27): warning C4091: '__declspec(dllexport)': ignored on left of 'FirstEngine::RHI::ComputePipelineDescription' when no variable is declared [G:\AIHUMAN\WorkSpace\FirstEngine\build\src\Renderer\FirstEngine_Renderer.vcxproj]   (compiling source file '../../../src/Renderer/MaterialDescriptorManager.cpp')    G:\AIHUMAN\WorkSpace\FirstEngine\include\FirstEngine\RHI\Types.h(254,27): warning C4091: '__declspec(dllexport)': ignored on left of 'FirstEngine::RHI::DescriptorBinding' when no variable is declared [G:\AIHUMAN\WorkSpace\FirstEngine\build\src\Renderer\FirstEngine_Renderer.vcxproj]   (compiling source file '../../../src/Renderer/MaterialDescriptorManager.cpp')    G:\AIHUMAN\WorkSpace\FirstEngine\include\FirstEngine\RHI\Types.h(262,27): warning C4091: '__declspec(dllexport)': ignored on left of 'FirstEngine::RHI::DescriptorSetLayoutDescription' when no variable is declared [G:\AIHUMAN\WorkSpace\FirstEngine\build\src\Renderer\FirstEngine_Renderer.vcxproj]   (compiling source file '../../../src/Renderer/MaterialDescriptorManager.cpp')    G:\AIHUMAN\WorkSpace\FirstEngine\include\FirstEngine\RHI\Types.h(267,27): warning C4091: '__declspec(dllexport)': ignored on left of 'FirstEngine::RHI::DescriptorBufferInfo' when no variable is declared [G:\AIHUMAN\WorkSpace\FirstEngine\build\src\Renderer\FirstEngine_Renderer.vcxproj]   (compiling source file '../../../src/Renderer/MaterialDescriptorManager.cpp')    G:\AIHUMAN\WorkSpace\FirstEngine\include\FirstEngine\RHI\Types.h(273,27): warning C4091: '__declspec(dllexport)': ignored on left of 'FirstEngine::RHI::DescriptorImageInfo' when no variable is declared [G:\AIHUMAN\WorkSpace\FirstEngine\build\src\Renderer\FirstEngine_Renderer.vcxproj]   (compiling source file '../../../src/Renderer/MaterialDescriptorManager.cpp')    G:\AIHUMAN\WorkSpace\FirstEngine\include\FirstEngine\RHI\Types.h(279,27): warning C4091: '__declspec(dllexport)': ignored on left of 'FirstEngine::RHI::DescriptorWrite' when no variable is declared [G:\AIHUMAN\WorkSpace\FirstEngine\build\src\Renderer\FirstEngine_Renderer.vcxproj]   (compiling source file '../../../src/Renderer/MaterialDescriptorManager.cpp')    G:\AIHUMAN\WorkSpace\FirstEngine\include\FirstEngine\Renderer\MaterialDescriptorManager.h(78,74): warning C4251: 'FirstEngine::Renderer::MaterialDescriptorManager::m_DescriptorSetLayouts': 'std::unordered_map<uint32_t,FirstEngine::RHI::DescriptorSetLayoutHandle,std::hash<uint32_t>,std::equal_to<uint32_t>,std::allocator<std::pair<const uint32_t,FirstEngine::RHI::DescriptorSetLayoutHandle>>>' needs to have dll-interface to be used by clients of 'FirstEngine::Renderer::MaterialDescriptorManager' [G:\AIHUMAN\WorkSpace\FirstEngine\build\src\Renderer\FirstEngine_Renderer.vcxproj]   (compiling source file '../../../src/Renderer/MaterialDescriptorManager.cpp')       C:\Program Files\Microsoft Visual Studio\2022\Professional\VC\Tools\MSVC\14.44.35207\include\unordered_map(61,7):       see declaration of 'std::unordered_map<uint32_t,FirstEngine::RHI::DescriptorSetLayoutHandle,std::hash<uint32_t>,std::equal_to<uint32_t>,std::allocator<std::pair<const uint32_t,FirstEngine::RHI::DescriptorSetLayoutHandle>>>'    G:\AIHUMAN\WorkSpace\FirstEngine\include\FirstEngine\Renderer\MaterialDescriptorManager.h(84,68): warning C4251: 'FirstEngine::Renderer::MaterialDescriptorManager::m_DescriptorSets': 'std::unordered_map<uint32_t,FirstEngine::RHI::DescriptorSetLayoutHandle,std::hash<uint32_t>,std::equal_to<uint32_t>,std::allocator<std::pair<const uint32_t,FirstEngine::RHI::DescriptorSetLayoutHandle>>>' needs to have dll-interface to be used by clients of 'FirstEngine::Renderer::MaterialDescriptorManager' [G:\AIHUMAN\WorkSpace\FirstEngine\build\src\Renderer\FirstEngine_Renderer.vcxproj]   (compiling source file '../../../src/Renderer/MaterialDescriptorManager.cpp')       C:\Program Files\Microsoft Visual Studio\2022\Professional\VC\Tools\MSVC\14.44.35207\include\unordered_map(61,7):       see declaration of 'std::unordered_map<uint32_t,FirstEngine::RHI::DescriptorSetLayoutHandle,std::hash<uint32_t>,std::equal_to<uint32_t>,std::allocator<std::pair<const uint32_t,FirstEngine::RHI::DescriptorSetLayoutHandle>>>'    G:\AIHUMAN\WorkSpace\FirstEngine\include\FirstEngine\Renderer\PipelineState.h(24,52): warning C4251: 'FirstEngine::Renderer::PipelineState::colorBlendAttachments': 'std::vector<FirstEngine::RHI::ColorBlendAttachment,std::allocator<FirstEngine::RHI::ColorBlendAttachment>>' needs to have dll-interface to be used by clients of 'FirstEngine::Renderer::PipelineState' [G:\AIHUMAN\WorkSpace\FirstEngine\build\src\Renderer\FirstEngine_Renderer.vcxproj]   (compiling source file '../../../src/Renderer/MaterialDescriptorManager.cpp')       C:\Program Files\Microsoft Visual Studio\2022\Professional\VC\Tools\MSVC\14.44.35207\include\vector(442,7):       see declaration of 'std::vector<FirstEngine::RHI::ColorBlendAttachment,std::allocator<FirstEngine::RHI::ColorBlendAttachment>>'    G:\AIHUMAN\WorkSpace\FirstEngine\include\FirstEngine\Renderer\ShadingState.h(29,46): warning C4251: 'FirstEngine::Renderer::ShadingState::shaderModules': 'std::vector<FirstEngine::RHI::IShaderModule *,std::allocator<FirstEngine::RHI::IShaderModule *>>' needs to have dll-interface to be used by clients of 'FirstEngine::Renderer::ShadingState' [G:\AIHUMAN\WorkSpace\FirstEngine\build\src\Renderer\FirstEngine_Renderer.vcxproj]   (compiling source file '../../../src/Renderer/MaterialDescriptorManager.cpp')       C:\Program Files\Microsoft Visual Studio\2022\Professional\VC\Tools\MSVC\14.44.35207\include\vector(442,7):       see declaration of 'std::vector<FirstEngine::RHI::IShaderModule *,std::allocator<FirstEngine::RHI::IShaderModule *>>'    G:\AIHUMAN\WorkSpace\FirstEngine\include\FirstEngine\Renderer\ShadingState.h(56,45): warning C4251: 'FirstEngine::Renderer::ShadingState::m_Pipeline': 'std::unique_ptr<FirstEngine::RHI::IPipeline,std::default_delete<FirstEngine::RHI::IPipeline>>' needs to have dll-interface to be used by clients of 'FirstEngine::Renderer::ShadingState' [G:\AIHUMAN\WorkSpace\FirstEngine\build\src\Renderer\FirstEngine_Renderer.vcxproj]   (compiling source file '../../../src/Renderer/MaterialDescriptorManager.cpp')       C:\Program Files\Microsoft Visual Studio\2022\Professional\VC\Tools\MSVC\14.44.35207\include\memory(3347,7):       see declaration of 'std::unique_ptr<FirstEngine::RHI::IPipeline,std::default_delete<FirstEngine::RHI::IPipeline>>'    G:\AIHUMAN\WorkSpace\FirstEngine\include\FirstEngine\Renderer\IRenderResource.h(67,48): warning C4251: 'FirstEngine::Renderer::IRenderResource::m_State': 'std::atomic<FirstEngine::Renderer::ResourceState>' needs to have dll-interface to be used by clients of 'FirstEngine::Renderer::IRenderResource' [G:\AIHUMAN\WorkSpace\FirstEngine\build\src\Renderer\FirstEngine_Renderer.vcxproj]   (compiling source file '../../../src/Renderer/MaterialDescriptorManager.cpp')       C:\Program Files\Microsoft Visual Studio\2022\Professional\VC\Tools\MSVC\14.44.35207\include\atomic(2131,8):       see declaration of 'std::atomic<FirstEngine::Renderer::ResourceState>'    G:\AIHUMAN\WorkSpace\FirstEngine\external\vulkan\Include\glm\detail\type_quat.hpp(48,13): warning C4201: nonstandard extension used: nameless struct/union [G:\AIHUMAN\WorkSpace\FirstEngine\build\src\Renderer\FirstEngine_Renderer.vcxproj]   (compiling source file '../../../src/Renderer/MaterialDescriptorManager.cpp')       G:\AIHUMAN\WorkSpace\FirstEngine\external\vulkan\Include\glm\detail\type_quat.hpp(48,13):       the template instantiation context (the oldest one first) is           G:\AIHUMAN\WorkSpace\FirstEngine\external\vulkan\Include\glm\detail\type_quat.hpp(19,9):           while compiling class template 'glm::qua'    G:\AIHUMAN\WorkSpace\FirstEngine\include\FirstEngine\Shader\ShaderCompiler.h(19,30): warning C4091: '__declspec(dllexport)': ignored on left of 'FirstEngine::Shader::ShaderResource' when no variable is declared [G:\AIHUMAN\WorkSpace\FirstEngine\build\src\Renderer\FirstEngine_Renderer.vcxproj]   (compiling source file '../../../src/Renderer/MaterialDescriptorManager.cpp')    G:\AIHUMAN\WorkSpace\FirstEngine\include\FirstEngine\Shader\ShaderCompiler.h(43,30): warning C4091: '__declspec(dllexport)': ignored on left of 'FirstEngine::Shader::UniformBuffer' when no variable is declared [G:\AIHUMAN\WorkSpace\FirstEngine\build\src\Renderer\FirstEngine_Renderer.vcxproj]   (compiling source file '../../../src/Renderer/MaterialDescriptorManager.cpp')    G:\AIHUMAN\WorkSpace\FirstEngine\include\FirstEngine\Shader\ShaderCompiler.h(53,30): warning C4091: '__declspec(dllexport)': ignored on left of 'FirstEngine::Shader::ShaderReflection' when no variable is declared [G:\AIHUMAN\WorkSpace\FirstEngine\build\src\Renderer\FirstEngine_Renderer.vcxproj]   (compiling source file '../../../src/Renderer/MaterialDescriptorManager.cpp')    G:\AIHUMAN\WorkSpace\FirstEngine\include\FirstEngine\Shader\ShaderCompiler.h(100,35): warning C4251: 'FirstEngine::Shader::ShaderCompiler::m_Impl': 'std::unique_ptr<FirstEngine::Shader::ShaderCompiler::Impl,std::default_delete<FirstEngine::Shader::ShaderCompiler::Impl>>' needs to have dll-interface to be used by clients of 'FirstEngine::Shader::ShaderCompiler' [G:\AIHUMAN\WorkSpace\FirstEngine\build\src\Renderer\FirstEngine_Renderer.vcxproj]   (compiling source file '../../../src/Renderer/MaterialDescriptorManager.cpp')       C:\Program Files\Microsoft Visual Studio\2022\Professional\VC\Tools\MSVC\14.44.35207\include\memory(3347,7):       see declaration of 'std::unique_ptr<FirstEngine::Shader::ShaderCompiler::Impl,std::default_delete<FirstEngine::Shader::ShaderCompiler::Impl>>'    G:\AIHUMAN\WorkSpace\FirstEngine\include\FirstEngine\Shader\ShaderCompiler.h(101,35): warning C4251: 'FirstEngine::Shader::ShaderCompiler::m_SPIRV': 'std::vector<uint32_t,std::allocator<uint32_t>>' needs to have dll-interface to be used by clients of 'FirstEngine::Shader::ShaderCompiler' [G:\AIHUMAN\WorkSpace\FirstEngine\build\src\Renderer\FirstEngine_Renderer.vcxproj]   (compiling source file '../../../src/Renderer/MaterialDescriptorManager.cpp')       C:\Program Files\Microsoft Visual Studio\2022\Professional\VC\Tools\MSVC\14.44.35207\include\vector(442,7):       see declaration of 'std::vector<uint32_t,std::allocator<uint32_t>>'    G:\AIHUMAN\WorkSpace\FirstEngine\include\FirstEngine\Renderer\ShadingMaterial.h(297,38): warning C4251: 'FirstEngine::Renderer::ShadingMaterial::m_VertexInputs': 'std::vector<FirstEngine::Renderer::ShadingMaterial::VertexInput,std::allocator<FirstEngine::Renderer::ShadingMaterial::VertexInput>>' needs to have dll-interface to be used by clients of 'FirstEngine::Renderer::ShadingMaterial' [G:\AIHUMAN\WorkSpace\FirstEngine\build\src\Renderer\FirstEngine_Renderer.vcxproj]   (compiling source file '../../../src/Renderer/MaterialDescriptorManager.cpp')       C:\Program Files\Microsoft Visual Studio\2022\Professional\VC\Tools\MSVC\14.44.35207\include\vector(442,7):       see declaration of 'std::vector<FirstEngine::Renderer::ShadingMaterial::VertexInput,std::allocator<FirstEngine::Renderer::ShadingMaterial::VertexInput>>'    G:\AIHUMAN\WorkSpace\FirstEngine\include\FirstEngine\Renderer\ShadingMaterial.h(300,34): warning C4251: 'FirstEngine::Renderer::ShadingMaterial::m_PushConstantData': 'std::vector<uint8_t,std::allocator<uint8_t>>' needs to have dll-interface to be used by clients of 'FirstEngine::Renderer::ShadingMaterial' [G:\AIHUMAN\WorkSpace\FirstEngine\build\src\Renderer\FirstEngine_Renderer.vcxproj]   (compiling source file '../../../src/Renderer/MaterialDescriptorManager.cpp')       C:\Program Files\Microsoft Visual Studio\2022\Professional\VC\Tools\MSVC\14.44.35207\include\vector(442,7):       see declaration of 'std::vector<uint8_t,std::allocator<uint8_t>>'    G:\AIHUMAN\WorkSpace\FirstEngine\include\FirstEngine\Renderer\ShadingMaterial.h(304,47): warning C4251: 'FirstEngine::Renderer::ShadingMaterial::m_UniformBuffers': 'std::vector<FirstEngine::Renderer::ShadingMaterial::UniformBufferBinding,std::allocator<FirstEngine::Renderer::ShadingMaterial::UniformBufferBinding>>' needs to have dll-interface to be used by clients of 'FirstEngine::Renderer::ShadingMaterial' [G:\AIHUMAN\WorkSpace\FirstEngine\build\src\Renderer\FirstEngine_Renderer.vcxproj]   (compiling source file '../../../src/Renderer/MaterialDescriptorManager.cpp')       C:\Program Files\Microsoft Visual Studio\2022\Professional\VC\Tools\MSVC\14.44.35207\include\vector(442,7):       see declaration of 'std::vector<FirstEngine::Renderer::ShadingMaterial::UniformBufferBinding,std::allocator<FirstEngine::Renderer::ShadingMaterial::UniformBufferBinding>>'    G:\AIHUMAN\WorkSpace\FirstEngine\include\FirstEngine\Renderer\ShadingMaterial.h(308,41): warning C4251: 'FirstEngine::Renderer::ShadingMaterial::m_TextureBindings': 'std::vector<FirstEngine::Renderer::ShadingMaterial::TextureBinding,std::allocator<FirstEngine::Renderer::ShadingMaterial::TextureBinding>>' needs to have dll-interface to be used by clients of 'FirstEngine::Renderer::ShadingMaterial' [G:\AIHUMAN\WorkSpace\FirstEngine\build\src\Renderer\FirstEngine_Renderer.vcxproj]   (compiling source file '../../../src/Renderer/MaterialDescriptorManager.cpp')       C:\Program Files\Microsoft Visual Studio\2022\Professional\VC\Tools\MSVC\14.44.35207\include\vector(442,7):       see declaration of 'std::vector<FirstEngine::Renderer::ShadingMaterial::TextureBinding,std::allocator<FirstEngine::Renderer::ShadingMaterial::TextureBinding>>'    G:\AIHUMAN\WorkSpace\FirstEngine\include\FirstEngine\Renderer\ShadingMaterial.h(311,56): warning C4251: 'FirstEngine::Renderer::ShadingMaterial::m_DescriptorManager': 'std::unique_ptr<FirstEngine::Renderer::MaterialDescriptorManager,std::default_delete<FirstEngine::Renderer::MaterialDescriptorManager>>' needs to have dll-interface to be used by clients of 'FirstEngine::Renderer::ShadingMaterial' [G:\AIHUMAN\WorkSpace\FirstEngine\build\src\Renderer\FirstEngine_Renderer.vcxproj]   (compiling source file '../../../src/Renderer/MaterialDescriptorManager.cpp')       C:\Program Files\Microsoft Visual Studio\2022\Professional\VC\Tools\MSVC\14.44.35207\include\memory(3347,7):       see declaration of 'std::unique_ptr<FirstEngine::Renderer::MaterialDescriptorManager,std::default_delete<FirstEngine::Renderer::MaterialDescriptorManager>>'    G:\AIHUMAN\WorkSpace\FirstEngine\include\FirstEngine\Renderer\ShadingMaterial.h(314,62): warning C4251: 'FirstEngine::Renderer::ShadingMaterial::m_OwnedShaderModules': 'std::vector<std::unique_ptr<FirstEngine::RHI::IShaderModule,std::default_delete<FirstEngine::RHI::IShaderModule>>,std::allocator<std::unique_ptr<FirstEngine::RHI::IShaderModule,std::default_delete<FirstEngine::RHI::IShaderModule>>>>' needs to have dll-interface to be used by clients of 'FirstEngine::Renderer::ShadingMaterial' [G:\AIHUMAN\WorkSpace\FirstEngine\build\src\Renderer\FirstEngine_Renderer.vcxproj]   (compiling source file '../../../src/Renderer/MaterialDescriptorManager.cpp')       C:\Program Files\Microsoft Visual Studio\2022\Professional\VC\Tools\MSVC\14.44.35207\include\vector(442,7):       see declaration of 'std::vector<std::unique_ptr<FirstEngine::RHI::IShaderModule,std::default_delete<FirstEngine::RHI::IShaderModule>>,std::allocator<std::unique_ptr<FirstEngine::RHI::IShaderModule,std::default_delete<FirstEngine::RHI::IShaderModule>>>>'    G:\AIHUMAN\WorkSpace\FirstEngine\include\FirstEngine\Renderer\ShadingMaterial.h(318,30): warning C4251: 'FirstEngine::Renderer::ShadingMaterial::m_RenderParameters': 'std::unordered_map<std::string,FirstEngine::Renderer::ShadingMaterial::RenderParameterValue,std::hash<std::string>,std::equal_to<std::string>,std::allocator<std::pair<const std::string,FirstEngine::Renderer::ShadingMaterial::RenderParameterValue>>>' needs to have dll-interface to be used by clients of 'FirstEngine::Renderer::ShadingMaterial' [G:\AIHUMAN\WorkSpace\FirstEngine\build\src\Renderer\FirstEngine_Renderer.vcxproj]   (compiling source file '../../../src/Renderer/MaterialDescriptorManager.cpp')       C:\Program Files\Microsoft Visual Studio\2022\Professional\VC\Tools\MSVC\14.44.35207\include\unordered_map(61,7):       see declaration of 'std::unordered_map<std::string,FirstEngine::Renderer::ShadingMaterial::RenderParameterValue,std::hash<std::string>,std::equal_to<std::string>,std::allocator<std::pair<const std::string,FirstEngine::Renderer::ShadingMaterial::RenderParameterValue>>>'    G:\AIHUMAN\WorkSpace\FirstEngine\src\Renderer\MaterialDescriptorManager.cpp(17,17): error C2065: 'm_Initialized': undeclared identifier [G:\AIHUMAN\WorkSpace\FirstEngine\build\src\Renderer\FirstEngine_Renderer.vcxproj] G:\AIHUMAN\WorkSpace\FirstEngine\src\Renderer\MaterialDescriptorManager.cpp(18,17): error C3861: 'Cleanup': identifier not found [G:\AIHUMAN\WorkSpace\FirstEngine\build\src\Renderer\FirstEngine_Renderer.vcxproj] G:\AIHUMAN\WorkSpace\FirstEngine\src\Renderer\MaterialDescriptorManager.cpp(27,17): error C2065: 'm_Initialized': undeclared identifier [G:\AIHUMAN\WorkSpace\FirstEngine\build\src\Renderer\FirstEngine_Renderer.vcxproj] G:\AIHUMAN\WorkSpace\FirstEngine\src\Renderer\MaterialDescriptorManager.cpp(29,17): error C3861: 'Cleanup': identifier not found [G:\AIHUMAN\WorkSpace\FirstEngine\build\src\Renderer\FirstEngine_Renderer.vcxproj] G:\AIHUMAN\WorkSpace\FirstEngine\src\Renderer\MaterialDescriptorManager.cpp(41,17): error C3861: 'Cleanup': identifier not found [G:\AIHUMAN\WorkSpace\FirstEngine\build\src\Renderer\FirstEngine_Renderer.vcxproj] G:\AIHUMAN\WorkSpace\FirstEngine\src\Renderer\MaterialDescriptorManager.cpp(47,17): error C3861: 'Cleanup': identifier not found [G:\AIHUMAN\WorkSpace\FirstEngine\build\src\Renderer\FirstEngine_Renderer.vcxproj] G:\AIHUMAN\WorkSpace\FirstEngine\src\Renderer\MaterialDescriptorManager.cpp(52,13): error C3861: 'WriteDescriptorSets': identifier not found [G:\AIHUMAN\WorkSpace\FirstEngine\build\src\Renderer\FirstEngine_Renderer.vcxproj] G:\AIHUMAN\WorkSpace\FirstEngine\src\Renderer\MaterialDescriptorManager.cpp(54,13): error C2065: 'm_Initialized': undeclared identifier [G:\AIHUMAN\WorkSpace\FirstEngine\build\src\Renderer\FirstEngine_Renderer.vcxproj] G:\AIHUMAN\WorkSpace\FirstEngine\src\Renderer\MaterialDescriptorManager.cpp(58,41): error C2039: 'Cleanup': is not a member of 'FirstEngine::Renderer::MaterialDescriptorManager' [G:\AIHUMAN\WorkSpace\FirstEngine\build\src\Renderer\FirstEngine_Renderer.vcxproj]       G:\AIHUMAN\WorkSpace\FirstEngine\include\FirstEngine\Renderer\MaterialDescriptorManager.h(28,31):       see declaration of 'FirstEngine::Renderer::MaterialDescriptorManager'    G:\AIHUMAN\WorkSpace\FirstEngine\src\Renderer\MaterialDescriptorManager.cpp(64,17): error C2065: 'm_DescriptorPool': undeclared identifier [G:\AIHUMAN\WorkSpace\FirstEngine\build\src\Renderer\FirstEngine_Renderer.vcxproj] G:\AIHUMAN\WorkSpace\FirstEngine\src\Renderer\MaterialDescriptorManager.cpp(64,38): error C2065: 'm_DescriptorSets': undeclared identifier [G:\AIHUMAN\WorkSpace\FirstEngine\build\src\Renderer\FirstEngine_Renderer.vcxproj] G:\AIHUMAN\WorkSpace\FirstEngine\src\Renderer\MaterialDescriptorManager.cpp(66,45): error C2065: 'm_DescriptorSets': undeclared identifier [G:\AIHUMAN\WorkSpace\FirstEngine\build\src\Renderer\FirstEngine_Renderer.vcxproj] G:\AIHUMAN\WorkSpace\FirstEngine\src\Renderer\MaterialDescriptorManager.cpp(66,43): error C2059: syntax error: ':' [G:\AIHUMAN\WorkSpace\FirstEngine\build\src\Renderer\FirstEngine_Renderer.vcxproj] G:\AIHUMAN\WorkSpace\FirstEngine\src\Renderer\MaterialDescriptorManager.cpp(66,63): error C2143: syntax error: missing ';' before '{' [G:\AIHUMAN\WorkSpace\FirstEngine\build\src\Renderer\FirstEngine_Renderer.vcxproj] G:\AIHUMAN\WorkSpace\FirstEngine\src\Renderer\MaterialDescriptorManager.cpp(67,36): error C2065: 'set': undeclared identifier [G:\AIHUMAN\WorkSpace\FirstEngine\build\src\Renderer\FirstEngine_Renderer.vcxproj] G:\AIHUMAN\WorkSpace\FirstEngine\src\Renderer\MaterialDescriptorManager.cpp(69,44): error C2065: 'm_DescriptorPool': undeclared identifier [G:\AIHUMAN\WorkSpace\FirstEngine\build\src\Renderer\FirstEngine_Renderer.vcxproj] G:\AIHUMAN\WorkSpace\FirstEngine\src\Renderer\MaterialDescriptorManager.cpp(73,17): error C2065: 'm_DescriptorPool': undeclared identifier [G:\AIHUMAN\WorkSpace\FirstEngine\build\src\Renderer\FirstEngine_Renderer.vcxproj] G:\AIHUMAN\WorkSpace\FirstEngine\src\Renderer\MaterialDescriptorManager.cpp(74,47): error C2065: 'm_DescriptorPool': undeclared identifier [G:\AIHUMAN\WorkSpace\FirstEngine\build\src\Renderer\FirstEngine_Renderer.vcxproj] G:\AIHUMAN\WorkSpace\FirstEngine\src\Renderer\MaterialDescriptorManager.cpp(75,17): error C2065: 'm_DescriptorPool': undeclared identifier [G:\AIHUMAN\WorkSpace\FirstEngine\build\src\Renderer\FirstEngine_Renderer.vcxproj] G:\AIHUMAN\WorkSpace\FirstEngine\src\Renderer\MaterialDescriptorManager.cpp(79,44): error C2065: 'm_DescriptorSetLayouts': undeclared identifier [G:\AIHUMAN\WorkSpace\FirstEngine\build\src\Renderer\FirstEngine_Renderer.vcxproj] G:\AIHUMAN\WorkSpace\FirstEngine\src\Renderer\MaterialDescriptorManager.cpp(79,42): error C2059: syntax error: ':' [G:\AIHUMAN\WorkSpace\FirstEngine\build\src\Renderer\FirstEngine_Renderer.vcxproj] G:\AIHUMAN\WorkSpace\FirstEngine\src\Renderer\MaterialDescriptorManager.cpp(79,68): error C2143: syntax error: missing ';' before '{' [G:\AIHUMAN\WorkSpace\FirstEngine\build\src\Renderer\FirstEngine_Renderer.vcxproj] G:\AIHUMAN\WorkSpace\FirstEngine\src\Renderer\MaterialDescriptorManager.cpp(80,52): error C2065: 'layout': undeclared identifier [G:\AIHUMAN\WorkSpace\FirstEngine\build\src\Renderer\FirstEngine_Renderer.vcxproj] G:\AIHUMAN\WorkSpace\FirstEngine\src\Renderer\MaterialDescriptorManager.cpp(82,13): error C2065: 'm_DescriptorSetLayouts': undeclared identifier [G:\AIHUMAN\WorkSpace\FirstEngine\build\src\Renderer\FirstEngine_Renderer.vcxproj] G:\AIHUMAN\WorkSpace\FirstEngine\src\Renderer\MaterialDescriptorManager.cpp(84,13): error C2065: 'm_DescriptorSets': undeclared identifier [G:\AIHUMAN\WorkSpace\FirstEngine\build\src\Renderer\FirstEngine_Renderer.vcxproj] G:\AIHUMAN\WorkSpace\FirstEngine\src\Renderer\MaterialDescriptorManager.cpp(85,13): error C2065: 'm_Initialized': undeclared identifier [G:\AIHUMAN\WorkSpace\FirstEngine\build\src\Renderer\FirstEngine_Renderer.vcxproj] G:\AIHUMAN\WorkSpace\FirstEngine\src\Renderer\MaterialDescriptorManager.cpp(86,13): error C2065: 'm_Device': undeclared identifier [G:\AIHUMAN\WorkSpace\FirstEngine\build\src\Renderer\FirstEngine_Renderer.vcxproj] G:\AIHUMAN\WorkSpace\FirstEngine\src\Renderer\MaterialDescriptorManager.cpp(90,42): error C2065: 'm_Initialized': undeclared identifier [G:\AIHUMAN\WorkSpace\FirstEngine\build\src\Renderer\FirstEngine_Renderer.vcxproj] G:\AIHUMAN\WorkSpace\FirstEngine\src\Renderer\MaterialDescriptorManager.cpp(94,13): error C3861: 'WriteDescriptorSets': identifier not found [G:\AIHUMAN\WorkSpace\FirstEngine\build\src\Renderer\FirstEngine_Renderer.vcxproj] G:\AIHUMAN\WorkSpace\FirstEngine\src\Renderer\MaterialDescriptorManager.cpp(108,80): error C2039: 'GetAllDescriptorSetLayouts': is not a member of 'FirstEngine::Renderer::MaterialDescriptorManager' [G:\AIHUMAN\WorkSpace\FirstEngine\build\src\Renderer\FirstEngine_Renderer.vcxproj]       G:\AIHUMAN\WorkSpace\FirstEngine\include\FirstEngine\Renderer\MaterialDescriptorManager.h(28,31):       see declaration of 'FirstEngine::Renderer::MaterialDescriptorManager'    G:\AIHUMAN\WorkSpace\FirstEngine\src\Renderer\MaterialDescriptorManager.cpp(108,80): error C2270: 'GetAllDescriptorSetLayouts': modifiers not allowed on nonmember functions [G:\AIHUMAN\WorkSpace\FirstEngine\build\src\Renderer\FirstEngine_Renderer.vcxproj] G:\AIHUMAN\WorkSpace\FirstEngine\src\Renderer\MaterialDescriptorManager.cpp(110,29): error C2065: 'm_DescriptorSetLayouts': undeclared identifier [G:\AIHUMAN\WorkSpace\FirstEngine\build\src\Renderer\FirstEngine_Renderer.vcxproj] G:\AIHUMAN\WorkSpace\FirstEngine\src\Renderer\MaterialDescriptorManager.cpp(114,46): error C2065: 'm_DescriptorSetLayouts': undeclared identifier [G:\AIHUMAN\WorkSpace\FirstEngine\build\src\Renderer\FirstEngine_Renderer.vcxproj] G:\AIHUMAN\WorkSpace\FirstEngine\src\Renderer\MaterialDescriptorManager.cpp(114,44): error C2059: syntax error: ':' [G:\AIHUMAN\WorkSpace\FirstEngine\build\src\Renderer\FirstEngine_Renderer.vcxproj] G:\AIHUMAN\WorkSpace\FirstEngine\src\Renderer\MaterialDescriptorManager.cpp(114,70): error C2143: syntax error: missing ';' before '{' [G:\AIHUMAN\WorkSpace\FirstEngine\build\src\Renderer\FirstEngine_Renderer.vcxproj] G:\AIHUMAN\WorkSpace\FirstEngine\src\Renderer\MaterialDescriptorManager.cpp(115,38): error C2065: 'setIndex': undeclared identifier [G:\AIHUMAN\WorkSpace\FirstEngine\build\src\Renderer\FirstEngine_Renderer.vcxproj] G:\AIHUMAN\WorkSpace\FirstEngine\src\Renderer\MaterialDescriptorManager.cpp(120,35): error C2065: 'm_DescriptorSetLayouts': undeclared identifier [G:\AIHUMAN\WorkSpace\FirstEngine\build\src\Renderer\FirstEngine_Renderer.vcxproj] G:\AIHUMAN\WorkSpace\FirstEngine\src\Renderer\MaterialDescriptorManager.cpp(250,41): error C2039: 'WriteDescriptorSets': is not a member of 'FirstEngine::Renderer::MaterialDescriptorManager' [G:\AIHUMAN\WorkSpace\FirstEngine\build\src\Renderer\FirstEngine_Renderer.vcxproj]       G:\AIHUMAN\WorkSpace\FirstEngine\include\FirstEngine\Renderer\MaterialDescriptorManager.h(28,31):       see declaration of 'FirstEngine::Renderer::MaterialDescriptorManager'    G:\AIHUMAN\WorkSpace\FirstEngine\src\Renderer\MaterialDescriptorManager.cpp(264,48): error C3861: 'GetDescriptorSet': identifier not found [G:\AIHUMAN\WorkSpace\FirstEngine\build\src\Renderer\FirstEngine_Renderer.vcxproj] G:\AIHUMAN\WorkSpace\FirstEngine\src\Renderer\MaterialDescriptorManager.cpp(291,48): error C3861: 'GetDescriptorSet': identifier not found [G:\AIHUMAN\WorkSpace\FirstEngine\build\src\Renderer\FirstEngine_Renderer.vcxproj]   Generating Code...   HLSL.vcxproj -> G:\AIHUMAN\WorkSpace\FirstEngine\build\lib\Release\HLSL.lib   PythonDemo.vcxproj -> G:\AIHUMAN\WorkSpace\FirstEngine\build\bin\Release\PythonDemo.exe   SPVRemapper.vcxproj -> G:\AIHUMAN\WorkSpace\FirstEngine\build\lib\Release\SPVRemapper.lib   glslang-default-resource-limits.vcxproj -> G:\AIHUMAN\WorkSpace\FirstEngine\build\lib\Release\glslang-default-resource-limits.lib   spirv-cross-cpp.vcxproj -> G:\AIHUMAN\WorkSpace\FirstEngine\build\lib\Release\spirv-cross-cpp.lib   main.cpp   spirv-cross.vcxproj -> G:\AIHUMAN\WorkSpace\FirstEngine\build\bin\Release\spirv-cross.exe   spirv_cross_c.cpp   spirv-cross-c.vcxproj -> G:\AIHUMAN\WorkSpace\FirstEngine\build\lib\Release\spirv-cross-c.lib
